14:02:48 **** Build of project axi_gpio_bsp ****
make -k all 
"Running Make include in ps7_cortexa9_0/libsrc/coresightps_dcc_v1_4/src"
make -C ps7_cortexa9_0/libsrc/coresightps_dcc_v1_4/src -s include  "SHELL=CMD" "COMPILER=arm-none-eabi-gcc" "ARCHIVER=arm-none-eabi-ar" "COMPILER_FLAGS=  -O2 -c" "EXTRA_COMPILER_FLAGS=-mcpu=cortex-a9 -mfpu=vfpv3 -mfloat-abi=hard -nostartfiles -g -Wall -Wextra"
"Running Make include in ps7_cortexa9_0/libsrc/cpu_cortexa9_v2_7/src"
make -C ps7_cortexa9_0/libsrc/cpu_cortexa9_v2_7/src -s include  "SHELL=CMD" "COMPILER=arm-none-eabi-gcc" "ARCHIVER=arm-none-eabi-ar" "COMPILER_FLAGS=  -O2 -c" "EXTRA_COMPILER_FLAGS=-mcpu=cortex-a9 -mfpu=vfpv3 -mfloat-abi=hard -nostartfiles -g -Wall -Wextra"
"Running Make include in ps7_cortexa9_0/libsrc/ddrps_v1_0/src"
make -C ps7_cortexa9_0/libsrc/ddrps_v1_0/src -s include  "SHELL=CMD" "COMPILER=arm-none-eabi-gcc" "ARCHIVER=arm-none-eabi-ar" "COMPILER_FLAGS=  -O2 -c" "EXTRA_COMPILER_FLAGS=-mcpu=cortex-a9 -mfpu=vfpv3 -mfloat-abi=hard -nostartfiles -g -Wall -Wextra"
"Running Make include in ps7_cortexa9_0/libsrc/devcfg_v3_5/src"
make -C ps7_cortexa9_0/libsrc/devcfg_v3_5/src -s include  "SHELL=CMD" "COMPILER=arm-none-eabi-gcc" "ARCHIVER=arm-none-eabi-ar" "COMPILER_FLAGS=  -O2 -c" "EXTRA_COMPILER_FLAGS=-mcpu=cortex-a9 -mfpu=vfpv3 -mfloat-abi=hard -nostartfiles -g -Wall -Wextra"
"Running Make include in ps7_cortexa9_0/libsrc/dmaps_v2_4/src"
make -C ps7_cortexa9_0/libsrc/dmaps_v2_4/src -s include  "SHELL=CMD" "COMPILER=arm-none-eabi-gcc" "ARCHIVER=arm-none-eabi-ar" "COMPILER_FLAGS=  -O2 -c" "EXTRA_COMPILER_FLAGS=-mcpu=cortex-a9 -mfpu=vfpv3 -mfloat-abi=hard -nostartfiles -g -Wall -Wextra"
"Running Make include in ps7_cortexa9_0/libsrc/gpiops_v3_4/src"
make -C ps7_cortexa9_0/libsrc/gpiops_v3_4/src -s include  "SHELL=CMD" "COMPILER=arm-none-eabi-gcc" "ARCHIVER=arm-none-eabi-ar" "COMPILER_FLAGS=  -O2 -c" "EXTRA_COMPILER_FLAGS=-mcpu=cortex-a9 -mfpu=vfpv3 -mfloat-abi=hard -nostartfiles -g -Wall -Wextra"
"Running Make include in ps7_cortexa9_0/libsrc/gpio_v4_3/src"
make -C ps7_cortexa9_0/libsrc/gpio_v4_3/src -s include  "SHELL=CMD" "COMPILER=arm-none-eabi-gcc" "ARCHIVER=arm-none-eabi-ar" "COMPILER_FLAGS=  -O2 -c" "EXTRA_COMPILER_FLAGS=-mcpu=cortex-a9 -mfpu=vfpv3 -mfloat-abi=hard -nostartfiles -g -Wall -Wextra"
"Running Make include in ps7_cortexa9_0/libsrc/scugic_v3_10/src"
make -C ps7_cortexa9_0/libsrc/scugic_v3_10/src -s include  "SHELL=CMD" "COMPILER=arm-none-eabi-gcc" "ARCHIVER=arm-none-eabi-ar" "COMPILER_FLAGS=  -O2 -c" "EXTRA_COMPILER_FLAGS=-mcpu=cortex-a9 -mfpu=vfpv3 -mfloat-abi=hard -nostartfiles -g -Wall -Wextra"
"Running Make include in ps7_cortexa9_0/libsrc/scutimer_v2_1/src"
make -C ps7_cortexa9_0/libsrc/scutimer_v2_1/src -s include  "SHELL=CMD" "COMPILER=arm-none-eabi-gcc" "ARCHIVER=arm-none-eabi-ar" "COMPILER_FLAGS=  -O2 -c" "EXTRA_COMPILER_FLAGS=-mcpu=cortex-a9 -mfpu=vfpv3 -mfloat-abi=hard -nostartfiles -g -Wall -Wextra"
"Running Make include in ps7_cortexa9_0/libsrc/scuwdt_v2_1/src"
make -C ps7_cortexa9_0/libsrc/scuwdt_v2_1/src -s include  "SHELL=CMD" "COMPILER=arm-none-eabi-gcc" "ARCHIVER=arm-none-eabi-ar" "COMPILER_FLAGS=  -O2 -c" "EXTRA_COMPILER_FLAGS=-mcpu=cortex-a9 -mfpu=vfpv3 -mfloat-abi=hard -nostartfiles -g -Wall -Wextra"
"Running Make include in ps7_cortexa9_0/libsrc/standalone_v6_8/src"
make -C ps7_cortexa9_0/libsrc/standalone_v6_8/src -s include  "SHELL=CMD" "COMPILER=arm-none-eabi-gcc" "ARCHIVER=arm-none-eabi-ar" "COMPILER_FLAGS=  -O2 -c" "EXTRA_COMPILER_FLAGS=-mcpu=cortex-a9 -mfpu=vfpv3 -mfloat-abi=hard -nostartfiles -g -Wall -Wextra"
"Running Make include in ps7_cortexa9_0/libsrc/uartps_v3_7/src"
make -C ps7_cortexa9_0/libsrc/uartps_v3_7/src -s include  "SHELL=CMD" "COMPILER=arm-none-eabi-gcc" "ARCHIVER=arm-none-eabi-ar" "COMPILER_FLAGS=  -O2 -c" "EXTRA_COMPILER_FLAGS=-mcpu=cortex-a9 -mfpu=vfpv3 -mfloat-abi=hard -nostartfiles -g -Wall -Wextra"
"Running Make include in ps7_cortexa9_0/libsrc/xadcps_v2_3/src"
make -C ps7_cortexa9_0/libsrc/xadcps_v2_3/src -s include  "SHELL=CMD" "COMPILER=arm-none-eabi-gcc" "ARCHIVER=arm-none-eabi-ar" "COMPILER_FLAGS=  -O2 -c" "EXTRA_COMPILER_FLAGS=-mcpu=cortex-a9 -mfpu=vfpv3 -mfloat-abi=hard -nostartfiles -g -Wall -Wextra"
"Running Make libs in ps7_cortexa9_0/libsrc/coresightps_dcc_v1_4/src"
make -C ps7_cortexa9_0/libsrc/coresightps_dcc_v1_4/src -s libs  "SHELL=CMD" "COMPILER=arm-none-eabi-gcc" "ARCHIVER=arm-none-eabi-ar" "COMPILER_FLAGS=  -O2 -c" "EXTRA_COMPILER_FLAGS=-mcpu=cortex-a9 -mfpu=vfpv3 -mfloat-abi=hard -nostartfiles -g -Wall -Wextra"
"Compiling coresightps_dcc"
arm-none-eabi-ar: creating ../../../lib/libxil.a
"Running Make libs in ps7_cortexa9_0/libsrc/cpu_cortexa9_v2_7/src"
make -C ps7_cortexa9_0/libsrc/cpu_cortexa9_v2_7/src -s libs  "SHELL=CMD" "COMPILER=arm-none-eabi-gcc" "ARCHIVER=arm-none-eabi-ar" "COMPILER_FLAGS=  -O2 -c" "EXTRA_COMPILER_FLAGS=-mcpu=cortex-a9 -mfpu=vfpv3 -mfloat-abi=hard -nostartfiles -g -Wall -Wextra"
"Compiling cpu_cortexa9"
"Running Make libs in ps7_cortexa9_0/libsrc/ddrps_v1_0/src"
make -C ps7_cortexa9_0/libsrc/ddrps_v1_0/src -s libs  "SHELL=CMD" "COMPILER=arm-none-eabi-gcc" "ARCHIVER=arm-none-eabi-ar" "COMPILER_FLAGS=  -O2 -c" "EXTRA_COMPILER_FLAGS=-mcpu=cortex-a9 -mfpu=vfpv3 -mfloat-abi=hard -nostartfiles -g -Wall -Wextra"
"Compiling ddrps"
"Running Make libs in ps7_cortexa9_0/libsrc/devcfg_v3_5/src"
make -C ps7_cortexa9_0/libsrc/devcfg_v3_5/src -s libs  "SHELL=CMD" "COMPILER=arm-none-eabi-gcc" "ARCHIVER=arm-none-eabi-ar" "COMPILER_FLAGS=  -O2 -c" "EXTRA_COMPILER_FLAGS=-mcpu=cortex-a9 -mfpu=vfpv3 -mfloat-abi=hard -nostartfiles -g -Wall -Wextra"
"Compiling devcfg"
"Running Make libs in ps7_cortexa9_0/libsrc/dmaps_v2_4/src"
make -C ps7_cortexa9_0/libsrc/dmaps_v2_4/src -s libs  "SHELL=CMD" "COMPILER=arm-none-eabi-gcc" "ARCHIVER=arm-none-eabi-ar" "COMPILER_FLAGS=  -O2 -c" "EXTRA_COMPILER_FLAGS=-mcpu=cortex-a9 -mfpu=vfpv3 -mfloat-abi=hard -nostartfiles -g -Wall -Wextra"
"Compiling dmaps"
"Running Make libs in ps7_cortexa9_0/libsrc/gpiops_v3_4/src"
make -C ps7_cortexa9_0/libsrc/gpiops_v3_4/src -s libs  "SHELL=CMD" "COMPILER=arm-none-eabi-gcc" "ARCHIVER=arm-none-eabi-ar" "COMPILER_FLAGS=  -O2 -c" "EXTRA_COMPILER_FLAGS=-mcpu=cortex-a9 -mfpu=vfpv3 -mfloat-abi=hard -nostartfiles -g -Wall -Wextra"
"Compiling gpiops"
"Running Make libs in ps7_cortexa9_0/libsrc/gpio_v4_3/src"
make -C ps7_cortexa9_0/libsrc/gpio_v4_3/src -s libs  "SHELL=CMD" "COMPILER=arm-none-eabi-gcc" "ARCHIVER=arm-none-eabi-ar" "COMPILER_FLAGS=  -O2 -c" "EXTRA_COMPILER_FLAGS=-mcpu=cortex-a9 -mfpu=vfpv3 -mfloat-abi=hard -nostartfiles -g -Wall -Wextra"
"Compiling gpio"
"Running Make libs in ps7_cortexa9_0/libsrc/scugic_v3_10/src"
make -C ps7_cortexa9_0/libsrc/scugic_v3_10/src -s libs  "SHELL=CMD" "COMPILER=arm-none-eabi-gcc" "ARCHIVER=arm-none-eabi-ar" "COMPILER_FLAGS=  -O2 -c" "EXTRA_COMPILER_FLAGS=-mcpu=cortex-a9 -mfpu=vfpv3 -mfloat-abi=hard -nostartfiles -g -Wall -Wextra"
"Compiling scugic"
"Running Make libs in ps7_cortexa9_0/libsrc/scutimer_v2_1/src"
make -C ps7_cortexa9_0/libsrc/scutimer_v2_1/src -s libs  "SHELL=CMD" "COMPILER=arm-none-eabi-gcc" "ARCHIVER=arm-none-eabi-ar" "COMPILER_FLAGS=  -O2 -c" "EXTRA_COMPILER_FLAGS=-mcpu=cortex-a9 -mfpu=vfpv3 -mfloat-abi=hard -nostartfiles -g -Wall -Wextra"
"Compiling scutimer"
"Running Make libs in ps7_cortexa9_0/libsrc/scuwdt_v2_1/src"
make -C ps7_cortexa9_0/libsrc/scuwdt_v2_1/src -s libs  "SHELL=CMD" "COMPILER=arm-none-eabi-gcc" "ARCHIVER=arm-none-eabi-ar" "COMPILER_FLAGS=  -O2 -c" "EXTRA_COMPILER_FLAGS=-mcpu=cortex-a9 -mfpu=vfpv3 -mfloat-abi=hard -nostartfiles -g -Wall -Wextra"
"Compiling scuwdt"
"Running Make libs in ps7_cortexa9_0/libsrc/standalone_v6_8/src"
make -C ps7_cortexa9_0/libsrc/standalone_v6_8/src -s libs  "SHELL=CMD" "COMPILER=arm-none-eabi-gcc" "ARCHIVER=arm-none-eabi-ar" "COMPILER_FLAGS=  -O2 -c" "EXTRA_COMPILER_FLAGS=-mcpu=cortex-a9 -mfpu=vfpv3 -mfloat-abi=hard -nostartfiles -g -Wall -Wextra"
"Compiling standalone"
In file included from usleep.c:56:0:
xtime_l.h:87:9: note: #pragma message: For the sleep routines, Global timer is being used
 #pragma message ("For the sleep routines, Global timer is being used")
         ^~~~~~~
In file included from xil_sleeptimer.c:51:0:
xtime_l.h:87:9: note: #pragma message: For the sleep routines, Global timer is being used
 #pragma message ("For the sleep routines, Global timer is being used")
         ^~~~~~~
In file included from xtime_l.c:49:0:
xtime_l.h:87:9: note: #pragma message: For the sleep routines, Global timer is being used
 #pragma message ("For the sleep routines, Global timer is being used")
         ^~~~~~~
In file included from sleep.c:53:0:
xtime_l.h:87:9: note: #pragma message: For the sleep routines, Global timer is being used
 #pragma message ("For the sleep routines, Global timer is being used")
         ^~~~~~~
"Running Make libs in ps7_cortexa9_0/libsrc/uartps_v3_7/src"
make -C ps7_cortexa9_0/libsrc/uartps_v3_7/src -s libs  "SHELL=CMD" "COMPILER=arm-none-eabi-gcc" "ARCHIVER=arm-none-eabi-ar" "COMPILER_FLAGS=  -O2 -c" "EXTRA_COMPILER_FLAGS=-mcpu=cortex-a9 -mfpu=vfpv3 -mfloat-abi=hard -nostartfiles -g -Wall -Wextra"
"Compiling uartps"
"Running Make libs in ps7_cortexa9_0/libsrc/xadcps_v2_3/src"
make -C ps7_cortexa9_0/libsrc/xadcps_v2_3/src -s libs  "SHELL=CMD" "COMPILER=arm-none-eabi-gcc" "ARCHIVER=arm-none-eabi-ar" "COMPILER_FLAGS=  -O2 -c" "EXTRA_COMPILER_FLAGS=-mcpu=cortex-a9 -mfpu=vfpv3 -mfloat-abi=hard -nostartfiles -g -Wall -Wextra"
"Compiling xadcps"
'Finished building libraries'

**** Build of configuration Debug for project axi_gpio ****

Nothing to build for project axi_gpio
14:03:09 **** Auto Build of configuration Debug for project axi_gpio ****
make pre-build main-build 
a9-linaro-pre-build-step
' '
'Building file: ../src/main.c'
'Invoking: ARM v7 gcc compiler'
arm-none-eabi-gcc -Wall -O0 -g3 -c -fmessage-length=0 -MT"src/main.o" -mcpu=cortex-a9 -mfpu=vfpv3 -mfloat-abi=hard -I../../axi_gpio_bsp/ps7_cortexa9_0/include -MMD -MP -MF"src/main.d" -MT"src/main.o" -o "src/main.o" "../src/main.c"
'Finished building: ../src/main.c'
' '
'Building target: axi_gpio.elf'
'Invoking: ARM v7 gcc linker'
arm-none-eabi-gcc -mcpu=cortex-a9 -mfpu=vfpv3 -mfloat-abi=hard -Wl,-build-id=none -specs=Xilinx.spec -Wl,-T -Wl,../src/lscript.ld -L../../axi_gpio_bsp/ps7_cortexa9_0/lib -o "axi_gpio.elf"  ./src/main.o   -Wl,--start-group,-lxil,-lgcc,-lc,--end-group
../../axi_gpio_bsp/ps7_cortexa9_0/lib\libxil.a(xil-crt0.o): In function `_start':
C:\Users\Admin\Desktop\VIVADO_Projects\PS\axi_gpio\axi_gpio.sdk\axi_gpio_bsp\ps7_cortexa9_0\libsrc\standalone_v6_8\src/xil-crt0.S:138: undefined reference to `main'
collect2.exe: error: ld returned 1 exit status
make: *** [makefile:41: axi_gpio.elf] Error 1
14:07:10 **** Auto Build of configuration Debug for project axi_gpio ****
make pre-build main-build 
a9-linaro-pre-build-step
' '
'Building file: ../src/main.c'
'Invoking: ARM v7 gcc compiler'
arm-none-eabi-gcc -Wall -O0 -g3 -c -fmessage-length=0 -MT"src/main.o" -mcpu=cortex-a9 -mfpu=vfpv3 -mfloat-abi=hard -I../../axi_gpio_bsp/ps7_cortexa9_0/include -MMD -MP -MF"src/main.d" -MT"src/main.o" -o "src/main.o" "../src/main.c"
'Finished building: ../src/main.c'
' '
'Building target: axi_gpio.elf'
'Invoking: ARM v7 gcc linker'
arm-none-eabi-gcc -mcpu=cortex-a9 -mfpu=vfpv3 -mfloat-abi=hard -Wl,-build-id=none -specs=Xilinx.spec -Wl,-T -Wl,../src/lscript.ld -L../../axi_gpio_bsp/ps7_cortexa9_0/lib -o "axi_gpio.elf"  ./src/main.o   -Wl,--start-group,-lxil,-lgcc,-lc,--end-group
'Finished building target: axi_gpio.elf'
' '
'Invoking: ARM v7 Print Size'
arm-none-eabi-size axi_gpio.elf  |tee "axi_gpio.elf.size"
   text	   data	    bss	    dec	    hex	filename
  70240	   2580	  23328	  96148	  17794	axi_gpio.elf
'Finished building: axi_gpio.elf.size'
' '
14:07:25 **** Incremental Build of configuration Debug for project axi_gpio ****
make pre-build main-build 
a9-linaro-pre-build-step
' '
make: Nothing to be done for 'main-build'.
14:09:12 **** Incremental Build of configuration Debug for project axi_gpio ****
make pre-build main-build 
a9-linaro-pre-build-step
' '
make: Nothing to be done for 'main-build'.
14:11:20 **** Auto Build of configuration Debug for project axi_gpio ****
make pre-build main-build 
a9-linaro-pre-build-step
' '
'Building file: ../src/main.c'
'Invoking: ARM v7 gcc compiler'
arm-none-eabi-gcc -Wall -O0 -g3 -c -fmessage-length=0 -MT"src/main.o" -mcpu=cortex-a9 -mfpu=vfpv3 -mfloat-abi=hard -I../../axi_gpio_bsp/ps7_cortexa9_0/include -MMD -MP -MF"src/main.d" -MT"src/main.o" -o "src/main.o" "../src/main.c"
../src/main.c: In function 'main':
../src/main.c:22:33: error: 'MIO50_LED1' undeclared (first use in this function); did you mean 'MIO50_LED'?
  XGpioPs_SetDirectionPin(&Gpio, MIO50_LED1, 1);
                                 ^~~~~~~~~~
                                 MIO50_LED
../src/main.c:22:33: note: each undeclared identifier is reported only once for each function it appears in
make: *** [src/subdir.mk:23: src/main.o] Error 1
14:11:41 **** Auto Build of configuration Debug for project axi_gpio ****
make pre-build main-build 
a9-linaro-pre-build-step
' '
'Building file: ../src/main.c'
'Invoking: ARM v7 gcc compiler'
arm-none-eabi-gcc -Wall -O0 -g3 -c -fmessage-length=0 -MT"src/main.o" -mcpu=cortex-a9 -mfpu=vfpv3 -mfloat-abi=hard -I../../axi_gpio_bsp/ps7_cortexa9_0/include -MMD -MP -MF"src/main.d" -MT"src/main.o" -o "src/main.o" "../src/main.c"
'Finished building: ../src/main.c'
' '
'Building target: axi_gpio.elf'
'Invoking: ARM v7 gcc linker'
arm-none-eabi-gcc -mcpu=cortex-a9 -mfpu=vfpv3 -mfloat-abi=hard -Wl,-build-id=none -specs=Xilinx.spec -Wl,-T -Wl,../src/lscript.ld -L../../axi_gpio_bsp/ps7_cortexa9_0/lib -o "axi_gpio.elf"  ./src/main.o   -Wl,--start-group,-lxil,-lgcc,-lc,--end-group
'Finished building target: axi_gpio.elf'
' '
'Invoking: ARM v7 Print Size'
arm-none-eabi-size axi_gpio.elf  |tee "axi_gpio.elf.size"
   text	   data	    bss	    dec	    hex	filename
  77292	   2588	  23376	 103256	  19358	axi_gpio.elf
'Finished building: axi_gpio.elf.size'
' '
14:11:46 **** Incremental Build of configuration Debug for project axi_gpio ****
make pre-build main-build 
a9-linaro-pre-build-step
' '
make: Nothing to be done for 'main-build'.
18:25:20 **** Auto Build of configuration Debug for project axi_gpio ****
make pre-build main-build 
a9-linaro-pre-build-step
' '
'Building file: ../src/main.c'
'Invoking: ARM v7 gcc compiler'
arm-none-eabi-gcc -Wall -O0 -g3 -c -fmessage-length=0 -MT"src/main.o" -mcpu=cortex-a9 -mfpu=vfpv3 -mfloat-abi=hard -I../../axi_gpio_bsp/ps7_cortexa9_0/include -MMD -MP -MF"src/main.d" -MT"src/main.o" -o "src/main.o" "../src/main.c"
'Finished building: ../src/main.c'
' '
'Building target: axi_gpio.elf'
'Invoking: ARM v7 gcc linker'
arm-none-eabi-gcc -mcpu=cortex-a9 -mfpu=vfpv3 -mfloat-abi=hard -Wl,-build-id=none -specs=Xilinx.spec -Wl,-T -Wl,../src/lscript.ld -L../../axi_gpio_bsp/ps7_cortexa9_0/lib -o "axi_gpio.elf"  ./src/main.o   -Wl,--start-group,-lxil,-lgcc,-lc,--end-group
'Finished building target: axi_gpio.elf'
' '
'Invoking: ARM v7 Print Size'
arm-none-eabi-size axi_gpio.elf  |tee "axi_gpio.elf.size"
   text	   data	    bss	    dec	    hex	filename
  77292	   2588	  23392	 103272	  19368	axi_gpio.elf
'Finished building: axi_gpio.elf.size'
' '
18:30:11 **** Auto Build of configuration Debug for project axi_gpio ****
make pre-build main-build 
a9-linaro-pre-build-step
' '
'Building file: ../src/main.c'
'Invoking: ARM v7 gcc compiler'
arm-none-eabi-gcc -Wall -O0 -g3 -c -fmessage-length=0 -MT"src/main.o" -mcpu=cortex-a9 -mfpu=vfpv3 -mfloat-abi=hard -I../../axi_gpio_bsp/ps7_cortexa9_0/include -MMD -MP -MF"src/main.d" -MT"src/main.o" -o "src/main.o" "../src/main.c"
../src/main.c:5:10: fatal error: xgpiop.h: No such file or directory
 #include "xgpiop.h"
          ^~~~~~~~~~
compilation terminated.
make: *** [src/subdir.mk:23: src/main.o] Error 1
18:30:33 **** Auto Build of configuration Debug for project axi_gpio ****
make pre-build main-build 
a9-linaro-pre-build-step
' '
'Building file: ../src/main.c'
'Invoking: ARM v7 gcc compiler'
arm-none-eabi-gcc -Wall -O0 -g3 -c -fmessage-length=0 -MT"src/main.o" -mcpu=cortex-a9 -mfpu=vfpv3 -mfloat-abi=hard -I../../axi_gpio_bsp/ps7_cortexa9_0/include -MMD -MP -MF"src/main.d" -MT"src/main.o" -o "src/main.o" "../src/main.c"
'Finished building: ../src/main.c'
' '
'Building target: axi_gpio.elf'
'Invoking: ARM v7 gcc linker'
arm-none-eabi-gcc -mcpu=cortex-a9 -mfpu=vfpv3 -mfloat-abi=hard -Wl,-build-id=none -specs=Xilinx.spec -Wl,-T -Wl,../src/lscript.ld -L../../axi_gpio_bsp/ps7_cortexa9_0/lib -o "axi_gpio.elf"  ./src/main.o   -Wl,--start-group,-lxil,-lgcc,-lc,--end-group
'Finished building target: axi_gpio.elf'
' '
'Invoking: ARM v7 Print Size'
arm-none-eabi-size axi_gpio.elf  |tee "axi_gpio.elf.size"
   text	   data	    bss	    dec	    hex	filename
  78412	   2604	  23408	 104424	  197e8	axi_gpio.elf
'Finished building: axi_gpio.elf.size'
' '
18:30:40 **** Auto Build of configuration Debug for project axi_gpio ****
make pre-build main-build 
a9-linaro-pre-build-step
' '
'Building file: ../src/main.c'
'Invoking: ARM v7 gcc compiler'
arm-none-eabi-gcc -Wall -O0 -g3 -c -fmessage-length=0 -MT"src/main.o" -mcpu=cortex-a9 -mfpu=vfpv3 -mfloat-abi=hard -I../../axi_gpio_bsp/ps7_cortexa9_0/include -MMD -MP -MF"src/main.d" -MT"src/main.o" -o "src/main.o" "../src/main.c"
'Finished building: ../src/main.c'
' '
'Building target: axi_gpio.elf'
'Invoking: ARM v7 gcc linker'
arm-none-eabi-gcc -mcpu=cortex-a9 -mfpu=vfpv3 -mfloat-abi=hard -Wl,-build-id=none -specs=Xilinx.spec -Wl,-T -Wl,../src/lscript.ld -L../../axi_gpio_bsp/ps7_cortexa9_0/lib -o "axi_gpio.elf"  ./src/main.o   -Wl,--start-group,-lxil,-lgcc,-lc,--end-group
'Finished building target: axi_gpio.elf'
' '
'Invoking: ARM v7 Print Size'
arm-none-eabi-size axi_gpio.elf  |tee "axi_gpio.elf.size"
   text	   data	    bss	    dec	    hex	filename
  78412	   2604	  23408	 104424	  197e8	axi_gpio.elf
'Finished building: axi_gpio.elf.size'
' '
18:32:45 **** Auto Build of configuration Debug for project axi_gpio ****
make pre-build main-build 
a9-linaro-pre-build-step
' '
'Building file: ../src/main.c'
'Invoking: ARM v7 gcc compiler'
arm-none-eabi-gcc -Wall -O0 -g3 -c -fmessage-length=0 -MT"src/main.o" -mcpu=cortex-a9 -mfpu=vfpv3 -mfloat-abi=hard -I../../axi_gpio_bsp/ps7_cortexa9_0/include -MMD -MP -MF"src/main.d" -MT"src/main.o" -o "src/main.o" "../src/main.c"
../src/main.c: In function 'main':
../src/main.c:46:3: warning: statement with no effect [-Wunused-value]
   XGpio_DiscreteRead
   ^~~~~~~~~~~~~~~~~~
../src/main.c:47:2: error: expected ';' before '}' token
  }
  ^
make: *** [src/subdir.mk:23: src/main.o] Error 1
18:32:49 **** Auto Build of configuration Debug for project axi_gpio ****
make pre-build main-build 
a9-linaro-pre-build-step
' '
'Building file: ../src/main.c'
'Invoking: ARM v7 gcc compiler'
arm-none-eabi-gcc -Wall -O0 -g3 -c -fmessage-length=0 -MT"src/main.o" -mcpu=cortex-a9 -mfpu=vfpv3 -mfloat-abi=hard -I../../axi_gpio_bsp/ps7_cortexa9_0/include -MMD -MP -MF"src/main.d" -MT"src/main.o" -o "src/main.o" "../src/main.c"
'Finished building: ../src/main.c'
' '
'Building target: axi_gpio.elf'
'Invoking: ARM v7 gcc linker'
arm-none-eabi-gcc -mcpu=cortex-a9 -mfpu=vfpv3 -mfloat-abi=hard -Wl,-build-id=none -specs=Xilinx.spec -Wl,-T -Wl,../src/lscript.ld -L../../axi_gpio_bsp/ps7_cortexa9_0/lib -o "axi_gpio.elf"  ./src/main.o   -Wl,--start-group,-lxil,-lgcc,-lc,--end-group
'Finished building target: axi_gpio.elf'
' '
'Invoking: ARM v7 Print Size'
arm-none-eabi-size axi_gpio.elf  |tee "axi_gpio.elf.size"
   text	   data	    bss	    dec	    hex	filename
  78412	   2604	  23408	 104424	  197e8	axi_gpio.elf
'Finished building: axi_gpio.elf.size'
' '
18:33:08 **** Incremental Build of configuration Debug for project axi_gpio ****
make pre-build main-build 
a9-linaro-pre-build-step
' '
make: Nothing to be done for 'main-build'.
18:35:07 **** Auto Build of configuration Debug for project axi_gpio ****
make pre-build main-build 
a9-linaro-pre-build-step
' '
'Building file: ../src/main.c'
'Invoking: ARM v7 gcc compiler'
arm-none-eabi-gcc -Wall -O0 -g3 -c -fmessage-length=0 -MT"src/main.o" -mcpu=cortex-a9 -mfpu=vfpv3 -mfloat-abi=hard -I../../axi_gpio_bsp/ps7_cortexa9_0/include -MMD -MP -MF"src/main.d" -MT"src/main.o" -o "src/main.o" "../src/main.c"
../src/main.c: In function 'main':
../src/main.c:44:37: error: 'GPIO_INTERRUPT_ID' undeclared (first use in this function); did you mean 'AXI_GPIO_INTERRUPT_ID'?
  SetupInterruptSystem(&Intc, &Gpio, GPIO_INTERRUPT_ID);
                                     ^~~~~~~~~~~~~~~~~
                                     AXI_GPIO_INTERRUPT_ID
../src/main.c:44:37: note: each undeclared identifier is reported only once for each function it appears in
../src/main.c: In function 'SetupInterruptSystem':
../src/main.c:73:31: error: 'MIO0_KEY1' undeclared (first use in this function); did you mean 'MIO50_LED1'?
  XGpioPs_SetIntrTypePin(Gpio, MIO0_KEY1, XGPIOPS_IRQ_TYPE_EDGE_FALLING);
                               ^~~~~~~~~
                               MIO50_LED1
make: *** [src/subdir.mk:23: src/main.o] Error 1
18:37:37 **** Auto Build of configuration Debug for project axi_gpio ****
make pre-build main-build 
a9-linaro-pre-build-step
' '
'Building file: ../src/main.c'
'Invoking: ARM v7 gcc compiler'
arm-none-eabi-gcc -Wall -O0 -g3 -c -fmessage-length=0 -MT"src/main.o" -mcpu=cortex-a9 -mfpu=vfpv3 -mfloat-abi=hard -I../../axi_gpio_bsp/ps7_cortexa9_0/include -MMD -MP -MF"src/main.d" -MT"src/main.o" -o "src/main.o" "../src/main.c"
'Finished building: ../src/main.c'
' '
'Building target: axi_gpio.elf'
'Invoking: ARM v7 gcc linker'
arm-none-eabi-gcc -mcpu=cortex-a9 -mfpu=vfpv3 -mfloat-abi=hard -Wl,-build-id=none -specs=Xilinx.spec -Wl,-T -Wl,../src/lscript.ld -L../../axi_gpio_bsp/ps7_cortexa9_0/lib -o "axi_gpio.elf"  ./src/main.o   -Wl,--start-group,-lxil,-lgcc,-lc,--end-group
'Finished building target: axi_gpio.elf'
' '
'Invoking: ARM v7 Print Size'
arm-none-eabi-size axi_gpio.elf  |tee "axi_gpio.elf.size"
   text	   data	    bss	    dec	    hex	filename
  78412	   2604	  23408	 104424	  197e8	axi_gpio.elf
'Finished building: axi_gpio.elf.size'
' '
18:37:48 **** Auto Build of configuration Debug for project axi_gpio ****
make pre-build main-build 
a9-linaro-pre-build-step
' '
'Building file: ../src/main.c'
'Invoking: ARM v7 gcc compiler'
arm-none-eabi-gcc -Wall -O0 -g3 -c -fmessage-length=0 -MT"src/main.o" -mcpu=cortex-a9 -mfpu=vfpv3 -mfloat-abi=hard -I../../axi_gpio_bsp/ps7_cortexa9_0/include -MMD -MP -MF"src/main.d" -MT"src/main.o" -o "src/main.o" "../src/main.c"
'Finished building: ../src/main.c'
' '
'Building target: axi_gpio.elf'
'Invoking: ARM v7 gcc linker'
arm-none-eabi-gcc -mcpu=cortex-a9 -mfpu=vfpv3 -mfloat-abi=hard -Wl,-build-id=none -specs=Xilinx.spec -Wl,-T -Wl,../src/lscript.ld -L../../axi_gpio_bsp/ps7_cortexa9_0/lib -o "axi_gpio.elf"  ./src/main.o   -Wl,--start-group,-lxil,-lgcc,-lc,--end-group
'Finished building target: axi_gpio.elf'
' '
'Invoking: ARM v7 Print Size'
arm-none-eabi-size axi_gpio.elf  |tee "axi_gpio.elf.size"
   text	   data	    bss	    dec	    hex	filename
  78412	   2604	  23408	 104424	  197e8	axi_gpio.elf
'Finished building: axi_gpio.elf.size'
' '
18:37:50 **** Incremental Build of configuration Debug for project axi_gpio ****
make pre-build main-build 
a9-linaro-pre-build-step
' '
make: Nothing to be done for 'main-build'.
18:39:10 **** Auto Build of configuration Debug for project axi_gpio ****
make pre-build main-build 
a9-linaro-pre-build-step
' '
'Building file: ../src/main.c'
'Invoking: ARM v7 gcc compiler'
arm-none-eabi-gcc -Wall -O0 -g3 -c -fmessage-length=0 -MT"src/main.o" -mcpu=cortex-a9 -mfpu=vfpv3 -mfloat-abi=hard -I../../axi_gpio_bsp/ps7_cortexa9_0/include -MMD -MP -MF"src/main.d" -MT"src/main.o" -o "src/main.o" "../src/main.c"
../src/main.c: In function 'main':
../src/main.c:12:33: error: 'XPAR_FABRIC_AIX_GPIO_0_IP2INTC_IRPT_INTR' undeclared (first use in this function); did you mean 'XPAR_FABRIC_AXI_GPIO_0_IP2INTC_IRPT_INTR'?
 #define AXI_GPIO_INTERRUPT_ID   XPAR_FABRIC_AIX_GPIO_0_IP2INTC_IRPT_INTR
                                 ^
../src/main.c:12:33: note: in definition of macro 'AXI_GPIO_INTERRUPT_ID'
 #define AXI_GPIO_INTERRUPT_ID   XPAR_FABRIC_AIX_GPIO_0_IP2INTC_IRPT_INTR
                                 ^~~~~~~~~~~~~~~~~~~~~~~~~~~~~~~~~~~~~~~~
../src/main.c:12:33: note: each undeclared identifier is reported only once for each function it appears in
 #define AXI_GPIO_INTERRUPT_ID   XPAR_FABRIC_AIX_GPIO_0_IP2INTC_IRPT_INTR
                                 ^
../src/main.c:12:33: note: in definition of macro 'AXI_GPIO_INTERRUPT_ID'
 #define AXI_GPIO_INTERRUPT_ID   XPAR_FABRIC_AIX_GPIO_0_IP2INTC_IRPT_INTR
                                 ^~~~~~~~~~~~~~~~~~~~~~~~~~~~~~~~~~~~~~~~
../src/main.c: In function 'SetupInterruptSystem':
../src/main.c:73:31: error: 'MIO0_KEY1' undeclared (first use in this function); did you mean 'MIO50_LED1'?
  XGpioPs_SetIntrTypePin(Gpio, MIO0_KEY1, XGPIOPS_IRQ_TYPE_EDGE_FALLING);
                               ^~~~~~~~~
                               MIO50_LED1
make: *** [src/subdir.mk:23: src/main.o] Error 1
18:41:04 **** Auto Build of configuration Debug for project axi_gpio ****
make pre-build main-build 
a9-linaro-pre-build-step
' '
'Building file: ../src/main.c'
'Invoking: ARM v7 gcc compiler'
arm-none-eabi-gcc -Wall -O0 -g3 -c -fmessage-length=0 -MT"src/main.o" -mcpu=cortex-a9 -mfpu=vfpv3 -mfloat-abi=hard -I../../axi_gpio_bsp/ps7_cortexa9_0/include -MMD -MP -MF"src/main.d" -MT"src/main.o" -o "src/main.o" "../src/main.c"
'Finished building: ../src/main.c'
' '
'Building target: axi_gpio.elf'
'Invoking: ARM v7 gcc linker'
arm-none-eabi-gcc -mcpu=cortex-a9 -mfpu=vfpv3 -mfloat-abi=hard -Wl,-build-id=none -specs=Xilinx.spec -Wl,-T -Wl,../src/lscript.ld -L../../axi_gpio_bsp/ps7_cortexa9_0/lib -o "axi_gpio.elf"  ./src/main.o   -Wl,--start-group,-lxil,-lgcc,-lc,--end-group
'Finished building target: axi_gpio.elf'
' '
'Invoking: ARM v7 Print Size'
arm-none-eabi-size axi_gpio.elf  |tee "axi_gpio.elf.size"
   text	   data	    bss	    dec	    hex	filename
  78412	   2604	  23408	 104424	  197e8	axi_gpio.elf
'Finished building: axi_gpio.elf.size'
' '
18:48:31 **** Auto Build of configuration Debug for project axi_gpio ****
make pre-build main-build 
a9-linaro-pre-build-step
' '
'Building file: ../src/main.c'
'Invoking: ARM v7 gcc compiler'
arm-none-eabi-gcc -Wall -O0 -g3 -c -fmessage-length=0 -MT"src/main.o" -mcpu=cortex-a9 -mfpu=vfpv3 -mfloat-abi=hard -I../../axi_gpio_bsp/ps7_cortexa9_0/include -MMD -MP -MF"src/main.d" -MT"src/main.o" -o "src/main.o" "../src/main.c"
../src/main.c: In function 'main':
../src/main.c:12:33: error: 'XPAR_FABRIC_AIX_GPIO_0_IP2INTC_IRPT_INTR' undeclared (first use in this function); did you mean 'XPAR_FABRIC_AXI_GPIO_0_IP2INTC_IRPT_INTR'?
 #define AXI_GPIO_INTERRUPT_ID   XPAR_FABRIC_AIX_GPIO_0_IP2INTC_IRPT_INTR
                                 ^
../src/main.c:12:33: note: in definition of macro 'AXI_GPIO_INTERRUPT_ID'
 #define AXI_GPIO_INTERRUPT_ID   XPAR_FABRIC_AIX_GPIO_0_IP2INTC_IRPT_INTR
                                 ^~~~~~~~~~~~~~~~~~~~~~~~~~~~~~~~~~~~~~~~
../src/main.c:12:33: note: each undeclared identifier is reported only once for each function it appears in
 #define AXI_GPIO_INTERRUPT_ID   XPAR_FABRIC_AIX_GPIO_0_IP2INTC_IRPT_INTR
                                 ^
../src/main.c:12:33: note: in definition of macro 'AXI_GPIO_INTERRUPT_ID'
 #define AXI_GPIO_INTERRUPT_ID   XPAR_FABRIC_AIX_GPIO_0_IP2INTC_IRPT_INTR
                                 ^~~~~~~~~~~~~~~~~~~~~~~~~~~~~~~~~~~~~~~~
../src/main.c:47:30: warning: passing argument 2 of 'SetupInterruptSystem' from incompatible pointer type [-Wincompatible-pointer-types]
  SetupInterruptSystem(&Intc, &AXI_Gpio, AXI_GPIO_INTERRUPT_ID);
                              ^
../src/main.c:22:6: note: expected 'XGpioPs * {aka struct <anonymous> *}' but argument is of type 'XGpio * {aka struct <anonymous> *}'
 void SetupInterruptSystem(XScuGic *GicInstancePtr, XGpioPs *Gpio, u16 GpioIntrId);
      ^~~~~~~~~~~~~~~~~~~~
../src/main.c: At top level:
../src/main.c:57:6: error: conflicting types for 'SetupInterruptSystem'
 void SetupInterruptSystem(XScuGic *GicInstancePtr, XGpio *AXI_Gpio, u16 AXI_GpioIntrId)
      ^~~~~~~~~~~~~~~~~~~~
../src/main.c:22:6: note: previous declaration of 'SetupInterruptSystem' was here
 void SetupInterruptSystem(XScuGic *GicInstancePtr, XGpioPs *Gpio, u16 GpioIntrId);
      ^~~~~~~~~~~~~~~~~~~~
make: *** [src/subdir.mk:23: src/main.o] Error 1
18:48:57 **** Auto Build of configuration Debug for project axi_gpio ****
make pre-build main-build 
a9-linaro-pre-build-step
' '
'Building file: ../src/main.c'
'Invoking: ARM v7 gcc compiler'
arm-none-eabi-gcc -Wall -O0 -g3 -c -fmessage-length=0 -MT"src/main.o" -mcpu=cortex-a9 -mfpu=vfpv3 -mfloat-abi=hard -I../../axi_gpio_bsp/ps7_cortexa9_0/include -MMD -MP -MF"src/main.d" -MT"src/main.o" -o "src/main.o" "../src/main.c"
../src/main.c: In function 'main':
../src/main.c:12:33: error: 'XPAR_FABRIC_AIX_GPIO_0_IP2INTC_IRPT_INTR' undeclared (first use in this function); did you mean 'XPAR_FABRIC_AXI_GPIO_0_IP2INTC_IRPT_INTR'?
 #define AXI_GPIO_INTERRUPT_ID   XPAR_FABRIC_AIX_GPIO_0_IP2INTC_IRPT_INTR
                                 ^
../src/main.c:12:33: note: in definition of macro 'AXI_GPIO_INTERRUPT_ID'
 #define AXI_GPIO_INTERRUPT_ID   XPAR_FABRIC_AIX_GPIO_0_IP2INTC_IRPT_INTR
                                 ^~~~~~~~~~~~~~~~~~~~~~~~~~~~~~~~~~~~~~~~
../src/main.c:12:33: note: each undeclared identifier is reported only once for each function it appears in
 #define AXI_GPIO_INTERRUPT_ID   XPAR_FABRIC_AIX_GPIO_0_IP2INTC_IRPT_INTR
                                 ^
../src/main.c:12:33: note: in definition of macro 'AXI_GPIO_INTERRUPT_ID'
 #define AXI_GPIO_INTERRUPT_ID   XPAR_FABRIC_AIX_GPIO_0_IP2INTC_IRPT_INTR
                                 ^~~~~~~~~~~~~~~~~~~~~~~~~~~~~~~~~~~~~~~~
make: *** [src/subdir.mk:23: src/main.o] Error 1
18:49:25 **** Auto Build of configuration Debug for project axi_gpio ****
make pre-build main-build 
a9-linaro-pre-build-step
' '
'Building file: ../src/main.c'
'Invoking: ARM v7 gcc compiler'
arm-none-eabi-gcc -Wall -O0 -g3 -c -fmessage-length=0 -MT"src/main.o" -mcpu=cortex-a9 -mfpu=vfpv3 -mfloat-abi=hard -I../../axi_gpio_bsp/ps7_cortexa9_0/include -MMD -MP -MF"src/main.d" -MT"src/main.o" -o "src/main.o" "../src/main.c"
'Finished building: ../src/main.c'
' '
'Building target: axi_gpio.elf'
'Invoking: ARM v7 gcc linker'
arm-none-eabi-gcc -mcpu=cortex-a9 -mfpu=vfpv3 -mfloat-abi=hard -Wl,-build-id=none -specs=Xilinx.spec -Wl,-T -Wl,../src/lscript.ld -L../../axi_gpio_bsp/ps7_cortexa9_0/lib -o "axi_gpio.elf"  ./src/main.o   -Wl,--start-group,-lxil,-lgcc,-lc,--end-group
./src/main.o: In function `SetupInterruptSystem':
C:\Users\Admin\Desktop\VIVADO_Projects\PS\axi_gpio\axi_gpio.sdk\axi_gpio\Debug/../src/main.c:71: undefined reference to `IntrHandler'
C:\Users\Admin\Desktop\VIVADO_Projects\PS\axi_gpio\axi_gpio.sdk\axi_gpio\Debug/../src/main.c:71: undefined reference to `IntrHandler'
collect2.exe: error: ld returned 1 exit status
make: *** [makefile:41: axi_gpio.elf] Error 1
18:50:02 **** Auto Build of configuration Debug for project axi_gpio ****
make pre-build main-build 
a9-linaro-pre-build-step
' '
'Building file: ../src/main.c'
'Invoking: ARM v7 gcc compiler'
arm-none-eabi-gcc -Wall -O0 -g3 -c -fmessage-length=0 -MT"src/main.o" -mcpu=cortex-a9 -mfpu=vfpv3 -mfloat-abi=hard -I../../axi_gpio_bsp/ps7_cortexa9_0/include -MMD -MP -MF"src/main.d" -MT"src/main.o" -o "src/main.o" "../src/main.c"
../src/main.c: In function 'IntrHandler':
../src/main.c:80:30: error: 'MIO0_KEY1' undeclared (first use in this function); did you mean 'MIO50_LED1'?
  XGpioPs_IntrClearPin(&Gpio, MIO0_KEY1);
                              ^~~~~~~~~
                              MIO50_LED1
../src/main.c:80:30: note: each undeclared identifier is reported only once for each function it appears in
make: *** [src/subdir.mk:23: src/main.o] Error 1
20:30:59 **** Auto Build of configuration Debug for project axi_gpio ****
make pre-build main-build 
a9-linaro-pre-build-step
' '
'Building file: ../src/main.c'
'Invoking: ARM v7 gcc compiler'
arm-none-eabi-gcc -Wall -O0 -g3 -c -fmessage-length=0 -MT"src/main.o" -mcpu=cortex-a9 -mfpu=vfpv3 -mfloat-abi=hard -I../../axi_gpio_bsp/ps7_cortexa9_0/include -MMD -MP -MF"src/main.d" -MT"src/main.o" -o "src/main.o" "../src/main.c"
'Finished building: ../src/main.c'
' '
'Building target: axi_gpio.elf'
'Invoking: ARM v7 gcc linker'
arm-none-eabi-gcc -mcpu=cortex-a9 -mfpu=vfpv3 -mfloat-abi=hard -Wl,-build-id=none -specs=Xilinx.spec -Wl,-T -Wl,../src/lscript.ld -L../../axi_gpio_bsp/ps7_cortexa9_0/lib -o "axi_gpio.elf"  ./src/main.o   -Wl,--start-group,-lxil,-lgcc,-lc,--end-group
'Finished building target: axi_gpio.elf'
' '
'Invoking: ARM v7 Print Size'
arm-none-eabi-size axi_gpio.elf  |tee "axi_gpio.elf.size"
   text	   data	    bss	    dec	    hex	filename
  82960	   3380	  23408	 109748	  1acb4	axi_gpio.elf
'Finished building: axi_gpio.elf.size'
' '
20:31:05 **** Incremental Build of configuration Debug for project axi_gpio ****
make pre-build main-build 
a9-linaro-pre-build-step
' '
make: Nothing to be done for 'main-build'.
20:31:26 **** Incremental Build of configuration Debug for project axi_gpio ****
make pre-build main-build 
a9-linaro-pre-build-step
' '
make: Nothing to be done for 'main-build'.
20:32:34 **** Auto Build of configuration Debug for project axi_gpio ****
make pre-build main-build 
a9-linaro-pre-build-step
' '
'Building file: ../src/main.c'
'Invoking: ARM v7 gcc compiler'
arm-none-eabi-gcc -Wall -O0 -g3 -c -fmessage-length=0 -MT"src/main.o" -mcpu=cortex-a9 -mfpu=vfpv3 -mfloat-abi=hard -I../../axi_gpio_bsp/ps7_cortexa9_0/include -MMD -MP -MF"src/main.d" -MT"src/main.o" -o "src/main.o" "../src/main.c"
../src/main.c: In function 'IntrHandler':
../src/main.c:84:23: error: 'GicInstancePtr' undeclared (first use in this function)
  XGpio_InterruptClear(GicInstancePtr, 1);
                       ^~~~~~~~~~~~~~
../src/main.c:84:23: note: each undeclared identifier is reported only once for each function it appears in
make: *** [src/subdir.mk:23: src/main.o] Error 1
20:32:37 **** Incremental Build of configuration Debug for project axi_gpio ****
make pre-build main-build 
a9-linaro-pre-build-step
' '
'Building file: ../src/main.c'
'Invoking: ARM v7 gcc compiler'
arm-none-eabi-gcc -Wall -O0 -g3 -c -fmessage-length=0 -MT"src/main.o" -mcpu=cortex-a9 -mfpu=vfpv3 -mfloat-abi=hard -I../../axi_gpio_bsp/ps7_cortexa9_0/include -MMD -MP -MF"src/main.d" -MT"src/main.o" -o "src/main.o" "../src/main.c"
../src/main.c: In function 'IntrHandler':
../src/main.c:84:23: error: 'GicInstancePtr' undeclared (first use in this function)
  XGpio_InterruptClear(GicInstancePtr, 1);
                       ^~~~~~~~~~~~~~
../src/main.c:84:23: note: each undeclared identifier is reported only once for each function it appears in
make: *** [src/subdir.mk:23: src/main.o] Error 1
20:32:51 **** Auto Build of configuration Debug for project axi_gpio ****
make pre-build main-build 
a9-linaro-pre-build-step
' '
'Building file: ../src/main.c'
'Invoking: ARM v7 gcc compiler'
arm-none-eabi-gcc -Wall -O0 -g3 -c -fmessage-length=0 -MT"src/main.o" -mcpu=cortex-a9 -mfpu=vfpv3 -mfloat-abi=hard -I../../axi_gpio_bsp/ps7_cortexa9_0/include -MMD -MP -MF"src/main.d" -MT"src/main.o" -o "src/main.o" "../src/main.c"
../src/main.c: In function 'IntrHandler':
../src/main.c:84:23: error: 'GicInstancePtr' undeclared (first use in this function)
  XGpio_InterruptClear(GicInstancePtr, AXI_GpioIntrId);
                       ^~~~~~~~~~~~~~
../src/main.c:84:23: note: each undeclared identifier is reported only once for each function it appears in
../src/main.c:84:39: error: 'AXI_GpioIntrId' undeclared (first use in this function); did you mean 'AXI_Gpio'?
  XGpio_InterruptClear(GicInstancePtr, AXI_GpioIntrId);
                                       ^~~~~~~~~~~~~~
                                       AXI_Gpio
make: *** [src/subdir.mk:23: src/main.o] Error 1
20:33:23 **** Auto Build of configuration Debug for project axi_gpio ****
make pre-build main-build 
a9-linaro-pre-build-step
' '
'Building file: ../src/main.c'
'Invoking: ARM v7 gcc compiler'
arm-none-eabi-gcc -Wall -O0 -g3 -c -fmessage-length=0 -MT"src/main.o" -mcpu=cortex-a9 -mfpu=vfpv3 -mfloat-abi=hard -I../../axi_gpio_bsp/ps7_cortexa9_0/include -MMD -MP -MF"src/main.d" -MT"src/main.o" -o "src/main.o" "../src/main.c"
'Finished building: ../src/main.c'
' '
'Building target: axi_gpio.elf'
'Invoking: ARM v7 gcc linker'
arm-none-eabi-gcc -mcpu=cortex-a9 -mfpu=vfpv3 -mfloat-abi=hard -Wl,-build-id=none -specs=Xilinx.spec -Wl,-T -Wl,../src/lscript.ld -L../../axi_gpio_bsp/ps7_cortexa9_0/lib -o "axi_gpio.elf"  ./src/main.o   -Wl,--start-group,-lxil,-lgcc,-lc,--end-group
'Finished building target: axi_gpio.elf'
' '
'Invoking: ARM v7 Print Size'
arm-none-eabi-size axi_gpio.elf  |tee "axi_gpio.elf.size"
   text	   data	    bss	    dec	    hex	filename
  82960	   3380	  23408	 109748	  1acb4	axi_gpio.elf
'Finished building: axi_gpio.elf.size'
' '
20:33:28 **** Incremental Build of configuration Debug for project axi_gpio ****
make pre-build main-build 
a9-linaro-pre-build-step
' '
make: Nothing to be done for 'main-build'.
20:35:28 **** Incremental Build of configuration Debug for project axi_gpio ****
make pre-build main-build 
a9-linaro-pre-build-step
' '
make: Nothing to be done for 'main-build'.
20:35:43 **** Auto Build of configuration Debug for project axi_gpio ****
make pre-build main-build 
a9-linaro-pre-build-step
' '
'Building file: ../src/main.c'
'Invoking: ARM v7 gcc compiler'
arm-none-eabi-gcc -Wall -O0 -g3 -c -fmessage-length=0 -MT"src/main.o" -mcpu=cortex-a9 -mfpu=vfpv3 -mfloat-abi=hard -I../../axi_gpio_bsp/ps7_cortexa9_0/include -MMD -MP -MF"src/main.d" -MT"src/main.o" -o "src/main.o" "../src/main.c"
'Finished building: ../src/main.c'
' '
'Building target: axi_gpio.elf'
'Invoking: ARM v7 gcc linker'
arm-none-eabi-gcc -mcpu=cortex-a9 -mfpu=vfpv3 -mfloat-abi=hard -Wl,-build-id=none -specs=Xilinx.spec -Wl,-T -Wl,../src/lscript.ld -L../../axi_gpio_bsp/ps7_cortexa9_0/lib -o "axi_gpio.elf"  ./src/main.o   -Wl,--start-group,-lxil,-lgcc,-lc,--end-group
'Finished building target: axi_gpio.elf'
' '
'Invoking: ARM v7 Print Size'
arm-none-eabi-size axi_gpio.elf  |tee "axi_gpio.elf.size"
   text	   data	    bss	    dec	    hex	filename
  82896	   3380	  23408	 109684	  1ac74	axi_gpio.elf
'Finished building: axi_gpio.elf.size'
' '
20:35:51 **** Incremental Build of configuration Debug for project axi_gpio ****
make pre-build main-build 
a9-linaro-pre-build-step
' '
make: Nothing to be done for 'main-build'.
20:37:25 **** Auto Build of configuration Debug for project axi_gpio ****
make pre-build main-build 
a9-linaro-pre-build-step
' '
'Building file: ../src/main.c'
'Invoking: ARM v7 gcc compiler'
arm-none-eabi-gcc -Wall -O0 -g3 -c -fmessage-length=0 -MT"src/main.o" -mcpu=cortex-a9 -mfpu=vfpv3 -mfloat-abi=hard -I../../axi_gpio_bsp/ps7_cortexa9_0/include -MMD -MP -MF"src/main.d" -MT"src/main.o" -o "src/main.o" "../src/main.c"
'Finished building: ../src/main.c'
' '
'Building target: axi_gpio.elf'
'Invoking: ARM v7 gcc linker'
arm-none-eabi-gcc -mcpu=cortex-a9 -mfpu=vfpv3 -mfloat-abi=hard -Wl,-build-id=none -specs=Xilinx.spec -Wl,-T -Wl,../src/lscript.ld -L../../axi_gpio_bsp/ps7_cortexa9_0/lib -o "axi_gpio.elf"  ./src/main.o   -Wl,--start-group,-lxil,-lgcc,-lc,--end-group
'Finished building target: axi_gpio.elf'
' '
'Invoking: ARM v7 Print Size'
arm-none-eabi-size axi_gpio.elf  |tee "axi_gpio.elf.size"
   text	   data	    bss	    dec	    hex	filename
  82896	   3380	  23408	 109684	  1ac74	axi_gpio.elf
'Finished building: axi_gpio.elf.size'
' '
20:37:31 **** Incremental Build of configuration Debug for project axi_gpio ****
make pre-build main-build 
a9-linaro-pre-build-step
' '
make: Nothing to be done for 'main-build'.
20:37:50 **** Incremental Build of configuration Debug for project axi_gpio ****
make pre-build main-build 
a9-linaro-pre-build-step
' '
make: Nothing to be done for 'main-build'.
20:38:11 **** Incremental Build of configuration Debug for project axi_gpio ****
make pre-build main-build 
a9-linaro-pre-build-step
' '
'Building file: ../src/main.c'
'Invoking: ARM v7 gcc compiler'
arm-none-eabi-gcc -Wall -O0 -g3 -c -fmessage-length=0 -MT"src/main.o" -mcpu=cortex-a9 -mfpu=vfpv3 -mfloat-abi=hard -I../../axi_gpio_bsp/ps7_cortexa9_0/include -MMD -MP -MF"src/main.d" -MT"src/main.o" -o "src/main.o" "../src/main.c"
'Finished building: ../src/main.c'
' '
'Building target: axi_gpio.elf'
'Invoking: ARM v7 gcc linker'
arm-none-eabi-gcc -mcpu=cortex-a9 -mfpu=vfpv3 -mfloat-abi=hard -Wl,-build-id=none -specs=Xilinx.spec -Wl,-T -Wl,../src/lscript.ld -L../../axi_gpio_bsp/ps7_cortexa9_0/lib -o "axi_gpio.elf"  ./src/main.o   -Wl,--start-group,-lxil,-lgcc,-lc,--end-group
'Finished building target: axi_gpio.elf'
' '
'Invoking: ARM v7 Print Size'
arm-none-eabi-size axi_gpio.elf  |tee "axi_gpio.elf.size"
   text	   data	    bss	    dec	    hex	filename
  82896	   3380	  23408	 109684	  1ac74	axi_gpio.elf
'Finished building: axi_gpio.elf.size'
' '
20:39:00 **** Incremental Build of configuration Debug for project axi_gpio ****
make pre-build main-build 
a9-linaro-pre-build-step
' '
make: Nothing to be done for 'main-build'.
20:39:21 **** Incremental Build of configuration Debug for project axi_gpio ****
make pre-build main-build 
a9-linaro-pre-build-step
' '
make: Nothing to be done for 'main-build'.
20:39:47 **** Auto Build of configuration Debug for project axi_gpio ****
make pre-build main-build 
a9-linaro-pre-build-step
' '
'Building file: ../src/main.c'
'Invoking: ARM v7 gcc compiler'
arm-none-eabi-gcc -Wall -O0 -g3 -c -fmessage-length=0 -MT"src/main.o" -mcpu=cortex-a9 -mfpu=vfpv3 -mfloat-abi=hard -I../../axi_gpio_bsp/ps7_cortexa9_0/include -MMD -MP -MF"src/main.d" -MT"src/main.o" -o "src/main.o" "../src/main.c"
'Finished building: ../src/main.c'
' '
'Building target: axi_gpio.elf'
'Invoking: ARM v7 gcc linker'
arm-none-eabi-gcc -mcpu=cortex-a9 -mfpu=vfpv3 -mfloat-abi=hard -Wl,-build-id=none -specs=Xilinx.spec -Wl,-T -Wl,../src/lscript.ld -L../../axi_gpio_bsp/ps7_cortexa9_0/lib -o "axi_gpio.elf"  ./src/main.o   -Wl,--start-group,-lxil,-lgcc,-lc,--end-group
'Finished building target: axi_gpio.elf'
' '
'Invoking: ARM v7 Print Size'
arm-none-eabi-size axi_gpio.elf  |tee "axi_gpio.elf.size"
   text	   data	    bss	    dec	    hex	filename
  82960	   3380	  23408	 109748	  1acb4	axi_gpio.elf
'Finished building: axi_gpio.elf.size'
' '
20:39:50 **** Incremental Build of configuration Debug for project axi_gpio ****
make pre-build main-build 
a9-linaro-pre-build-step
' '
make: Nothing to be done for 'main-build'.
20:42:34 **** Auto Build of configuration Debug for project axi_gpio ****
make pre-build main-build 
a9-linaro-pre-build-step
' '
make: Nothing to be done for 'main-build'.
20:43:43 **** Incremental Build of configuration Debug for project axi_gpio ****
make pre-build main-build 
a9-linaro-pre-build-step
' '
make: Nothing to be done for 'main-build'.
20:45:06 **** Incremental Build of configuration Debug for project axi_gpio ****
make pre-build main-build 
a9-linaro-pre-build-step
' '
make: Nothing to be done for 'main-build'.
20:47:39 **** Auto Build of configuration Debug for project axi_gpio ****
make pre-build main-build 
a9-linaro-pre-build-step
' '
'Building file: ../src/main.c'
'Invoking: ARM v7 gcc compiler'
arm-none-eabi-gcc -Wall -O0 -g3 -c -fmessage-length=0 -MT"src/main.o" -mcpu=cortex-a9 -mfpu=vfpv3 -mfloat-abi=hard -I../../axi_gpio_bsp/ps7_cortexa9_0/include -MMD -MP -MF"src/main.d" -MT"src/main.o" -o "src/main.o" "../src/main.c"
'Finished building: ../src/main.c'
' '
'Building target: axi_gpio.elf'
'Invoking: ARM v7 gcc linker'
arm-none-eabi-gcc -mcpu=cortex-a9 -mfpu=vfpv3 -mfloat-abi=hard -Wl,-build-id=none -specs=Xilinx.spec -Wl,-T -Wl,../src/lscript.ld -L../../axi_gpio_bsp/ps7_cortexa9_0/lib -o "axi_gpio.elf"  ./src/main.o   -Wl,--start-group,-lxil,-lgcc,-lc,--end-group
'Finished building target: axi_gpio.elf'
' '
'Invoking: ARM v7 Print Size'
arm-none-eabi-size axi_gpio.elf  |tee "axi_gpio.elf.size"
   text	   data	    bss	    dec	    hex	filename
  82960	   3380	  23408	 109748	  1acb4	axi_gpio.elf
'Finished building: axi_gpio.elf.size'
' '
20:47:43 **** Incremental Build of configuration Debug for project axi_gpio ****
make pre-build main-build 
a9-linaro-pre-build-step
' '
make: Nothing to be done for 'main-build'.
20:50:22 **** Auto Build of configuration Debug for project axi_gpio ****
make pre-build main-build 
a9-linaro-pre-build-step
' '
'Building file: ../src/main.c'
'Invoking: ARM v7 gcc compiler'
arm-none-eabi-gcc -Wall -O0 -g3 -c -fmessage-length=0 -MT"src/main.o" -mcpu=cortex-a9 -mfpu=vfpv3 -mfloat-abi=hard -I../../axi_gpio_bsp/ps7_cortexa9_0/include -MMD -MP -MF"src/main.d" -MT"src/main.o" -o "src/main.o" "../src/main.c"
'Finished building: ../src/main.c'
' '
'Building target: axi_gpio.elf'
'Invoking: ARM v7 gcc linker'
arm-none-eabi-gcc -mcpu=cortex-a9 -mfpu=vfpv3 -mfloat-abi=hard -Wl,-build-id=none -specs=Xilinx.spec -Wl,-T -Wl,../src/lscript.ld -L../../axi_gpio_bsp/ps7_cortexa9_0/lib -o "axi_gpio.elf"  ./src/main.o   -Wl,--start-group,-lxil,-lgcc,-lc,--end-group
'Finished building target: axi_gpio.elf'
' '
'Invoking: ARM v7 Print Size'
arm-none-eabi-size axi_gpio.elf  |tee "axi_gpio.elf.size"
   text	   data	    bss	    dec	    hex	filename
  82960	   3380	  23408	 109748	  1acb4	axi_gpio.elf
'Finished building: axi_gpio.elf.size'
' '
20:50:27 **** Incremental Build of configuration Debug for project axi_gpio ****
make pre-build main-build 
a9-linaro-pre-build-step
' '
make: Nothing to be done for 'main-build'.
20:50:46 **** Auto Build of configuration Debug for project axi_gpio ****
make pre-build main-build 
a9-linaro-pre-build-step
' '
'Building file: ../src/main.c'
'Invoking: ARM v7 gcc compiler'
arm-none-eabi-gcc -Wall -O0 -g3 -c -fmessage-length=0 -MT"src/main.o" -mcpu=cortex-a9 -mfpu=vfpv3 -mfloat-abi=hard -I../../axi_gpio_bsp/ps7_cortexa9_0/include -MMD -MP -MF"src/main.d" -MT"src/main.o" -o "src/main.o" "../src/main.c"
'Finished building: ../src/main.c'
' '
'Building target: axi_gpio.elf'
'Invoking: ARM v7 gcc linker'
arm-none-eabi-gcc -mcpu=cortex-a9 -mfpu=vfpv3 -mfloat-abi=hard -Wl,-build-id=none -specs=Xilinx.spec -Wl,-T -Wl,../src/lscript.ld -L../../axi_gpio_bsp/ps7_cortexa9_0/lib -o "axi_gpio.elf"  ./src/main.o   -Wl,--start-group,-lxil,-lgcc,-lc,--end-group
'Finished building target: axi_gpio.elf'
' '
'Invoking: ARM v7 Print Size'
arm-none-eabi-size axi_gpio.elf  |tee "axi_gpio.elf.size"
   text	   data	    bss	    dec	    hex	filename
  82960	   3380	  23408	 109748	  1acb4	axi_gpio.elf
'Finished building: axi_gpio.elf.size'
' '
20:50:52 **** Incremental Build of configuration Debug for project axi_gpio ****
make pre-build main-build 
a9-linaro-pre-build-step
' '
make: Nothing to be done for 'main-build'.
20:52:12 **** Auto Build of configuration Debug for project axi_gpio ****
make pre-build main-build 
a9-linaro-pre-build-step
' '
'Building file: ../src/main.c'
'Invoking: ARM v7 gcc compiler'
arm-none-eabi-gcc -Wall -O0 -g3 -c -fmessage-length=0 -MT"src/main.o" -mcpu=cortex-a9 -mfpu=vfpv3 -mfloat-abi=hard -I../../axi_gpio_bsp/ps7_cortexa9_0/include -MMD -MP -MF"src/main.d" -MT"src/main.o" -o "src/main.o" "../src/main.c"
'Finished building: ../src/main.c'
' '
'Building target: axi_gpio.elf'
'Invoking: ARM v7 gcc linker'
arm-none-eabi-gcc -mcpu=cortex-a9 -mfpu=vfpv3 -mfloat-abi=hard -Wl,-build-id=none -specs=Xilinx.spec -Wl,-T -Wl,../src/lscript.ld -L../../axi_gpio_bsp/ps7_cortexa9_0/lib -o "axi_gpio.elf"  ./src/main.o   -Wl,--start-group,-lxil,-lgcc,-lc,--end-group
'Finished building target: axi_gpio.elf'
' '
'Invoking: ARM v7 Print Size'
arm-none-eabi-size axi_gpio.elf  |tee "axi_gpio.elf.size"
   text	   data	    bss	    dec	    hex	filename
  82960	   3380	  23408	 109748	  1acb4	axi_gpio.elf
'Finished building: axi_gpio.elf.size'
' '
20:52:17 **** Incremental Build of configuration Debug for project axi_gpio ****
make pre-build main-build 
a9-linaro-pre-build-step
' '
make: Nothing to be done for 'main-build'.
10:14:39 **** Incremental Build of configuration Debug for project axi_gpio ****
make pre-build main-build 
a9-linaro-pre-build-step
' '
'Building file: ../src/main.c'
'Invoking: ARM v7 gcc compiler'
arm-none-eabi-gcc -Wall -O0 -g3 -c -fmessage-length=0 -MT"src/main.o" -mcpu=cortex-a9 -mfpu=vfpv3 -mfloat-abi=hard -I../../axi_gpio_bsp/ps7_cortexa9_0/include -MMD -MP -MF"src/main.d" -MT"src/main.o" -o "src/main.o" "../src/main.c"
'Finished building: ../src/main.c'
' '
'Building target: axi_gpio.elf'
'Invoking: ARM v7 gcc linker'
arm-none-eabi-gcc -mcpu=cortex-a9 -mfpu=vfpv3 -mfloat-abi=hard -Wl,-build-id=none -specs=Xilinx.spec -Wl,-T -Wl,../src/lscript.ld -L../../axi_gpio_bsp/ps7_cortexa9_0/lib -o "axi_gpio.elf"  ./src/main.o   -Wl,--start-group,-lxil,-lgcc,-lc,--end-group
'Finished building target: axi_gpio.elf'
' '
'Invoking: ARM v7 Print Size'
arm-none-eabi-size axi_gpio.elf  |tee "axi_gpio.elf.size"
   text	   data	    bss	    dec	    hex	filename
  82960	   3380	  23408	 109748	  1acb4	axi_gpio.elf
'Finished building: axi_gpio.elf.size'
' '
10:15:00 **** Auto Build of configuration Debug for project axi_gpio ****
make pre-build main-build 
a9-linaro-pre-build-step
' '
'Building file: ../src/main.c'
'Invoking: ARM v7 gcc compiler'
arm-none-eabi-gcc -Wall -O0 -g3 -c -fmessage-length=0 -MT"src/main.o" -mcpu=cortex-a9 -mfpu=vfpv3 -mfloat-abi=hard -I../../axi_gpio_bsp/ps7_cortexa9_0/include -MMD -MP -MF"src/main.d" -MT"src/main.o" -o "src/main.o" "../src/main.c"
'Finished building: ../src/main.c'
' '
'Building target: axi_gpio.elf'
'Invoking: ARM v7 gcc linker'
arm-none-eabi-gcc -mcpu=cortex-a9 -mfpu=vfpv3 -mfloat-abi=hard -Wl,-build-id=none -specs=Xilinx.spec -Wl,-T -Wl,../src/lscript.ld -L../../axi_gpio_bsp/ps7_cortexa9_0/lib -o "axi_gpio.elf"  ./src/main.o   -Wl,--start-group,-lxil,-lgcc,-lc,--end-group
'Finished building target: axi_gpio.elf'
' '
'Invoking: ARM v7 Print Size'
arm-none-eabi-size axi_gpio.elf  |tee "axi_gpio.elf.size"
   text	   data	    bss	    dec	    hex	filename
  82960	   3380	  23408	 109748	  1acb4	axi_gpio.elf
'Finished building: axi_gpio.elf.size'
' '
10:15:06 **** Incremental Build of configuration Debug for project axi_gpio ****
make pre-build main-build 
a9-linaro-pre-build-step
' '
make: Nothing to be done for 'main-build'.
10:15:32 **** Incremental Build of configuration Debug for project axi_gpio ****
make pre-build main-build 
a9-linaro-pre-build-step
' '
'Building file: ../src/main.c'
'Invoking: ARM v7 gcc compiler'
arm-none-eabi-gcc -Wall -O0 -g3 -c -fmessage-length=0 -MT"src/main.o" -mcpu=cortex-a9 -mfpu=vfpv3 -mfloat-abi=hard -I../../axi_gpio_bsp/ps7_cortexa9_0/include -MMD -MP -MF"src/main.d" -MT"src/main.o" -o "src/main.o" "../src/main.c"
'Finished building: ../src/main.c'
' '
'Building target: axi_gpio.elf'
'Invoking: ARM v7 gcc linker'
arm-none-eabi-gcc -mcpu=cortex-a9 -mfpu=vfpv3 -mfloat-abi=hard -Wl,-build-id=none -specs=Xilinx.spec -Wl,-T -Wl,../src/lscript.ld -L../../axi_gpio_bsp/ps7_cortexa9_0/lib -o "axi_gpio.elf"  ./src/main.o   -Wl,--start-group,-lxil,-lgcc,-lc,--end-group
'Finished building target: axi_gpio.elf'
' '
'Invoking: ARM v7 Print Size'
arm-none-eabi-size axi_gpio.elf  |tee "axi_gpio.elf.size"
   text	   data	    bss	    dec	    hex	filename
  82960	   3380	  23408	 109748	  1acb4	axi_gpio.elf
'Finished building: axi_gpio.elf.size'
' '
10:16:02 **** Incremental Build of configuration Debug for project axi_gpio ****
make pre-build main-build 
a9-linaro-pre-build-step
' '
make: Nothing to be done for 'main-build'.
10:16:34 **** Incremental Build of configuration Debug for project axi_gpio ****
make pre-build main-build 
a9-linaro-pre-build-step
' '
make: Nothing to be done for 'main-build'.
10:17:00 **** Incremental Build of configuration Debug for project axi_gpio ****
make pre-build main-build 
a9-linaro-pre-build-step
' '
'Building file: ../src/main.c'
'Invoking: ARM v7 gcc compiler'
arm-none-eabi-gcc -Wall -O0 -g3 -c -fmessage-length=0 -MT"src/main.o" -mcpu=cortex-a9 -mfpu=vfpv3 -mfloat-abi=hard -I../../axi_gpio_bsp/ps7_cortexa9_0/include -MMD -MP -MF"src/main.d" -MT"src/main.o" -o "src/main.o" "../src/main.c"
'Finished building: ../src/main.c'
' '
'Building target: axi_gpio.elf'
'Invoking: ARM v7 gcc linker'
arm-none-eabi-gcc -mcpu=cortex-a9 -mfpu=vfpv3 -mfloat-abi=hard -Wl,-build-id=none -specs=Xilinx.spec -Wl,-T -Wl,../src/lscript.ld -L../../axi_gpio_bsp/ps7_cortexa9_0/lib -o "axi_gpio.elf"  ./src/main.o   -Wl,--start-group,-lxil,-lgcc,-lc,--end-group
'Finished building target: axi_gpio.elf'
' '
'Invoking: ARM v7 Print Size'
arm-none-eabi-size axi_gpio.elf  |tee "axi_gpio.elf.size"
   text	   data	    bss	    dec	    hex	filename
  82960	   3380	  23408	 109748	  1acb4	axi_gpio.elf
'Finished building: axi_gpio.elf.size'
' '
10:17:24 **** Auto Build of configuration Debug for project axi_gpio ****
make pre-build main-build 
a9-linaro-pre-build-step
' '
'Building file: ../src/main.c'
'Invoking: ARM v7 gcc compiler'
arm-none-eabi-gcc -Wall -O0 -g3 -c -fmessage-length=0 -MT"src/main.o" -mcpu=cortex-a9 -mfpu=vfpv3 -mfloat-abi=hard -I../../axi_gpio_bsp/ps7_cortexa9_0/include -MMD -MP -MF"src/main.d" -MT"src/main.o" -o "src/main.o" "../src/main.c"
'Finished building: ../src/main.c'
' '
'Building target: axi_gpio.elf'
'Invoking: ARM v7 gcc linker'
arm-none-eabi-gcc -mcpu=cortex-a9 -mfpu=vfpv3 -mfloat-abi=hard -Wl,-build-id=none -specs=Xilinx.spec -Wl,-T -Wl,../src/lscript.ld -L../../axi_gpio_bsp/ps7_cortexa9_0/lib -o "axi_gpio.elf"  ./src/main.o   -Wl,--start-group,-lxil,-lgcc,-lc,--end-group
'Finished building target: axi_gpio.elf'
' '
'Invoking: ARM v7 Print Size'
arm-none-eabi-size axi_gpio.elf  |tee "axi_gpio.elf.size"
   text	   data	    bss	    dec	    hex	filename
  82960	   3380	  23408	 109748	  1acb4	axi_gpio.elf
'Finished building: axi_gpio.elf.size'
' '
10:17:28 **** Incremental Build of configuration Debug for project axi_gpio ****
make pre-build main-build 
a9-linaro-pre-build-step
' '
make: Nothing to be done for 'main-build'.
10:17:43 **** Auto Build of configuration Debug for project axi_gpio ****
make pre-build main-build 
a9-linaro-pre-build-step
' '
'Building file: ../src/main.c'
'Invoking: ARM v7 gcc compiler'
arm-none-eabi-gcc -Wall -O0 -g3 -c -fmessage-length=0 -MT"src/main.o" -mcpu=cortex-a9 -mfpu=vfpv3 -mfloat-abi=hard -I../../axi_gpio_bsp/ps7_cortexa9_0/include -MMD -MP -MF"src/main.d" -MT"src/main.o" -o "src/main.o" "../src/main.c"
'Finished building: ../src/main.c'
' '
'Building target: axi_gpio.elf'
'Invoking: ARM v7 gcc linker'
arm-none-eabi-gcc -mcpu=cortex-a9 -mfpu=vfpv3 -mfloat-abi=hard -Wl,-build-id=none -specs=Xilinx.spec -Wl,-T -Wl,../src/lscript.ld -L../../axi_gpio_bsp/ps7_cortexa9_0/lib -o "axi_gpio.elf"  ./src/main.o   -Wl,--start-group,-lxil,-lgcc,-lc,--end-group
'Finished building target: axi_gpio.elf'
' '
'Invoking: ARM v7 Print Size'
arm-none-eabi-size axi_gpio.elf  |tee "axi_gpio.elf.size"
   text	   data	    bss	    dec	    hex	filename
  82960	   3380	  23408	 109748	  1acb4	axi_gpio.elf
'Finished building: axi_gpio.elf.size'
' '
10:19:17 **** Auto Build of configuration Debug for project axi_gpio ****
make pre-build main-build 
a9-linaro-pre-build-step
' '
'Building file: ../src/main.c'
'Invoking: ARM v7 gcc compiler'
arm-none-eabi-gcc -Wall -O0 -g3 -c -fmessage-length=0 -MT"src/main.o" -mcpu=cortex-a9 -mfpu=vfpv3 -mfloat-abi=hard -I../../axi_gpio_bsp/ps7_cortexa9_0/include -MMD -MP -MF"src/main.d" -MT"src/main.o" -o "src/main.o" "../src/main.c"
'Finished building: ../src/main.c'
' '
'Building target: axi_gpio.elf'
'Invoking: ARM v7 gcc linker'
arm-none-eabi-gcc -mcpu=cortex-a9 -mfpu=vfpv3 -mfloat-abi=hard -Wl,-build-id=none -specs=Xilinx.spec -Wl,-T -Wl,../src/lscript.ld -L../../axi_gpio_bsp/ps7_cortexa9_0/lib -o "axi_gpio.elf"  ./src/main.o   -Wl,--start-group,-lxil,-lgcc,-lc,--end-group
'Finished building target: axi_gpio.elf'
' '
'Invoking: ARM v7 Print Size'
arm-none-eabi-size axi_gpio.elf  |tee "axi_gpio.elf.size"
   text	   data	    bss	    dec	    hex	filename
  82960	   3380	  23424	 109764	  1acc4	axi_gpio.elf
'Finished building: axi_gpio.elf.size'
' '
10:19:20 **** Incremental Build of configuration Debug for project axi_gpio ****
make pre-build main-build 
a9-linaro-pre-build-step
' '
make: Nothing to be done for 'main-build'.
10:19:43 **** Auto Build of configuration Debug for project axi_gpio ****
make pre-build main-build 
a9-linaro-pre-build-step
' '
'Building file: ../src/main.c'
'Invoking: ARM v7 gcc compiler'
arm-none-eabi-gcc -Wall -O0 -g3 -c -fmessage-length=0 -MT"src/main.o" -mcpu=cortex-a9 -mfpu=vfpv3 -mfloat-abi=hard -I../../axi_gpio_bsp/ps7_cortexa9_0/include -MMD -MP -MF"src/main.d" -MT"src/main.o" -o "src/main.o" "../src/main.c"
'Finished building: ../src/main.c'
' '
'Building target: axi_gpio.elf'
'Invoking: ARM v7 gcc linker'
arm-none-eabi-gcc -mcpu=cortex-a9 -mfpu=vfpv3 -mfloat-abi=hard -Wl,-build-id=none -specs=Xilinx.spec -Wl,-T -Wl,../src/lscript.ld -L../../axi_gpio_bsp/ps7_cortexa9_0/lib -o "axi_gpio.elf"  ./src/main.o   -Wl,--start-group,-lxil,-lgcc,-lc,--end-group
'Finished building target: axi_gpio.elf'
' '
'Invoking: ARM v7 Print Size'
arm-none-eabi-size axi_gpio.elf  |tee "axi_gpio.elf.size"
   text	   data	    bss	    dec	    hex	filename
  82960	   3380	  23424	 109764	  1acc4	axi_gpio.elf
'Finished building: axi_gpio.elf.size'
' '
10:19:50 **** Incremental Build of configuration Debug for project axi_gpio ****
make pre-build main-build 
a9-linaro-pre-build-step
' '
make: Nothing to be done for 'main-build'.
10:21:13 **** Incremental Build of configuration Debug for project axi_gpio ****
make pre-build main-build 
a9-linaro-pre-build-step
' '
make: Nothing to be done for 'main-build'.
10:21:42 **** Auto Build of configuration Debug for project axi_gpio ****
make pre-build main-build 
a9-linaro-pre-build-step
' '
'Building file: ../src/main.c'
'Invoking: ARM v7 gcc compiler'
arm-none-eabi-gcc -Wall -O0 -g3 -c -fmessage-length=0 -MT"src/main.o" -mcpu=cortex-a9 -mfpu=vfpv3 -mfloat-abi=hard -I../../axi_gpio_bsp/ps7_cortexa9_0/include -MMD -MP -MF"src/main.d" -MT"src/main.o" -o "src/main.o" "../src/main.c"
'Finished building: ../src/main.c'
' '
'Building target: axi_gpio.elf'
'Invoking: ARM v7 gcc linker'
arm-none-eabi-gcc -mcpu=cortex-a9 -mfpu=vfpv3 -mfloat-abi=hard -Wl,-build-id=none -specs=Xilinx.spec -Wl,-T -Wl,../src/lscript.ld -L../../axi_gpio_bsp/ps7_cortexa9_0/lib -o "axi_gpio.elf"  ./src/main.o   -Wl,--start-group,-lxil,-lgcc,-lc,--end-group
'Finished building target: axi_gpio.elf'
' '
'Invoking: ARM v7 Print Size'
arm-none-eabi-size axi_gpio.elf  |tee "axi_gpio.elf.size"
   text	   data	    bss	    dec	    hex	filename
  82960	   3380	  23424	 109764	  1acc4	axi_gpio.elf
'Finished building: axi_gpio.elf.size'
' '
10:21:45 **** Incremental Build of configuration Debug for project axi_gpio ****
make pre-build main-build 
a9-linaro-pre-build-step
' '
make: Nothing to be done for 'main-build'.
10:38:23 **** Auto Build of configuration Debug for project axi_gpio ****
make pre-build main-build 
a9-linaro-pre-build-step
' '
'Building file: ../src/main.c'
'Invoking: ARM v7 gcc compiler'
arm-none-eabi-gcc -Wall -O0 -g3 -c -fmessage-length=0 -MT"src/main.o" -mcpu=cortex-a9 -mfpu=vfpv3 -mfloat-abi=hard -I../../axi_gpio_bsp/ps7_cortexa9_0/include -MMD -MP -MF"src/main.d" -MT"src/main.o" -o "src/main.o" "../src/main.c"
'Finished building: ../src/main.c'
' '
'Building target: axi_gpio.elf'
'Invoking: ARM v7 gcc linker'
arm-none-eabi-gcc -mcpu=cortex-a9 -mfpu=vfpv3 -mfloat-abi=hard -Wl,-build-id=none -specs=Xilinx.spec -Wl,-T -Wl,../src/lscript.ld -L../../axi_gpio_bsp/ps7_cortexa9_0/lib -o "axi_gpio.elf"  ./src/main.o   -Wl,--start-group,-lxil,-lgcc,-lc,--end-group
'Finished building target: axi_gpio.elf'
' '
'Invoking: ARM v7 Print Size'
arm-none-eabi-size axi_gpio.elf  |tee "axi_gpio.elf.size"
   text	   data	    bss	    dec	    hex	filename
  83024	   3380	  23424	 109828	  1ad04	axi_gpio.elf
'Finished building: axi_gpio.elf.size'
' '
10:38:27 **** Incremental Build of configuration Debug for project axi_gpio ****
make pre-build main-build 
a9-linaro-pre-build-step
' '
make: Nothing to be done for 'main-build'.
10:38:49 **** Auto Build of configuration Debug for project axi_gpio ****
make pre-build main-build 
a9-linaro-pre-build-step
' '
'Building file: ../src/main.c'
'Invoking: ARM v7 gcc compiler'
arm-none-eabi-gcc -Wall -O0 -g3 -c -fmessage-length=0 -MT"src/main.o" -mcpu=cortex-a9 -mfpu=vfpv3 -mfloat-abi=hard -I../../axi_gpio_bsp/ps7_cortexa9_0/include -MMD -MP -MF"src/main.d" -MT"src/main.o" -o "src/main.o" "../src/main.c"
'Finished building: ../src/main.c'
' '
'Building target: axi_gpio.elf'
'Invoking: ARM v7 gcc linker'
arm-none-eabi-gcc -mcpu=cortex-a9 -mfpu=vfpv3 -mfloat-abi=hard -Wl,-build-id=none -specs=Xilinx.spec -Wl,-T -Wl,../src/lscript.ld -L../../axi_gpio_bsp/ps7_cortexa9_0/lib -o "axi_gpio.elf"  ./src/main.o   -Wl,--start-group,-lxil,-lgcc,-lc,--end-group
'Finished building target: axi_gpio.elf'
' '
'Invoking: ARM v7 Print Size'
arm-none-eabi-size axi_gpio.elf  |tee "axi_gpio.elf.size"
   text	   data	    bss	    dec	    hex	filename
  82960	   3380	  23424	 109764	  1acc4	axi_gpio.elf
'Finished building: axi_gpio.elf.size'
' '
10:38:53 **** Incremental Build of configuration Debug for project axi_gpio ****
make pre-build main-build 
a9-linaro-pre-build-step
' '
make: Nothing to be done for 'main-build'.
10:51:48 **** Auto Build of configuration Debug for project axi_gpio ****
make pre-build main-build 
a9-linaro-pre-build-step
' '
'Building file: ../src/main.c'
'Invoking: ARM v7 gcc compiler'
arm-none-eabi-gcc -Wall -O0 -g3 -c -fmessage-length=0 -MT"src/main.o" -mcpu=cortex-a9 -mfpu=vfpv3 -mfloat-abi=hard -I../../axi_gpio_bsp/ps7_cortexa9_0/include -MMD -MP -MF"src/main.d" -MT"src/main.o" -o "src/main.o" "../src/main.c"
'Finished building: ../src/main.c'
' '
'Building target: axi_gpio.elf'
'Invoking: ARM v7 gcc linker'
arm-none-eabi-gcc -mcpu=cortex-a9 -mfpu=vfpv3 -mfloat-abi=hard -Wl,-build-id=none -specs=Xilinx.spec -Wl,-T -Wl,../src/lscript.ld -L../../axi_gpio_bsp/ps7_cortexa9_0/lib -o "axi_gpio.elf"  ./src/main.o   -Wl,--start-group,-lxil,-lgcc,-lc,--end-group
'Finished building target: axi_gpio.elf'
' '
'Invoking: ARM v7 Print Size'
arm-none-eabi-size axi_gpio.elf  |tee "axi_gpio.elf.size"
   text	   data	    bss	    dec	    hex	filename
  82960	   3380	  23424	 109764	  1acc4	axi_gpio.elf
'Finished building: axi_gpio.elf.size'
' '
10:52:00 **** Incremental Build of configuration Debug for project axi_gpio ****
make pre-build main-build 
a9-linaro-pre-build-step
' '
make: Nothing to be done for 'main-build'.
10:52:22 **** Auto Build of configuration Debug for project axi_gpio ****
make pre-build main-build 
a9-linaro-pre-build-step
' '
'Building file: ../src/main.c'
'Invoking: ARM v7 gcc compiler'
arm-none-eabi-gcc -Wall -O0 -g3 -c -fmessage-length=0 -MT"src/main.o" -mcpu=cortex-a9 -mfpu=vfpv3 -mfloat-abi=hard -I../../axi_gpio_bsp/ps7_cortexa9_0/include -MMD -MP -MF"src/main.d" -MT"src/main.o" -o "src/main.o" "../src/main.c"
'Finished building: ../src/main.c'
' '
'Building target: axi_gpio.elf'
'Invoking: ARM v7 gcc linker'
arm-none-eabi-gcc -mcpu=cortex-a9 -mfpu=vfpv3 -mfloat-abi=hard -Wl,-build-id=none -specs=Xilinx.spec -Wl,-T -Wl,../src/lscript.ld -L../../axi_gpio_bsp/ps7_cortexa9_0/lib -o "axi_gpio.elf"  ./src/main.o   -Wl,--start-group,-lxil,-lgcc,-lc,--end-group
'Finished building target: axi_gpio.elf'
' '
'Invoking: ARM v7 Print Size'
arm-none-eabi-size axi_gpio.elf  |tee "axi_gpio.elf.size"
   text	   data	    bss	    dec	    hex	filename
  82960	   3380	  23424	 109764	  1acc4	axi_gpio.elf
'Finished building: axi_gpio.elf.size'
' '
10:52:30 **** Incremental Build of configuration Debug for project axi_gpio ****
make pre-build main-build 
a9-linaro-pre-build-step
' '
make: Nothing to be done for 'main-build'.
10:54:41 **** Auto Build of configuration Debug for project axi_gpio ****
make pre-build main-build 
a9-linaro-pre-build-step
' '
'Building file: ../src/main.c'
'Invoking: ARM v7 gcc compiler'
arm-none-eabi-gcc -Wall -O0 -g3 -c -fmessage-length=0 -MT"src/main.o" -mcpu=cortex-a9 -mfpu=vfpv3 -mfloat-abi=hard -I../../axi_gpio_bsp/ps7_cortexa9_0/include -MMD -MP -MF"src/main.d" -MT"src/main.o" -o "src/main.o" "../src/main.c"
'Finished building: ../src/main.c'
' '
'Building target: axi_gpio.elf'
'Invoking: ARM v7 gcc linker'
arm-none-eabi-gcc -mcpu=cortex-a9 -mfpu=vfpv3 -mfloat-abi=hard -Wl,-build-id=none -specs=Xilinx.spec -Wl,-T -Wl,../src/lscript.ld -L../../axi_gpio_bsp/ps7_cortexa9_0/lib -o "axi_gpio.elf"  ./src/main.o   -Wl,--start-group,-lxil,-lgcc,-lc,--end-group
'Finished building target: axi_gpio.elf'
' '
'Invoking: ARM v7 Print Size'
arm-none-eabi-size axi_gpio.elf  |tee "axi_gpio.elf.size"
   text	   data	    bss	    dec	    hex	filename
  83024	   3380	  23424	 109828	  1ad04	axi_gpio.elf
'Finished building: axi_gpio.elf.size'
' '
10:54:47 **** Auto Build of configuration Debug for project axi_gpio ****
make pre-build main-build 
a9-linaro-pre-build-step
' '
'Building file: ../src/main.c'
'Invoking: ARM v7 gcc compiler'
arm-none-eabi-gcc -Wall -O0 -g3 -c -fmessage-length=0 -MT"src/main.o" -mcpu=cortex-a9 -mfpu=vfpv3 -mfloat-abi=hard -I../../axi_gpio_bsp/ps7_cortexa9_0/include -MMD -MP -MF"src/main.d" -MT"src/main.o" -o "src/main.o" "../src/main.c"
'Finished building: ../src/main.c'
' '
'Building target: axi_gpio.elf'
'Invoking: ARM v7 gcc linker'
arm-none-eabi-gcc -mcpu=cortex-a9 -mfpu=vfpv3 -mfloat-abi=hard -Wl,-build-id=none -specs=Xilinx.spec -Wl,-T -Wl,../src/lscript.ld -L../../axi_gpio_bsp/ps7_cortexa9_0/lib -o "axi_gpio.elf"  ./src/main.o   -Wl,--start-group,-lxil,-lgcc,-lc,--end-group
'Finished building target: axi_gpio.elf'
' '
'Invoking: ARM v7 Print Size'
arm-none-eabi-size axi_gpio.elf  |tee "axi_gpio.elf.size"
   text	   data	    bss	    dec	    hex	filename
  83024	   3380	  23424	 109828	  1ad04	axi_gpio.elf
'Finished building: axi_gpio.elf.size'
' '
10:54:50 **** Incremental Build of configuration Debug for project axi_gpio ****
make pre-build main-build 
a9-linaro-pre-build-step
' '
make: Nothing to be done for 'main-build'.
10:55:33 **** Auto Build of configuration Debug for project axi_gpio ****
make pre-build main-build 
a9-linaro-pre-build-step
' '
'Building file: ../src/main.c'
'Invoking: ARM v7 gcc compiler'
arm-none-eabi-gcc -Wall -O0 -g3 -c -fmessage-length=0 -MT"src/main.o" -mcpu=cortex-a9 -mfpu=vfpv3 -mfloat-abi=hard -I../../axi_gpio_bsp/ps7_cortexa9_0/include -MMD -MP -MF"src/main.d" -MT"src/main.o" -o "src/main.o" "../src/main.c"
'Finished building: ../src/main.c'
' '
'Building target: axi_gpio.elf'
'Invoking: ARM v7 gcc linker'
arm-none-eabi-gcc -mcpu=cortex-a9 -mfpu=vfpv3 -mfloat-abi=hard -Wl,-build-id=none -specs=Xilinx.spec -Wl,-T -Wl,../src/lscript.ld -L../../axi_gpio_bsp/ps7_cortexa9_0/lib -o "axi_gpio.elf"  ./src/main.o   -Wl,--start-group,-lxil,-lgcc,-lc,--end-group
'Finished building target: axi_gpio.elf'
' '
'Invoking: ARM v7 Print Size'
arm-none-eabi-size axi_gpio.elf  |tee "axi_gpio.elf.size"
   text	   data	    bss	    dec	    hex	filename
  83024	   3380	  23424	 109828	  1ad04	axi_gpio.elf
'Finished building: axi_gpio.elf.size'
' '
10:55:36 **** Incremental Build of configuration Debug for project axi_gpio ****
make pre-build main-build 
a9-linaro-pre-build-step
' '
make: Nothing to be done for 'main-build'.
