09:39:45 **** Build of project AD9361_bsp ****
make -k all 
"Running Make include in ps7_cortexa9_0/libsrc/coresightps_dcc_v1_4/src"
make -C ps7_cortexa9_0/libsrc/coresightps_dcc_v1_4/src -s include  "SHELL=CMD" "COMPILER=arm-none-eabi-gcc" "ARCHIVER=arm-none-eabi-ar" "COMPILER_FLAGS=  -O2 -c" "EXTRA_COMPILER_FLAGS=-mcpu=cortex-a9 -mfpu=vfpv3 -mfloat-abi=hard -nostartfiles -g -Wall -Wextra"
"Running Make include in ps7_cortexa9_0/libsrc/cpu_cortexa9_v2_7/src"
make -C ps7_cortexa9_0/libsrc/cpu_cortexa9_v2_7/src -s include  "SHELL=CMD" "COMPILER=arm-none-eabi-gcc" "ARCHIVER=arm-none-eabi-ar" "COMPILER_FLAGS=  -O2 -c" "EXTRA_COMPILER_FLAGS=-mcpu=cortex-a9 -mfpu=vfpv3 -mfloat-abi=hard -nostartfiles -g -Wall -Wextra"
"Running Make include in ps7_cortexa9_0/libsrc/ddrps_v1_0/src"
make -C ps7_cortexa9_0/libsrc/ddrps_v1_0/src -s include  "SHELL=CMD" "COMPILER=arm-none-eabi-gcc" "ARCHIVER=arm-none-eabi-ar" "COMPILER_FLAGS=  -O2 -c" "EXTRA_COMPILER_FLAGS=-mcpu=cortex-a9 -mfpu=vfpv3 -mfloat-abi=hard -nostartfiles -g -Wall -Wextra"
"Running Make include in ps7_cortexa9_0/libsrc/devcfg_v3_5/src"
make -C ps7_cortexa9_0/libsrc/devcfg_v3_5/src -s include  "SHELL=CMD" "COMPILER=arm-none-eabi-gcc" "ARCHIVER=arm-none-eabi-ar" "COMPILER_FLAGS=  -O2 -c" "EXTRA_COMPILER_FLAGS=-mcpu=cortex-a9 -mfpu=vfpv3 -mfloat-abi=hard -nostartfiles -g -Wall -Wextra"
"Running Make include in ps7_cortexa9_0/libsrc/dmaps_v2_4/src"
make -C ps7_cortexa9_0/libsrc/dmaps_v2_4/src -s include  "SHELL=CMD" "COMPILER=arm-none-eabi-gcc" "ARCHIVER=arm-none-eabi-ar" "COMPILER_FLAGS=  -O2 -c" "EXTRA_COMPILER_FLAGS=-mcpu=cortex-a9 -mfpu=vfpv3 -mfloat-abi=hard -nostartfiles -g -Wall -Wextra"
"Running Make include in ps7_cortexa9_0/libsrc/emacps_v3_8/src"
make -C ps7_cortexa9_0/libsrc/emacps_v3_8/src -s include  "SHELL=CMD" "COMPILER=arm-none-eabi-gcc" "ARCHIVER=arm-none-eabi-ar" "COMPILER_FLAGS=  -O2 -c" "EXTRA_COMPILER_FLAGS=-mcpu=cortex-a9 -mfpu=vfpv3 -mfloat-abi=hard -nostartfiles -g -Wall -Wextra"
"Running Make include in ps7_cortexa9_0/libsrc/gpiops_v3_4/src"
make -C ps7_cortexa9_0/libsrc/gpiops_v3_4/src -s include  "SHELL=CMD" "COMPILER=arm-none-eabi-gcc" "ARCHIVER=arm-none-eabi-ar" "COMPILER_FLAGS=  -O2 -c" "EXTRA_COMPILER_FLAGS=-mcpu=cortex-a9 -mfpu=vfpv3 -mfloat-abi=hard -nostartfiles -g -Wall -Wextra"
"Running Make include in ps7_cortexa9_0/libsrc/iic_v3_5/src"
make -C ps7_cortexa9_0/libsrc/iic_v3_5/src -s include  "SHELL=CMD" "COMPILER=arm-none-eabi-gcc" "ARCHIVER=arm-none-eabi-ar" "COMPILER_FLAGS=  -O2 -c" "EXTRA_COMPILER_FLAGS=-mcpu=cortex-a9 -mfpu=vfpv3 -mfloat-abi=hard -nostartfiles -g -Wall -Wextra"
"Running Make include in ps7_cortexa9_0/libsrc/qspips_v3_5/src"
make -C ps7_cortexa9_0/libsrc/qspips_v3_5/src -s include  "SHELL=CMD" "COMPILER=arm-none-eabi-gcc" "ARCHIVER=arm-none-eabi-ar" "COMPILER_FLAGS=  -O2 -c" "EXTRA_COMPILER_FLAGS=-mcpu=cortex-a9 -mfpu=vfpv3 -mfloat-abi=hard -nostartfiles -g -Wall -Wextra"
"Running Make include in ps7_cortexa9_0/libsrc/scugic_v3_10/src"
make -C ps7_cortexa9_0/libsrc/scugic_v3_10/src -s include  "SHELL=CMD" "COMPILER=arm-none-eabi-gcc" "ARCHIVER=arm-none-eabi-ar" "COMPILER_FLAGS=  -O2 -c" "EXTRA_COMPILER_FLAGS=-mcpu=cortex-a9 -mfpu=vfpv3 -mfloat-abi=hard -nostartfiles -g -Wall -Wextra"
"Running Make include in ps7_cortexa9_0/libsrc/scutimer_v2_1/src"
make -C ps7_cortexa9_0/libsrc/scutimer_v2_1/src -s include  "SHELL=CMD" "COMPILER=arm-none-eabi-gcc" "ARCHIVER=arm-none-eabi-ar" "COMPILER_FLAGS=  -O2 -c" "EXTRA_COMPILER_FLAGS=-mcpu=cortex-a9 -mfpu=vfpv3 -mfloat-abi=hard -nostartfiles -g -Wall -Wextra"
"Running Make include in ps7_cortexa9_0/libsrc/scuwdt_v2_1/src"
make -C ps7_cortexa9_0/libsrc/scuwdt_v2_1/src -s include  "SHELL=CMD" "COMPILER=arm-none-eabi-gcc" "ARCHIVER=arm-none-eabi-ar" "COMPILER_FLAGS=  -O2 -c" "EXTRA_COMPILER_FLAGS=-mcpu=cortex-a9 -mfpu=vfpv3 -mfloat-abi=hard -nostartfiles -g -Wall -Wextra"
"Running Make include in ps7_cortexa9_0/libsrc/sdps_v3_6/src"
make -C ps7_cortexa9_0/libsrc/sdps_v3_6/src -s include  "SHELL=CMD" "COMPILER=arm-none-eabi-gcc" "ARCHIVER=arm-none-eabi-ar" "COMPILER_FLAGS=  -O2 -c" "EXTRA_COMPILER_FLAGS=-mcpu=cortex-a9 -mfpu=vfpv3 -mfloat-abi=hard -nostartfiles -g -Wall -Wextra"
"Running Make include in ps7_cortexa9_0/libsrc/spips_v3_1/src"
make -C ps7_cortexa9_0/libsrc/spips_v3_1/src -s include  "SHELL=CMD" "COMPILER=arm-none-eabi-gcc" "ARCHIVER=arm-none-eabi-ar" "COMPILER_FLAGS=  -O2 -c" "EXTRA_COMPILER_FLAGS=-mcpu=cortex-a9 -mfpu=vfpv3 -mfloat-abi=hard -nostartfiles -g -Wall -Wextra"
"Running Make include in ps7_cortexa9_0/libsrc/standalone_v6_8/src"
make -C ps7_cortexa9_0/libsrc/standalone_v6_8/src -s include  "SHELL=CMD" "COMPILER=arm-none-eabi-gcc" "ARCHIVER=arm-none-eabi-ar" "COMPILER_FLAGS=  -O2 -c" "EXTRA_COMPILER_FLAGS=-mcpu=cortex-a9 -mfpu=vfpv3 -mfloat-abi=hard -nostartfiles -g -Wall -Wextra"
"Running Make include in ps7_cortexa9_0/libsrc/uartps_v3_7/src"
make -C ps7_cortexa9_0/libsrc/uartps_v3_7/src -s include  "SHELL=CMD" "COMPILER=arm-none-eabi-gcc" "ARCHIVER=arm-none-eabi-ar" "COMPILER_FLAGS=  -O2 -c" "EXTRA_COMPILER_FLAGS=-mcpu=cortex-a9 -mfpu=vfpv3 -mfloat-abi=hard -nostartfiles -g -Wall -Wextra"
"Running Make include in ps7_cortexa9_0/libsrc/usbps_v2_4/src"
make -C ps7_cortexa9_0/libsrc/usbps_v2_4/src -s include  "SHELL=CMD" "COMPILER=arm-none-eabi-gcc" "ARCHIVER=arm-none-eabi-ar" "COMPILER_FLAGS=  -O2 -c" "EXTRA_COMPILER_FLAGS=-mcpu=cortex-a9 -mfpu=vfpv3 -mfloat-abi=hard -nostartfiles -g -Wall -Wextra"
"Running Make include in ps7_cortexa9_0/libsrc/xadcps_v2_3/src"
make -C ps7_cortexa9_0/libsrc/xadcps_v2_3/src -s include  "SHELL=CMD" "COMPILER=arm-none-eabi-gcc" "ARCHIVER=arm-none-eabi-ar" "COMPILER_FLAGS=  -O2 -c" "EXTRA_COMPILER_FLAGS=-mcpu=cortex-a9 -mfpu=vfpv3 -mfloat-abi=hard -nostartfiles -g -Wall -Wextra"
"Running Make libs in ps7_cortexa9_0/libsrc/coresightps_dcc_v1_4/src"
make -C ps7_cortexa9_0/libsrc/coresightps_dcc_v1_4/src -s libs  "SHELL=CMD" "COMPILER=arm-none-eabi-gcc" "ARCHIVER=arm-none-eabi-ar" "COMPILER_FLAGS=  -O2 -c" "EXTRA_COMPILER_FLAGS=-mcpu=cortex-a9 -mfpu=vfpv3 -mfloat-abi=hard -nostartfiles -g -Wall -Wextra"
"Compiling coresightps_dcc"
arm-none-eabi-ar: creating ../../../lib/libxil.a
"Running Make libs in ps7_cortexa9_0/libsrc/cpu_cortexa9_v2_7/src"
make -C ps7_cortexa9_0/libsrc/cpu_cortexa9_v2_7/src -s libs  "SHELL=CMD" "COMPILER=arm-none-eabi-gcc" "ARCHIVER=arm-none-eabi-ar" "COMPILER_FLAGS=  -O2 -c" "EXTRA_COMPILER_FLAGS=-mcpu=cortex-a9 -mfpu=vfpv3 -mfloat-abi=hard -nostartfiles -g -Wall -Wextra"
"Compiling cpu_cortexa9"
"Running Make libs in ps7_cortexa9_0/libsrc/ddrps_v1_0/src"
make -C ps7_cortexa9_0/libsrc/ddrps_v1_0/src -s libs  "SHELL=CMD" "COMPILER=arm-none-eabi-gcc" "ARCHIVER=arm-none-eabi-ar" "COMPILER_FLAGS=  -O2 -c" "EXTRA_COMPILER_FLAGS=-mcpu=cortex-a9 -mfpu=vfpv3 -mfloat-abi=hard -nostartfiles -g -Wall -Wextra"
"Compiling ddrps"
"Running Make libs in ps7_cortexa9_0/libsrc/devcfg_v3_5/src"
make -C ps7_cortexa9_0/libsrc/devcfg_v3_5/src -s libs  "SHELL=CMD" "COMPILER=arm-none-eabi-gcc" "ARCHIVER=arm-none-eabi-ar" "COMPILER_FLAGS=  -O2 -c" "EXTRA_COMPILER_FLAGS=-mcpu=cortex-a9 -mfpu=vfpv3 -mfloat-abi=hard -nostartfiles -g -Wall -Wextra"
"Compiling devcfg"
"Running Make libs in ps7_cortexa9_0/libsrc/dmaps_v2_4/src"
make -C ps7_cortexa9_0/libsrc/dmaps_v2_4/src -s libs  "SHELL=CMD" "COMPILER=arm-none-eabi-gcc" "ARCHIVER=arm-none-eabi-ar" "COMPILER_FLAGS=  -O2 -c" "EXTRA_COMPILER_FLAGS=-mcpu=cortex-a9 -mfpu=vfpv3 -mfloat-abi=hard -nostartfiles -g -Wall -Wextra"
"Compiling dmaps"
"Running Make libs in ps7_cortexa9_0/libsrc/emacps_v3_8/src"
make -C ps7_cortexa9_0/libsrc/emacps_v3_8/src -s libs  "SHELL=CMD" "COMPILER=arm-none-eabi-gcc" "ARCHIVER=arm-none-eabi-ar" "COMPILER_FLAGS=  -O2 -c" "EXTRA_COMPILER_FLAGS=-mcpu=cortex-a9 -mfpu=vfpv3 -mfloat-abi=hard -nostartfiles -g -Wall -Wextra"
"Compiling emacps"
"Running Make libs in ps7_cortexa9_0/libsrc/gpiops_v3_4/src"
make -C ps7_cortexa9_0/libsrc/gpiops_v3_4/src -s libs  "SHELL=CMD" "COMPILER=arm-none-eabi-gcc" "ARCHIVER=arm-none-eabi-ar" "COMPILER_FLAGS=  -O2 -c" "EXTRA_COMPILER_FLAGS=-mcpu=cortex-a9 -mfpu=vfpv3 -mfloat-abi=hard -nostartfiles -g -Wall -Wextra"
"Compiling gpiops"
"Running Make libs in ps7_cortexa9_0/libsrc/iic_v3_5/src"
make -C ps7_cortexa9_0/libsrc/iic_v3_5/src -s libs  "SHELL=CMD" "COMPILER=arm-none-eabi-gcc" "ARCHIVER=arm-none-eabi-ar" "COMPILER_FLAGS=  -O2 -c" "EXTRA_COMPILER_FLAGS=-mcpu=cortex-a9 -mfpu=vfpv3 -mfloat-abi=hard -nostartfiles -g -Wall -Wextra"
"Compiling iic"
"Running Make libs in ps7_cortexa9_0/libsrc/qspips_v3_5/src"
make -C ps7_cortexa9_0/libsrc/qspips_v3_5/src -s libs  "SHELL=CMD" "COMPILER=arm-none-eabi-gcc" "ARCHIVER=arm-none-eabi-ar" "COMPILER_FLAGS=  -O2 -c" "EXTRA_COMPILER_FLAGS=-mcpu=cortex-a9 -mfpu=vfpv3 -mfloat-abi=hard -nostartfiles -g -Wall -Wextra"
"Compiling qspips"
"Running Make libs in ps7_cortexa9_0/libsrc/scugic_v3_10/src"
make -C ps7_cortexa9_0/libsrc/scugic_v3_10/src -s libs  "SHELL=CMD" "COMPILER=arm-none-eabi-gcc" "ARCHIVER=arm-none-eabi-ar" "COMPILER_FLAGS=  -O2 -c" "EXTRA_COMPILER_FLAGS=-mcpu=cortex-a9 -mfpu=vfpv3 -mfloat-abi=hard -nostartfiles -g -Wall -Wextra"
"Compiling scugic"
"Running Make libs in ps7_cortexa9_0/libsrc/scutimer_v2_1/src"
make -C ps7_cortexa9_0/libsrc/scutimer_v2_1/src -s libs  "SHELL=CMD" "COMPILER=arm-none-eabi-gcc" "ARCHIVER=arm-none-eabi-ar" "COMPILER_FLAGS=  -O2 -c" "EXTRA_COMPILER_FLAGS=-mcpu=cortex-a9 -mfpu=vfpv3 -mfloat-abi=hard -nostartfiles -g -Wall -Wextra"
"Compiling scutimer"
"Running Make libs in ps7_cortexa9_0/libsrc/scuwdt_v2_1/src"
make -C ps7_cortexa9_0/libsrc/scuwdt_v2_1/src -s libs  "SHELL=CMD" "COMPILER=arm-none-eabi-gcc" "ARCHIVER=arm-none-eabi-ar" "COMPILER_FLAGS=  -O2 -c" "EXTRA_COMPILER_FLAGS=-mcpu=cortex-a9 -mfpu=vfpv3 -mfloat-abi=hard -nostartfiles -g -Wall -Wextra"
"Compiling scuwdt"
"Running Make libs in ps7_cortexa9_0/libsrc/sdps_v3_6/src"
make -C ps7_cortexa9_0/libsrc/sdps_v3_6/src -s libs  "SHELL=CMD" "COMPILER=arm-none-eabi-gcc" "ARCHIVER=arm-none-eabi-ar" "COMPILER_FLAGS=  -O2 -c" "EXTRA_COMPILER_FLAGS=-mcpu=cortex-a9 -mfpu=vfpv3 -mfloat-abi=hard -nostartfiles -g -Wall -Wextra"
"Compiling sdps"
"Running Make libs in ps7_cortexa9_0/libsrc/spips_v3_1/src"
make -C ps7_cortexa9_0/libsrc/spips_v3_1/src -s libs  "SHELL=CMD" "COMPILER=arm-none-eabi-gcc" "ARCHIVER=arm-none-eabi-ar" "COMPILER_FLAGS=  -O2 -c" "EXTRA_COMPILER_FLAGS=-mcpu=cortex-a9 -mfpu=vfpv3 -mfloat-abi=hard -nostartfiles -g -Wall -Wextra"
"Compiling spips"
"Running Make libs in ps7_cortexa9_0/libsrc/standalone_v6_8/src"
make -C ps7_cortexa9_0/libsrc/standalone_v6_8/src -s libs  "SHELL=CMD" "COMPILER=arm-none-eabi-gcc" "ARCHIVER=arm-none-eabi-ar" "COMPILER_FLAGS=  -O2 -c" "EXTRA_COMPILER_FLAGS=-mcpu=cortex-a9 -mfpu=vfpv3 -mfloat-abi=hard -nostartfiles -g -Wall -Wextra"
"Compiling standalone"
In file included from usleep.c:56:0:
xtime_l.h:87:9: note: #pragma message: For the sleep routines, Global timer is being used
 #pragma message ("For the sleep routines, Global timer is being used")
         ^~~~~~~
In file included from xil_sleeptimer.c:51:0:
xtime_l.h:87:9: note: #pragma message: For the sleep routines, Global timer is being used
 #pragma message ("For the sleep routines, Global timer is being used")
         ^~~~~~~
In file included from xtime_l.c:49:0:
xtime_l.h:87:9: note: #pragma message: For the sleep routines, Global timer is being used
 #pragma message ("For the sleep routines, Global timer is being used")
         ^~~~~~~
In file included from sleep.c:53:0:
xtime_l.h:87:9: note: #pragma message: For the sleep routines, Global timer is being used
 #pragma message ("For the sleep routines, Global timer is being used")
         ^~~~~~~
"Running Make libs in ps7_cortexa9_0/libsrc/uartps_v3_7/src"
make -C ps7_cortexa9_0/libsrc/uartps_v3_7/src -s libs  "SHELL=CMD" "COMPILER=arm-none-eabi-gcc" "ARCHIVER=arm-none-eabi-ar" "COMPILER_FLAGS=  -O2 -c" "EXTRA_COMPILER_FLAGS=-mcpu=cortex-a9 -mfpu=vfpv3 -mfloat-abi=hard -nostartfiles -g -Wall -Wextra"
"Compiling uartps"
"Running Make libs in ps7_cortexa9_0/libsrc/usbps_v2_4/src"
make -C ps7_cortexa9_0/libsrc/usbps_v2_4/src -s libs  "SHELL=CMD" "COMPILER=arm-none-eabi-gcc" "ARCHIVER=arm-none-eabi-ar" "COMPILER_FLAGS=  -O2 -c" "EXTRA_COMPILER_FLAGS=-mcpu=cortex-a9 -mfpu=vfpv3 -mfloat-abi=hard -nostartfiles -g -Wall -Wextra"
"Compiling usbps"
"Running Make libs in ps7_cortexa9_0/libsrc/xadcps_v2_3/src"
make -C ps7_cortexa9_0/libsrc/xadcps_v2_3/src -s libs  "SHELL=CMD" "COMPILER=arm-none-eabi-gcc" "ARCHIVER=arm-none-eabi-ar" "COMPILER_FLAGS=  -O2 -c" "EXTRA_COMPILER_FLAGS=-mcpu=cortex-a9 -mfpu=vfpv3 -mfloat-abi=hard -nostartfiles -g -Wall -Wextra"
"Compiling xadcps"
'Finished building libraries'

**** Build of configuration Debug for project AD9361 ****

Nothing to build for project AD9361
09:40:30 **** Auto Build of configuration Debug for project AD9361 ****
make pre-build main-build 
a9-linaro-pre-build-step
' '
'Building file: ../src/sw/platform_xilinx/adc_core.c'
'Invoking: ARM v7 gcc compiler'
arm-none-eabi-gcc -Wall -O0 -g3 -c -fmessage-length=0 -MT"src/sw/platform_xilinx/adc_core.o" -mcpu=cortex-a9 -mfpu=vfpv3 -mfloat-abi=hard -I../../AD9361_bsp/ps7_cortexa9_0/include -MMD -MP -MF"src/sw/platform_xilinx/adc_core.d" -MT"src/sw/platform_xilinx/adc_core.o" -o "src/sw/platform_xilinx/adc_core.o" "../src/sw/platform_xilinx/adc_core.c"
In file included from ../src/sw/platform_xilinx/adc_core.c:47:0:
../src/sw/platform_xilinx/adc_core.h:45:10: fatal error: ad9361.h: No such file or directory
 #include "ad9361.h"
          ^~~~~~~~~~
compilation terminated.
make: *** [src/sw/platform_xilinx/subdir.mk:26: src/sw/platform_xilinx/adc_core.o] Error 1
09:40:57 **** Clean-only build of configuration Debug for project AD9361 ****
make clean 
rm -rf  ./src/sw/platform_xilinx/adc_core.o ./src/sw/platform_xilinx/dac_core.o ./src/sw/platform_xilinx/platform.o  ./src/sw/console_commands/command.o ./src/sw/console_commands/console.o  ./src/sw/ad9361.o ./src/sw/ad9361_api.o ./src/sw/ad9361_conv.o ./src/sw/main.o ./src/sw/util.o  ./src/sw/platform_xilinx/adc_core.d ./src/sw/platform_xilinx/dac_core.d ./src/sw/platform_xilinx/platform.d  ./src/sw/console_commands/command.d ./src/sw/console_commands/console.d  ./src/sw/ad9361.d ./src/sw/ad9361_api.d ./src/sw/ad9361_conv.d ./src/sw/main.d ./src/sw/util.d  AD9361.elf.size  AD9361.elf
' '
09:40:58 **** Auto Build of configuration Debug for project AD9361 ****
make pre-build main-build 
a9-linaro-pre-build-step
' '
'Building file: ../src/sw/platform_xilinx/adc_core.c'
'Invoking: ARM v7 gcc compiler'
arm-none-eabi-gcc -Wall -O0 -g3 -I"C:\Users\Admin\Desktop\hdl-hdl_2019_r1\projects\fmcomms2\zed\fmcomms2_zed.sdk\AD9361\src\sw\console_commands" -I"C:\Users\Admin\Desktop\hdl-hdl_2019_r1\projects\fmcomms2\zed\fmcomms2_zed.sdk\AD9361\src\sw\platform_xilinx" -I"C:\Users\Admin\Desktop\hdl-hdl_2019_r1\projects\fmcomms2\zed\fmcomms2_zed.sdk\AD9361\src\sw" -c -fmessage-length=0 -MT"src/sw/platform_xilinx/adc_core.o" -mcpu=cortex-a9 -mfpu=vfpv3 -mfloat-abi=hard -I../../AD9361_bsp/ps7_cortexa9_0/include -MMD -MP -MF"src/sw/platform_xilinx/adc_core.d" -MT"src/sw/platform_xilinx/adc_core.o" -o "src/sw/platform_xilinx/adc_core.o" "../src/sw/platform_xilinx/adc_core.c"
'Finished building: ../src/sw/platform_xilinx/adc_core.c'
' '
'Building file: ../src/sw/platform_xilinx/dac_core.c'
'Invoking: ARM v7 gcc compiler'
arm-none-eabi-gcc -Wall -O0 -g3 -I"C:\Users\Admin\Desktop\hdl-hdl_2019_r1\projects\fmcomms2\zed\fmcomms2_zed.sdk\AD9361\src\sw\console_commands" -I"C:\Users\Admin\Desktop\hdl-hdl_2019_r1\projects\fmcomms2\zed\fmcomms2_zed.sdk\AD9361\src\sw\platform_xilinx" -I"C:\Users\Admin\Desktop\hdl-hdl_2019_r1\projects\fmcomms2\zed\fmcomms2_zed.sdk\AD9361\src\sw" -c -fmessage-length=0 -MT"src/sw/platform_xilinx/dac_core.o" -mcpu=cortex-a9 -mfpu=vfpv3 -mfloat-abi=hard -I../../AD9361_bsp/ps7_cortexa9_0/include -MMD -MP -MF"src/sw/platform_xilinx/dac_core.d" -MT"src/sw/platform_xilinx/dac_core.o" -o "src/sw/platform_xilinx/dac_core.o" "../src/sw/platform_xilinx/dac_core.c"
'Finished building: ../src/sw/platform_xilinx/dac_core.c'
' '
'Building file: ../src/sw/platform_xilinx/platform.c'
'Invoking: ARM v7 gcc compiler'
arm-none-eabi-gcc -Wall -O0 -g3 -I"C:\Users\Admin\Desktop\hdl-hdl_2019_r1\projects\fmcomms2\zed\fmcomms2_zed.sdk\AD9361\src\sw\console_commands" -I"C:\Users\Admin\Desktop\hdl-hdl_2019_r1\projects\fmcomms2\zed\fmcomms2_zed.sdk\AD9361\src\sw\platform_xilinx" -I"C:\Users\Admin\Desktop\hdl-hdl_2019_r1\projects\fmcomms2\zed\fmcomms2_zed.sdk\AD9361\src\sw" -c -fmessage-length=0 -MT"src/sw/platform_xilinx/platform.o" -mcpu=cortex-a9 -mfpu=vfpv3 -mfloat-abi=hard -I../../AD9361_bsp/ps7_cortexa9_0/include -MMD -MP -MF"src/sw/platform_xilinx/platform.d" -MT"src/sw/platform_xilinx/platform.o" -o "src/sw/platform_xilinx/platform.o" "../src/sw/platform_xilinx/platform.c"
'Finished building: ../src/sw/platform_xilinx/platform.c'
' '
'Building file: ../src/sw/console_commands/command.c'
'Invoking: ARM v7 gcc compiler'
arm-none-eabi-gcc -Wall -O0 -g3 -I"C:\Users\Admin\Desktop\hdl-hdl_2019_r1\projects\fmcomms2\zed\fmcomms2_zed.sdk\AD9361\src\sw\console_commands" -I"C:\Users\Admin\Desktop\hdl-hdl_2019_r1\projects\fmcomms2\zed\fmcomms2_zed.sdk\AD9361\src\sw\platform_xilinx" -I"C:\Users\Admin\Desktop\hdl-hdl_2019_r1\projects\fmcomms2\zed\fmcomms2_zed.sdk\AD9361\src\sw" -c -fmessage-length=0 -MT"src/sw/console_commands/command.o" -mcpu=cortex-a9 -mfpu=vfpv3 -mfloat-abi=hard -I../../AD9361_bsp/ps7_cortexa9_0/include -MMD -MP -MF"src/sw/console_commands/command.d" -MT"src/sw/console_commands/command.o" -o "src/sw/console_commands/command.o" "../src/sw/console_commands/command.c"
'Finished building: ../src/sw/console_commands/command.c'
' '
'Building file: ../src/sw/console_commands/console.c'
'Invoking: ARM v7 gcc compiler'
arm-none-eabi-gcc -Wall -O0 -g3 -I"C:\Users\Admin\Desktop\hdl-hdl_2019_r1\projects\fmcomms2\zed\fmcomms2_zed.sdk\AD9361\src\sw\console_commands" -I"C:\Users\Admin\Desktop\hdl-hdl_2019_r1\projects\fmcomms2\zed\fmcomms2_zed.sdk\AD9361\src\sw\platform_xilinx" -I"C:\Users\Admin\Desktop\hdl-hdl_2019_r1\projects\fmcomms2\zed\fmcomms2_zed.sdk\AD9361\src\sw" -c -fmessage-length=0 -MT"src/sw/console_commands/console.o" -mcpu=cortex-a9 -mfpu=vfpv3 -mfloat-abi=hard -I../../AD9361_bsp/ps7_cortexa9_0/include -MMD -MP -MF"src/sw/console_commands/console.d" -MT"src/sw/console_commands/console.o" -o "src/sw/console_commands/console.o" "../src/sw/console_commands/console.c"
../src/sw/console_commands/console.c: In function 'int_to_str':
../src/sw/console_commands/console.c:141:2: warning: value computed is not used [-Wunused-value]
  *buffer_ptr++;
  ^~~~~~~~~~~~~
'Finished building: ../src/sw/console_commands/console.c'
' '
'Building file: ../src/sw/ad9361.c'
'Invoking: ARM v7 gcc compiler'
arm-none-eabi-gcc -Wall -O0 -g3 -I"C:\Users\Admin\Desktop\hdl-hdl_2019_r1\projects\fmcomms2\zed\fmcomms2_zed.sdk\AD9361\src\sw\console_commands" -I"C:\Users\Admin\Desktop\hdl-hdl_2019_r1\projects\fmcomms2\zed\fmcomms2_zed.sdk\AD9361\src\sw\platform_xilinx" -I"C:\Users\Admin\Desktop\hdl-hdl_2019_r1\projects\fmcomms2\zed\fmcomms2_zed.sdk\AD9361\src\sw" -c -fmessage-length=0 -MT"src/sw/ad9361.o" -mcpu=cortex-a9 -mfpu=vfpv3 -mfloat-abi=hard -I../../AD9361_bsp/ps7_cortexa9_0/include -MMD -MP -MF"src/sw/ad9361.d" -MT"src/sw/ad9361.o" -o "src/sw/ad9361.o" "../src/sw/ad9361.c"
In file included from C:\Users\Admin\Desktop\hdl-hdl_2019_r1\projects\fmcomms2\zed\fmcomms2_zed.sdk\AD9361\src\sw\platform_xilinx/platform.h:46:0,
                 from ../src/sw/ad9361.c:49:
../src/sw/ad9361.c: In function 'ad9361_load_gt':
../src/sw/ad9361.c:1413:26: warning: format '%d' expects argument of type 'int', but argument 4 has type 'uint32_t {aka long unsigned int}' [-Wformat=]
  dev_dbg(&phy->spi->dev, "%s: frequency %"PRIu64" (band %d)",
                          ^
C:\Users\Admin\Desktop\hdl-hdl_2019_r1\projects\fmcomms2\zed\fmcomms2_zed.sdk\AD9361\src\sw/util.h:77:52: note: in definition of macro 'dev_dbg'
 #define dev_dbg(dev, format, ...) ({ if (0) printf(format, ## __VA_ARGS__); })
                                                    ^~~~~~
../src/sw/ad9361.c: In function 'set_split_table_gain':
../src/sw/ad9361.c:2115:16: warning: format '%d' expects argument of type 'int', but argument 2 has type 'int32_t {aka long int}' [-Wformat=]
   dev_err(dev, "Invalid gain %d, supported range [%d - %d]\n",
                ^
    rx_gain->gain_db, phy->gt_info[ad9361_gt(phy)].
    ~~~~~~~~~~   
C:\Users\Admin\Desktop\hdl-hdl_2019_r1\projects\fmcomms2\zed\fmcomms2_zed.sdk\AD9361\src\sw/util.h:72:45: note: in definition of macro 'dev_err'
 #define dev_err(dev, format, ...)  ({printf(format, ## __VA_ARGS__);printf("\n"); })
                                             ^~~~~~
../src/sw/ad9361.c: In function 'set_full_table_gain':
../src/sw/ad9361.c:2159:16: warning: format '%d' expects argument of type 'int', but argument 2 has type 'int32_t {aka long int}' [-Wformat=]
   dev_err(dev, "Invalid gain %d, supported range [%d - %d]\n",
                ^
    rx_gain->gain_db, phy->gt_info[ad9361_gt(phy)].
    ~~~~~~~~~~   
C:\Users\Admin\Desktop\hdl-hdl_2019_r1\projects\fmcomms2\zed\fmcomms2_zed.sdk\AD9361\src\sw/util.h:72:45: note: in definition of macro 'dev_err'
 #define dev_err(dev, format, ...)  ({printf(format, ## __VA_ARGS__);printf("\n"); })
                                             ^~~~~~
'Finished building: ../src/sw/ad9361.c'
' '
'Building file: ../src/sw/ad9361_api.c'
'Invoking: ARM v7 gcc compiler'
arm-none-eabi-gcc -Wall -O0 -g3 -I"C:\Users\Admin\Desktop\hdl-hdl_2019_r1\projects\fmcomms2\zed\fmcomms2_zed.sdk\AD9361\src\sw\console_commands" -I"C:\Users\Admin\Desktop\hdl-hdl_2019_r1\projects\fmcomms2\zed\fmcomms2_zed.sdk\AD9361\src\sw\platform_xilinx" -I"C:\Users\Admin\Desktop\hdl-hdl_2019_r1\projects\fmcomms2\zed\fmcomms2_zed.sdk\AD9361\src\sw" -c -fmessage-length=0 -MT"src/sw/ad9361_api.o" -mcpu=cortex-a9 -mfpu=vfpv3 -mfloat-abi=hard -I../../AD9361_bsp/ps7_cortexa9_0/include -MMD -MP -MF"src/sw/ad9361_api.d" -MT"src/sw/ad9361_api.o" -o "src/sw/ad9361_api.o" "../src/sw/ad9361_api.c"
'Finished building: ../src/sw/ad9361_api.c'
' '
'Building file: ../src/sw/ad9361_conv.c'
'Invoking: ARM v7 gcc compiler'
arm-none-eabi-gcc -Wall -O0 -g3 -I"C:\Users\Admin\Desktop\hdl-hdl_2019_r1\projects\fmcomms2\zed\fmcomms2_zed.sdk\AD9361\src\sw\console_commands" -I"C:\Users\Admin\Desktop\hdl-hdl_2019_r1\projects\fmcomms2\zed\fmcomms2_zed.sdk\AD9361\src\sw\platform_xilinx" -I"C:\Users\Admin\Desktop\hdl-hdl_2019_r1\projects\fmcomms2\zed\fmcomms2_zed.sdk\AD9361\src\sw" -c -fmessage-length=0 -MT"src/sw/ad9361_conv.o" -mcpu=cortex-a9 -mfpu=vfpv3 -mfloat-abi=hard -I../../AD9361_bsp/ps7_cortexa9_0/include -MMD -MP -MF"src/sw/ad9361_conv.d" -MT"src/sw/ad9361_conv.o" -o "src/sw/ad9361_conv.o" "../src/sw/ad9361_conv.c"
In file included from C:\Users\Admin\Desktop\hdl-hdl_2019_r1\projects\fmcomms2\zed\fmcomms2_zed.sdk\AD9361\src\sw\platform_xilinx/platform.h:46:0,
                 from ../src/sw/ad9361_conv.c:46:
../src/sw/ad9361_conv.c: In function 'ad9361_dig_tune':
../src/sw/ad9361_conv.c:514:26: warning: format '%u' expects argument of type 'unsigned int', but argument 3 has type 'uint32_t {aka long unsigned int}' [-Wformat=]
  dev_dbg(&phy->spi->dev, "%s: freq %u flags 0x%X\n", __func__,
                          ^
C:\Users\Admin\Desktop\hdl-hdl_2019_r1\projects\fmcomms2\zed\fmcomms2_zed.sdk\AD9361\src\sw/util.h:77:52: note: in definition of macro 'dev_dbg'
 #define dev_dbg(dev, format, ...) ({ if (0) printf(format, ## __VA_ARGS__); })
                                                    ^~~~~~
'Finished building: ../src/sw/ad9361_conv.c'
' '
'Building file: ../src/sw/main.c'
'Invoking: ARM v7 gcc compiler'
arm-none-eabi-gcc -Wall -O0 -g3 -I"C:\Users\Admin\Desktop\hdl-hdl_2019_r1\projects\fmcomms2\zed\fmcomms2_zed.sdk\AD9361\src\sw\console_commands" -I"C:\Users\Admin\Desktop\hdl-hdl_2019_r1\projects\fmcomms2\zed\fmcomms2_zed.sdk\AD9361\src\sw\platform_xilinx" -I"C:\Users\Admin\Desktop\hdl-hdl_2019_r1\projects\fmcomms2\zed\fmcomms2_zed.sdk\AD9361\src\sw" -c -fmessage-length=0 -MT"src/sw/main.o" -mcpu=cortex-a9 -mfpu=vfpv3 -mfloat-abi=hard -I../../AD9361_bsp/ps7_cortexa9_0/include -MMD -MP -MF"src/sw/main.d" -MT"src/sw/main.o" -o "src/sw/main.o" "../src/sw/main.c"
'Finished building: ../src/sw/main.c'
' '
'Building file: ../src/sw/util.c'
'Invoking: ARM v7 gcc compiler'
arm-none-eabi-gcc -Wall -O0 -g3 -I"C:\Users\Admin\Desktop\hdl-hdl_2019_r1\projects\fmcomms2\zed\fmcomms2_zed.sdk\AD9361\src\sw\console_commands" -I"C:\Users\Admin\Desktop\hdl-hdl_2019_r1\projects\fmcomms2\zed\fmcomms2_zed.sdk\AD9361\src\sw\platform_xilinx" -I"C:\Users\Admin\Desktop\hdl-hdl_2019_r1\projects\fmcomms2\zed\fmcomms2_zed.sdk\AD9361\src\sw" -c -fmessage-length=0 -MT"src/sw/util.o" -mcpu=cortex-a9 -mfpu=vfpv3 -mfloat-abi=hard -I../../AD9361_bsp/ps7_cortexa9_0/include -MMD -MP -MF"src/sw/util.d" -MT"src/sw/util.o" -o "src/sw/util.o" "../src/sw/util.c"
'Finished building: ../src/sw/util.c'
' '
'Building target: AD9361.elf'
'Invoking: ARM v7 gcc linker'
arm-none-eabi-gcc -mcpu=cortex-a9 -mfpu=vfpv3 -mfloat-abi=hard -Wl,-build-id=none -specs=Xilinx.spec -Wl,-T -Wl,../src/lscript.ld -L../../AD9361_bsp/ps7_cortexa9_0/lib -o "AD9361.elf"  ./src/sw/platform_xilinx/adc_core.o ./src/sw/platform_xilinx/dac_core.o ./src/sw/platform_xilinx/platform.o  ./src/sw/console_commands/command.o ./src/sw/console_commands/console.o  ./src/sw/ad9361.o ./src/sw/ad9361_api.o ./src/sw/ad9361_conv.o ./src/sw/main.o ./src/sw/util.o   -Wl,--start-group,-lxil,-lgcc,-lc,--end-group
'Finished building target: AD9361.elf'
' '
'Invoking: ARM v7 Print Size'
arm-none-eabi-size AD9361.elf  |tee "AD9361.elf.size"
   text	   data	    bss	    dec	    hex	filename
 270036	   4908	  23680	 298624	  48e80	AD9361.elf
'Finished building: AD9361.elf.size'
' '
09:41:02 **** Clean-only build of configuration Debug for project AD9361 ****
make clean 
rm -rf  ./src/sw/platform_xilinx/adc_core.o ./src/sw/platform_xilinx/dac_core.o ./src/sw/platform_xilinx/platform.o  ./src/sw/console_commands/command.o ./src/sw/console_commands/console.o  ./src/sw/ad9361.o ./src/sw/ad9361_api.o ./src/sw/ad9361_conv.o ./src/sw/main.o ./src/sw/util.o  ./src/sw/platform_xilinx/adc_core.d ./src/sw/platform_xilinx/dac_core.d ./src/sw/platform_xilinx/platform.d  ./src/sw/console_commands/command.d ./src/sw/console_commands/console.d  ./src/sw/ad9361.d ./src/sw/ad9361_api.d ./src/sw/ad9361_conv.d ./src/sw/main.d ./src/sw/util.d  AD9361.elf.size  AD9361.elf
' '
09:41:02 **** Auto Build of configuration Debug for project AD9361 ****
make pre-build main-build 
a9-linaro-pre-build-step
' '
'Building file: ../src/sw/platform_xilinx/adc_core.c'
'Invoking: ARM v7 gcc compiler'
arm-none-eabi-gcc -Wall -O0 -g3 -I"C:\Users\Admin\Desktop\hdl-hdl_2019_r1\projects\fmcomms2\zed\fmcomms2_zed.sdk\AD9361\src\sw\console_commands" -I"C:\Users\Admin\Desktop\hdl-hdl_2019_r1\projects\fmcomms2\zed\fmcomms2_zed.sdk\AD9361\src\sw\platform_xilinx" -I"C:\Users\Admin\Desktop\hdl-hdl_2019_r1\projects\fmcomms2\zed\fmcomms2_zed.sdk\AD9361\src\sw" -c -fmessage-length=0 -MT"src/sw/platform_xilinx/adc_core.o" -mcpu=cortex-a9 -mfpu=vfpv3 -mfloat-abi=hard -I../../AD9361_bsp/ps7_cortexa9_0/include -MMD -MP -MF"src/sw/platform_xilinx/adc_core.d" -MT"src/sw/platform_xilinx/adc_core.o" -o "src/sw/platform_xilinx/adc_core.o" "../src/sw/platform_xilinx/adc_core.c"
'Finished building: ../src/sw/platform_xilinx/adc_core.c'
' '
'Building file: ../src/sw/platform_xilinx/dac_core.c'
'Invoking: ARM v7 gcc compiler'
arm-none-eabi-gcc -Wall -O0 -g3 -I"C:\Users\Admin\Desktop\hdl-hdl_2019_r1\projects\fmcomms2\zed\fmcomms2_zed.sdk\AD9361\src\sw\console_commands" -I"C:\Users\Admin\Desktop\hdl-hdl_2019_r1\projects\fmcomms2\zed\fmcomms2_zed.sdk\AD9361\src\sw\platform_xilinx" -I"C:\Users\Admin\Desktop\hdl-hdl_2019_r1\projects\fmcomms2\zed\fmcomms2_zed.sdk\AD9361\src\sw" -c -fmessage-length=0 -MT"src/sw/platform_xilinx/dac_core.o" -mcpu=cortex-a9 -mfpu=vfpv3 -mfloat-abi=hard -I../../AD9361_bsp/ps7_cortexa9_0/include -MMD -MP -MF"src/sw/platform_xilinx/dac_core.d" -MT"src/sw/platform_xilinx/dac_core.o" -o "src/sw/platform_xilinx/dac_core.o" "../src/sw/platform_xilinx/dac_core.c"
'Finished building: ../src/sw/platform_xilinx/dac_core.c'
' '
'Building file: ../src/sw/platform_xilinx/platform.c'
'Invoking: ARM v7 gcc compiler'
arm-none-eabi-gcc -Wall -O0 -g3 -I"C:\Users\Admin\Desktop\hdl-hdl_2019_r1\projects\fmcomms2\zed\fmcomms2_zed.sdk\AD9361\src\sw\console_commands" -I"C:\Users\Admin\Desktop\hdl-hdl_2019_r1\projects\fmcomms2\zed\fmcomms2_zed.sdk\AD9361\src\sw\platform_xilinx" -I"C:\Users\Admin\Desktop\hdl-hdl_2019_r1\projects\fmcomms2\zed\fmcomms2_zed.sdk\AD9361\src\sw" -c -fmessage-length=0 -MT"src/sw/platform_xilinx/platform.o" -mcpu=cortex-a9 -mfpu=vfpv3 -mfloat-abi=hard -I../../AD9361_bsp/ps7_cortexa9_0/include -MMD -MP -MF"src/sw/platform_xilinx/platform.d" -MT"src/sw/platform_xilinx/platform.o" -o "src/sw/platform_xilinx/platform.o" "../src/sw/platform_xilinx/platform.c"
'Finished building: ../src/sw/platform_xilinx/platform.c'
' '
'Building file: ../src/sw/console_commands/command.c'
'Invoking: ARM v7 gcc compiler'
arm-none-eabi-gcc -Wall -O0 -g3 -I"C:\Users\Admin\Desktop\hdl-hdl_2019_r1\projects\fmcomms2\zed\fmcomms2_zed.sdk\AD9361\src\sw\console_commands" -I"C:\Users\Admin\Desktop\hdl-hdl_2019_r1\projects\fmcomms2\zed\fmcomms2_zed.sdk\AD9361\src\sw\platform_xilinx" -I"C:\Users\Admin\Desktop\hdl-hdl_2019_r1\projects\fmcomms2\zed\fmcomms2_zed.sdk\AD9361\src\sw" -c -fmessage-length=0 -MT"src/sw/console_commands/command.o" -mcpu=cortex-a9 -mfpu=vfpv3 -mfloat-abi=hard -I../../AD9361_bsp/ps7_cortexa9_0/include -MMD -MP -MF"src/sw/console_commands/command.d" -MT"src/sw/console_commands/command.o" -o "src/sw/console_commands/command.o" "../src/sw/console_commands/command.c"
'Finished building: ../src/sw/console_commands/command.c'
' '
'Building file: ../src/sw/console_commands/console.c'
'Invoking: ARM v7 gcc compiler'
arm-none-eabi-gcc -Wall -O0 -g3 -I"C:\Users\Admin\Desktop\hdl-hdl_2019_r1\projects\fmcomms2\zed\fmcomms2_zed.sdk\AD9361\src\sw\console_commands" -I"C:\Users\Admin\Desktop\hdl-hdl_2019_r1\projects\fmcomms2\zed\fmcomms2_zed.sdk\AD9361\src\sw\platform_xilinx" -I"C:\Users\Admin\Desktop\hdl-hdl_2019_r1\projects\fmcomms2\zed\fmcomms2_zed.sdk\AD9361\src\sw" -c -fmessage-length=0 -MT"src/sw/console_commands/console.o" -mcpu=cortex-a9 -mfpu=vfpv3 -mfloat-abi=hard -I../../AD9361_bsp/ps7_cortexa9_0/include -MMD -MP -MF"src/sw/console_commands/console.d" -MT"src/sw/console_commands/console.o" -o "src/sw/console_commands/console.o" "../src/sw/console_commands/console.c"
../src/sw/console_commands/console.c: In function 'int_to_str':
../src/sw/console_commands/console.c:141:2: warning: value computed is not used [-Wunused-value]
  *buffer_ptr++;
  ^~~~~~~~~~~~~
'Finished building: ../src/sw/console_commands/console.c'
' '
'Building file: ../src/sw/ad9361.c'
'Invoking: ARM v7 gcc compiler'
arm-none-eabi-gcc -Wall -O0 -g3 -I"C:\Users\Admin\Desktop\hdl-hdl_2019_r1\projects\fmcomms2\zed\fmcomms2_zed.sdk\AD9361\src\sw\console_commands" -I"C:\Users\Admin\Desktop\hdl-hdl_2019_r1\projects\fmcomms2\zed\fmcomms2_zed.sdk\AD9361\src\sw\platform_xilinx" -I"C:\Users\Admin\Desktop\hdl-hdl_2019_r1\projects\fmcomms2\zed\fmcomms2_zed.sdk\AD9361\src\sw" -c -fmessage-length=0 -MT"src/sw/ad9361.o" -mcpu=cortex-a9 -mfpu=vfpv3 -mfloat-abi=hard -I../../AD9361_bsp/ps7_cortexa9_0/include -MMD -MP -MF"src/sw/ad9361.d" -MT"src/sw/ad9361.o" -o "src/sw/ad9361.o" "../src/sw/ad9361.c"
In file included from C:\Users\Admin\Desktop\hdl-hdl_2019_r1\projects\fmcomms2\zed\fmcomms2_zed.sdk\AD9361\src\sw\platform_xilinx/platform.h:46:0,
                 from ../src/sw/ad9361.c:49:
../src/sw/ad9361.c: In function 'ad9361_load_gt':
../src/sw/ad9361.c:1413:26: warning: format '%d' expects argument of type 'int', but argument 4 has type 'uint32_t {aka long unsigned int}' [-Wformat=]
  dev_dbg(&phy->spi->dev, "%s: frequency %"PRIu64" (band %d)",
                          ^
C:\Users\Admin\Desktop\hdl-hdl_2019_r1\projects\fmcomms2\zed\fmcomms2_zed.sdk\AD9361\src\sw/util.h:77:52: note: in definition of macro 'dev_dbg'
 #define dev_dbg(dev, format, ...) ({ if (0) printf(format, ## __VA_ARGS__); })
                                                    ^~~~~~
../src/sw/ad9361.c: In function 'set_split_table_gain':
../src/sw/ad9361.c:2115:16: warning: format '%d' expects argument of type 'int', but argument 2 has type 'int32_t {aka long int}' [-Wformat=]
   dev_err(dev, "Invalid gain %d, supported range [%d - %d]\n",
                ^
    rx_gain->gain_db, phy->gt_info[ad9361_gt(phy)].
    ~~~~~~~~~~   
C:\Users\Admin\Desktop\hdl-hdl_2019_r1\projects\fmcomms2\zed\fmcomms2_zed.sdk\AD9361\src\sw/util.h:72:45: note: in definition of macro 'dev_err'
 #define dev_err(dev, format, ...)  ({printf(format, ## __VA_ARGS__);printf("\n"); })
                                             ^~~~~~
../src/sw/ad9361.c: In function 'set_full_table_gain':
../src/sw/ad9361.c:2159:16: warning: format '%d' expects argument of type 'int', but argument 2 has type 'int32_t {aka long int}' [-Wformat=]
   dev_err(dev, "Invalid gain %d, supported range [%d - %d]\n",
                ^
    rx_gain->gain_db, phy->gt_info[ad9361_gt(phy)].
    ~~~~~~~~~~   
C:\Users\Admin\Desktop\hdl-hdl_2019_r1\projects\fmcomms2\zed\fmcomms2_zed.sdk\AD9361\src\sw/util.h:72:45: note: in definition of macro 'dev_err'
 #define dev_err(dev, format, ...)  ({printf(format, ## __VA_ARGS__);printf("\n"); })
                                             ^~~~~~
'Finished building: ../src/sw/ad9361.c'
' '
'Building file: ../src/sw/ad9361_api.c'
'Invoking: ARM v7 gcc compiler'
arm-none-eabi-gcc -Wall -O0 -g3 -I"C:\Users\Admin\Desktop\hdl-hdl_2019_r1\projects\fmcomms2\zed\fmcomms2_zed.sdk\AD9361\src\sw\console_commands" -I"C:\Users\Admin\Desktop\hdl-hdl_2019_r1\projects\fmcomms2\zed\fmcomms2_zed.sdk\AD9361\src\sw\platform_xilinx" -I"C:\Users\Admin\Desktop\hdl-hdl_2019_r1\projects\fmcomms2\zed\fmcomms2_zed.sdk\AD9361\src\sw" -c -fmessage-length=0 -MT"src/sw/ad9361_api.o" -mcpu=cortex-a9 -mfpu=vfpv3 -mfloat-abi=hard -I../../AD9361_bsp/ps7_cortexa9_0/include -MMD -MP -MF"src/sw/ad9361_api.d" -MT"src/sw/ad9361_api.o" -o "src/sw/ad9361_api.o" "../src/sw/ad9361_api.c"
'Finished building: ../src/sw/ad9361_api.c'
' '
'Building file: ../src/sw/ad9361_conv.c'
'Invoking: ARM v7 gcc compiler'
arm-none-eabi-gcc -Wall -O0 -g3 -I"C:\Users\Admin\Desktop\hdl-hdl_2019_r1\projects\fmcomms2\zed\fmcomms2_zed.sdk\AD9361\src\sw\console_commands" -I"C:\Users\Admin\Desktop\hdl-hdl_2019_r1\projects\fmcomms2\zed\fmcomms2_zed.sdk\AD9361\src\sw\platform_xilinx" -I"C:\Users\Admin\Desktop\hdl-hdl_2019_r1\projects\fmcomms2\zed\fmcomms2_zed.sdk\AD9361\src\sw" -c -fmessage-length=0 -MT"src/sw/ad9361_conv.o" -mcpu=cortex-a9 -mfpu=vfpv3 -mfloat-abi=hard -I../../AD9361_bsp/ps7_cortexa9_0/include -MMD -MP -MF"src/sw/ad9361_conv.d" -MT"src/sw/ad9361_conv.o" -o "src/sw/ad9361_conv.o" "../src/sw/ad9361_conv.c"
In file included from C:\Users\Admin\Desktop\hdl-hdl_2019_r1\projects\fmcomms2\zed\fmcomms2_zed.sdk\AD9361\src\sw\platform_xilinx/platform.h:46:0,
                 from ../src/sw/ad9361_conv.c:46:
../src/sw/ad9361_conv.c: In function 'ad9361_dig_tune':
../src/sw/ad9361_conv.c:514:26: warning: format '%u' expects argument of type 'unsigned int', but argument 3 has type 'uint32_t {aka long unsigned int}' [-Wformat=]
  dev_dbg(&phy->spi->dev, "%s: freq %u flags 0x%X\n", __func__,
                          ^
C:\Users\Admin\Desktop\hdl-hdl_2019_r1\projects\fmcomms2\zed\fmcomms2_zed.sdk\AD9361\src\sw/util.h:77:52: note: in definition of macro 'dev_dbg'
 #define dev_dbg(dev, format, ...) ({ if (0) printf(format, ## __VA_ARGS__); })
                                                    ^~~~~~
'Finished building: ../src/sw/ad9361_conv.c'
' '
'Building file: ../src/sw/main.c'
'Invoking: ARM v7 gcc compiler'
arm-none-eabi-gcc -Wall -O0 -g3 -I"C:\Users\Admin\Desktop\hdl-hdl_2019_r1\projects\fmcomms2\zed\fmcomms2_zed.sdk\AD9361\src\sw\console_commands" -I"C:\Users\Admin\Desktop\hdl-hdl_2019_r1\projects\fmcomms2\zed\fmcomms2_zed.sdk\AD9361\src\sw\platform_xilinx" -I"C:\Users\Admin\Desktop\hdl-hdl_2019_r1\projects\fmcomms2\zed\fmcomms2_zed.sdk\AD9361\src\sw" -c -fmessage-length=0 -MT"src/sw/main.o" -mcpu=cortex-a9 -mfpu=vfpv3 -mfloat-abi=hard -I../../AD9361_bsp/ps7_cortexa9_0/include -MMD -MP -MF"src/sw/main.d" -MT"src/sw/main.o" -o "src/sw/main.o" "../src/sw/main.c"
'Finished building: ../src/sw/main.c'
' '
'Building file: ../src/sw/util.c'
'Invoking: ARM v7 gcc compiler'
arm-none-eabi-gcc -Wall -O0 -g3 -I"C:\Users\Admin\Desktop\hdl-hdl_2019_r1\projects\fmcomms2\zed\fmcomms2_zed.sdk\AD9361\src\sw\console_commands" -I"C:\Users\Admin\Desktop\hdl-hdl_2019_r1\projects\fmcomms2\zed\fmcomms2_zed.sdk\AD9361\src\sw\platform_xilinx" -I"C:\Users\Admin\Desktop\hdl-hdl_2019_r1\projects\fmcomms2\zed\fmcomms2_zed.sdk\AD9361\src\sw" -c -fmessage-length=0 -MT"src/sw/util.o" -mcpu=cortex-a9 -mfpu=vfpv3 -mfloat-abi=hard -I../../AD9361_bsp/ps7_cortexa9_0/include -MMD -MP -MF"src/sw/util.d" -MT"src/sw/util.o" -o "src/sw/util.o" "../src/sw/util.c"
'Finished building: ../src/sw/util.c'
' '
'Building target: AD9361.elf'
'Invoking: ARM v7 gcc linker'
arm-none-eabi-gcc -mcpu=cortex-a9 -mfpu=vfpv3 -mfloat-abi=hard -Wl,-build-id=none -specs=Xilinx.spec -Wl,-T -Wl,../src/lscript.ld -L../../AD9361_bsp/ps7_cortexa9_0/lib -o "AD9361.elf"  ./src/sw/platform_xilinx/adc_core.o ./src/sw/platform_xilinx/dac_core.o ./src/sw/platform_xilinx/platform.o  ./src/sw/console_commands/command.o ./src/sw/console_commands/console.o  ./src/sw/ad9361.o ./src/sw/ad9361_api.o ./src/sw/ad9361_conv.o ./src/sw/main.o ./src/sw/util.o   -Wl,--start-group,-lxil,-lgcc,-lc,--end-group
'Finished building target: AD9361.elf'
' '
'Invoking: ARM v7 Print Size'
arm-none-eabi-size AD9361.elf  |tee "AD9361.elf.size"
   text	   data	    bss	    dec	    hex	filename
 270036	   4908	  23680	 298624	  48e80	AD9361.elf
'Finished building: AD9361.elf.size'
' '
09:41:36 **** Auto Build of configuration Debug for project AD9361 ****
make pre-build main-build 
a9-linaro-pre-build-step
' '
'Building file: ../src/sw/platform_xilinx/adc_core.c'
'Invoking: ARM v7 gcc compiler'
arm-none-eabi-gcc -Wall -O0 -g3 -I"C:\Users\Admin\Desktop\hdl-hdl_2019_r1\projects\fmcomms2\zed\fmcomms2_zed.sdk\AD9361\src\sw\console_commands" -I"C:\Users\Admin\Desktop\hdl-hdl_2019_r1\projects\fmcomms2\zed\fmcomms2_zed.sdk\AD9361\src\sw\platform_xilinx" -I"C:\Users\Admin\Desktop\hdl-hdl_2019_r1\projects\fmcomms2\zed\fmcomms2_zed.sdk\AD9361\src\sw" -c -fmessage-length=0 -MT"src/sw/platform_xilinx/adc_core.o" -mcpu=cortex-a9 -mfpu=vfpv3 -mfloat-abi=hard -I../../AD9361_bsp/ps7_cortexa9_0/include -MMD -MP -MF"src/sw/platform_xilinx/adc_core.d" -MT"src/sw/platform_xilinx/adc_core.o" -o "src/sw/platform_xilinx/adc_core.o" "../src/sw/platform_xilinx/adc_core.c"
'Finished building: ../src/sw/platform_xilinx/adc_core.c'
' '
'Building file: ../src/sw/platform_xilinx/dac_core.c'
'Invoking: ARM v7 gcc compiler'
arm-none-eabi-gcc -Wall -O0 -g3 -I"C:\Users\Admin\Desktop\hdl-hdl_2019_r1\projects\fmcomms2\zed\fmcomms2_zed.sdk\AD9361\src\sw\console_commands" -I"C:\Users\Admin\Desktop\hdl-hdl_2019_r1\projects\fmcomms2\zed\fmcomms2_zed.sdk\AD9361\src\sw\platform_xilinx" -I"C:\Users\Admin\Desktop\hdl-hdl_2019_r1\projects\fmcomms2\zed\fmcomms2_zed.sdk\AD9361\src\sw" -c -fmessage-length=0 -MT"src/sw/platform_xilinx/dac_core.o" -mcpu=cortex-a9 -mfpu=vfpv3 -mfloat-abi=hard -I../../AD9361_bsp/ps7_cortexa9_0/include -MMD -MP -MF"src/sw/platform_xilinx/dac_core.d" -MT"src/sw/platform_xilinx/dac_core.o" -o "src/sw/platform_xilinx/dac_core.o" "../src/sw/platform_xilinx/dac_core.c"
'Finished building: ../src/sw/platform_xilinx/dac_core.c'
' '
'Building file: ../src/sw/platform_xilinx/platform.c'
'Invoking: ARM v7 gcc compiler'
arm-none-eabi-gcc -Wall -O0 -g3 -I"C:\Users\Admin\Desktop\hdl-hdl_2019_r1\projects\fmcomms2\zed\fmcomms2_zed.sdk\AD9361\src\sw\console_commands" -I"C:\Users\Admin\Desktop\hdl-hdl_2019_r1\projects\fmcomms2\zed\fmcomms2_zed.sdk\AD9361\src\sw\platform_xilinx" -I"C:\Users\Admin\Desktop\hdl-hdl_2019_r1\projects\fmcomms2\zed\fmcomms2_zed.sdk\AD9361\src\sw" -c -fmessage-length=0 -MT"src/sw/platform_xilinx/platform.o" -mcpu=cortex-a9 -mfpu=vfpv3 -mfloat-abi=hard -I../../AD9361_bsp/ps7_cortexa9_0/include -MMD -MP -MF"src/sw/platform_xilinx/platform.d" -MT"src/sw/platform_xilinx/platform.o" -o "src/sw/platform_xilinx/platform.o" "../src/sw/platform_xilinx/platform.c"
'Finished building: ../src/sw/platform_xilinx/platform.c'
' '
'Building file: ../src/sw/console_commands/command.c'
'Invoking: ARM v7 gcc compiler'
arm-none-eabi-gcc -Wall -O0 -g3 -I"C:\Users\Admin\Desktop\hdl-hdl_2019_r1\projects\fmcomms2\zed\fmcomms2_zed.sdk\AD9361\src\sw\console_commands" -I"C:\Users\Admin\Desktop\hdl-hdl_2019_r1\projects\fmcomms2\zed\fmcomms2_zed.sdk\AD9361\src\sw\platform_xilinx" -I"C:\Users\Admin\Desktop\hdl-hdl_2019_r1\projects\fmcomms2\zed\fmcomms2_zed.sdk\AD9361\src\sw" -c -fmessage-length=0 -MT"src/sw/console_commands/command.o" -mcpu=cortex-a9 -mfpu=vfpv3 -mfloat-abi=hard -I../../AD9361_bsp/ps7_cortexa9_0/include -MMD -MP -MF"src/sw/console_commands/command.d" -MT"src/sw/console_commands/command.o" -o "src/sw/console_commands/command.o" "../src/sw/console_commands/command.c"
'Finished building: ../src/sw/console_commands/command.c'
' '
'Building file: ../src/sw/ad9361.c'
'Invoking: ARM v7 gcc compiler'
arm-none-eabi-gcc -Wall -O0 -g3 -I"C:\Users\Admin\Desktop\hdl-hdl_2019_r1\projects\fmcomms2\zed\fmcomms2_zed.sdk\AD9361\src\sw\console_commands" -I"C:\Users\Admin\Desktop\hdl-hdl_2019_r1\projects\fmcomms2\zed\fmcomms2_zed.sdk\AD9361\src\sw\platform_xilinx" -I"C:\Users\Admin\Desktop\hdl-hdl_2019_r1\projects\fmcomms2\zed\fmcomms2_zed.sdk\AD9361\src\sw" -c -fmessage-length=0 -MT"src/sw/ad9361.o" -mcpu=cortex-a9 -mfpu=vfpv3 -mfloat-abi=hard -I../../AD9361_bsp/ps7_cortexa9_0/include -MMD -MP -MF"src/sw/ad9361.d" -MT"src/sw/ad9361.o" -o "src/sw/ad9361.o" "../src/sw/ad9361.c"
In file included from C:\Users\Admin\Desktop\hdl-hdl_2019_r1\projects\fmcomms2\zed\fmcomms2_zed.sdk\AD9361\src\sw\platform_xilinx/platform.h:46:0,
                 from ../src/sw/ad9361.c:49:
../src/sw/ad9361.c: In function 'ad9361_load_gt':
../src/sw/ad9361.c:1413:26: warning: format '%d' expects argument of type 'int', but argument 4 has type 'uint32_t {aka long unsigned int}' [-Wformat=]
  dev_dbg(&phy->spi->dev, "%s: frequency %"PRIu64" (band %d)",
                          ^
C:\Users\Admin\Desktop\hdl-hdl_2019_r1\projects\fmcomms2\zed\fmcomms2_zed.sdk\AD9361\src\sw/util.h:77:52: note: in definition of macro 'dev_dbg'
 #define dev_dbg(dev, format, ...) ({ if (0) printf(format, ## __VA_ARGS__); })
                                                    ^~~~~~
../src/sw/ad9361.c: In function 'set_split_table_gain':
../src/sw/ad9361.c:2115:16: warning: format '%d' expects argument of type 'int', but argument 2 has type 'int32_t {aka long int}' [-Wformat=]
   dev_err(dev, "Invalid gain %d, supported range [%d - %d]\n",
                ^
    rx_gain->gain_db, phy->gt_info[ad9361_gt(phy)].
    ~~~~~~~~~~   
C:\Users\Admin\Desktop\hdl-hdl_2019_r1\projects\fmcomms2\zed\fmcomms2_zed.sdk\AD9361\src\sw/util.h:72:45: note: in definition of macro 'dev_err'
 #define dev_err(dev, format, ...)  ({printf(format, ## __VA_ARGS__);printf("\n"); })
                                             ^~~~~~
../src/sw/ad9361.c: In function 'set_full_table_gain':
../src/sw/ad9361.c:2159:16: warning: format '%d' expects argument of type 'int', but argument 2 has type 'int32_t {aka long int}' [-Wformat=]
   dev_err(dev, "Invalid gain %d, supported range [%d - %d]\n",
                ^
    rx_gain->gain_db, phy->gt_info[ad9361_gt(phy)].
    ~~~~~~~~~~   
C:\Users\Admin\Desktop\hdl-hdl_2019_r1\projects\fmcomms2\zed\fmcomms2_zed.sdk\AD9361\src\sw/util.h:72:45: note: in definition of macro 'dev_err'
 #define dev_err(dev, format, ...)  ({printf(format, ## __VA_ARGS__);printf("\n"); })
                                             ^~~~~~
'Finished building: ../src/sw/ad9361.c'
' '
'Building file: ../src/sw/ad9361_api.c'
'Invoking: ARM v7 gcc compiler'
arm-none-eabi-gcc -Wall -O0 -g3 -I"C:\Users\Admin\Desktop\hdl-hdl_2019_r1\projects\fmcomms2\zed\fmcomms2_zed.sdk\AD9361\src\sw\console_commands" -I"C:\Users\Admin\Desktop\hdl-hdl_2019_r1\projects\fmcomms2\zed\fmcomms2_zed.sdk\AD9361\src\sw\platform_xilinx" -I"C:\Users\Admin\Desktop\hdl-hdl_2019_r1\projects\fmcomms2\zed\fmcomms2_zed.sdk\AD9361\src\sw" -c -fmessage-length=0 -MT"src/sw/ad9361_api.o" -mcpu=cortex-a9 -mfpu=vfpv3 -mfloat-abi=hard -I../../AD9361_bsp/ps7_cortexa9_0/include -MMD -MP -MF"src/sw/ad9361_api.d" -MT"src/sw/ad9361_api.o" -o "src/sw/ad9361_api.o" "../src/sw/ad9361_api.c"
'Finished building: ../src/sw/ad9361_api.c'
' '
'Building file: ../src/sw/ad9361_conv.c'
'Invoking: ARM v7 gcc compiler'
arm-none-eabi-gcc -Wall -O0 -g3 -I"C:\Users\Admin\Desktop\hdl-hdl_2019_r1\projects\fmcomms2\zed\fmcomms2_zed.sdk\AD9361\src\sw\console_commands" -I"C:\Users\Admin\Desktop\hdl-hdl_2019_r1\projects\fmcomms2\zed\fmcomms2_zed.sdk\AD9361\src\sw\platform_xilinx" -I"C:\Users\Admin\Desktop\hdl-hdl_2019_r1\projects\fmcomms2\zed\fmcomms2_zed.sdk\AD9361\src\sw" -c -fmessage-length=0 -MT"src/sw/ad9361_conv.o" -mcpu=cortex-a9 -mfpu=vfpv3 -mfloat-abi=hard -I../../AD9361_bsp/ps7_cortexa9_0/include -MMD -MP -MF"src/sw/ad9361_conv.d" -MT"src/sw/ad9361_conv.o" -o "src/sw/ad9361_conv.o" "../src/sw/ad9361_conv.c"
In file included from C:\Users\Admin\Desktop\hdl-hdl_2019_r1\projects\fmcomms2\zed\fmcomms2_zed.sdk\AD9361\src\sw\platform_xilinx/platform.h:46:0,
                 from ../src/sw/ad9361_conv.c:46:
../src/sw/ad9361_conv.c: In function 'ad9361_dig_tune':
../src/sw/ad9361_conv.c:514:26: warning: format '%u' expects argument of type 'unsigned int', but argument 3 has type 'uint32_t {aka long unsigned int}' [-Wformat=]
  dev_dbg(&phy->spi->dev, "%s: freq %u flags 0x%X\n", __func__,
                          ^
C:\Users\Admin\Desktop\hdl-hdl_2019_r1\projects\fmcomms2\zed\fmcomms2_zed.sdk\AD9361\src\sw/util.h:77:52: note: in definition of macro 'dev_dbg'
 #define dev_dbg(dev, format, ...) ({ if (0) printf(format, ## __VA_ARGS__); })
                                                    ^~~~~~
'Finished building: ../src/sw/ad9361_conv.c'
' '
'Building file: ../src/sw/main.c'
'Invoking: ARM v7 gcc compiler'
arm-none-eabi-gcc -Wall -O0 -g3 -I"C:\Users\Admin\Desktop\hdl-hdl_2019_r1\projects\fmcomms2\zed\fmcomms2_zed.sdk\AD9361\src\sw\console_commands" -I"C:\Users\Admin\Desktop\hdl-hdl_2019_r1\projects\fmcomms2\zed\fmcomms2_zed.sdk\AD9361\src\sw\platform_xilinx" -I"C:\Users\Admin\Desktop\hdl-hdl_2019_r1\projects\fmcomms2\zed\fmcomms2_zed.sdk\AD9361\src\sw" -c -fmessage-length=0 -MT"src/sw/main.o" -mcpu=cortex-a9 -mfpu=vfpv3 -mfloat-abi=hard -I../../AD9361_bsp/ps7_cortexa9_0/include -MMD -MP -MF"src/sw/main.d" -MT"src/sw/main.o" -o "src/sw/main.o" "../src/sw/main.c"
'Finished building: ../src/sw/main.c'
' '
'Building file: ../src/sw/util.c'
'Invoking: ARM v7 gcc compiler'
arm-none-eabi-gcc -Wall -O0 -g3 -I"C:\Users\Admin\Desktop\hdl-hdl_2019_r1\projects\fmcomms2\zed\fmcomms2_zed.sdk\AD9361\src\sw\console_commands" -I"C:\Users\Admin\Desktop\hdl-hdl_2019_r1\projects\fmcomms2\zed\fmcomms2_zed.sdk\AD9361\src\sw\platform_xilinx" -I"C:\Users\Admin\Desktop\hdl-hdl_2019_r1\projects\fmcomms2\zed\fmcomms2_zed.sdk\AD9361\src\sw" -c -fmessage-length=0 -MT"src/sw/util.o" -mcpu=cortex-a9 -mfpu=vfpv3 -mfloat-abi=hard -I../../AD9361_bsp/ps7_cortexa9_0/include -MMD -MP -MF"src/sw/util.d" -MT"src/sw/util.o" -o "src/sw/util.o" "../src/sw/util.c"
'Finished building: ../src/sw/util.c'
' '
'Building target: AD9361.elf'
'Invoking: ARM v7 gcc linker'
arm-none-eabi-gcc -mcpu=cortex-a9 -mfpu=vfpv3 -mfloat-abi=hard -Wl,-build-id=none -specs=Xilinx.spec -Wl,-T -Wl,../src/lscript.ld -L../../AD9361_bsp/ps7_cortexa9_0/lib -o "AD9361.elf"  ./src/sw/platform_xilinx/adc_core.o ./src/sw/platform_xilinx/dac_core.o ./src/sw/platform_xilinx/platform.o  ./src/sw/console_commands/command.o ./src/sw/console_commands/console.o  ./src/sw/ad9361.o ./src/sw/ad9361_api.o ./src/sw/ad9361_conv.o ./src/sw/main.o ./src/sw/util.o   -Wl,--start-group,-lxil,-lgcc,-lc,--end-group
'Finished building target: AD9361.elf'
' '
'Invoking: ARM v7 Print Size'
arm-none-eabi-size AD9361.elf  |tee "AD9361.elf.size"
   text	   data	    bss	    dec	    hex	filename
 270492	   4916	  23760	 299168	  490a0	AD9361.elf
'Finished building: AD9361.elf.size'
' '
09:42:46 **** Clean-only build of configuration Debug for project AD9361 ****
make clean 
rm -rf  ./src/sw/platform_xilinx/adc_core.o ./src/sw/platform_xilinx/dac_core.o ./src/sw/platform_xilinx/platform.o  ./src/sw/console_commands/command.o ./src/sw/console_commands/console.o  ./src/sw/ad9361.o ./src/sw/ad9361_api.o ./src/sw/ad9361_conv.o ./src/sw/main.o ./src/sw/util.o  ./src/sw/platform_xilinx/adc_core.d ./src/sw/platform_xilinx/dac_core.d ./src/sw/platform_xilinx/platform.d  ./src/sw/console_commands/command.d ./src/sw/console_commands/console.d  ./src/sw/ad9361.d ./src/sw/ad9361_api.d ./src/sw/ad9361_conv.d ./src/sw/main.d ./src/sw/util.d  AD9361.elf.size  AD9361.elf
' '

****  of configuration Debug for project AD9361 ****

Nothing to build for project AD9361
09:43:10 **** Auto Build of configuration Debug for project AD9361 ****
make pre-build main-build 
a9-linaro-pre-build-step
' '
'Building file: ../src/sw/platform_xilinx/adc_core.c'
'Invoking: ARM v7 gcc compiler'
arm-none-eabi-gcc -Wall -O0 -g3 -I"C:\Users\Admin\Desktop\hdl-hdl_2019_r1\projects\fmcomms2\zed\fmcomms2_zed.sdk\AD9361\src\sw\console_commands" -I"C:\Users\Admin\Desktop\hdl-hdl_2019_r1\projects\fmcomms2\zed\fmcomms2_zed.sdk\AD9361\src\sw\platform_xilinx" -I"C:\Users\Admin\Desktop\hdl-hdl_2019_r1\projects\fmcomms2\zed\fmcomms2_zed.sdk\AD9361\src\sw" -c -fmessage-length=0 -MT"src/sw/platform_xilinx/adc_core.o" -mcpu=cortex-a9 -mfpu=vfpv3 -mfloat-abi=hard -I../../AD9361_bsp/ps7_cortexa9_0/include -MMD -MP -MF"src/sw/platform_xilinx/adc_core.d" -MT"src/sw/platform_xilinx/adc_core.o" -o "src/sw/platform_xilinx/adc_core.o" "../src/sw/platform_xilinx/adc_core.c"
'Finished building: ../src/sw/platform_xilinx/adc_core.c'
' '
'Building file: ../src/sw/platform_xilinx/dac_core.c'
'Invoking: ARM v7 gcc compiler'
arm-none-eabi-gcc -Wall -O0 -g3 -I"C:\Users\Admin\Desktop\hdl-hdl_2019_r1\projects\fmcomms2\zed\fmcomms2_zed.sdk\AD9361\src\sw\console_commands" -I"C:\Users\Admin\Desktop\hdl-hdl_2019_r1\projects\fmcomms2\zed\fmcomms2_zed.sdk\AD9361\src\sw\platform_xilinx" -I"C:\Users\Admin\Desktop\hdl-hdl_2019_r1\projects\fmcomms2\zed\fmcomms2_zed.sdk\AD9361\src\sw" -c -fmessage-length=0 -MT"src/sw/platform_xilinx/dac_core.o" -mcpu=cortex-a9 -mfpu=vfpv3 -mfloat-abi=hard -I../../AD9361_bsp/ps7_cortexa9_0/include -MMD -MP -MF"src/sw/platform_xilinx/dac_core.d" -MT"src/sw/platform_xilinx/dac_core.o" -o "src/sw/platform_xilinx/dac_core.o" "../src/sw/platform_xilinx/dac_core.c"
'Finished building: ../src/sw/platform_xilinx/dac_core.c'
' '
'Building file: ../src/sw/platform_xilinx/platform.c'
'Invoking: ARM v7 gcc compiler'
arm-none-eabi-gcc -Wall -O0 -g3 -I"C:\Users\Admin\Desktop\hdl-hdl_2019_r1\projects\fmcomms2\zed\fmcomms2_zed.sdk\AD9361\src\sw\console_commands" -I"C:\Users\Admin\Desktop\hdl-hdl_2019_r1\projects\fmcomms2\zed\fmcomms2_zed.sdk\AD9361\src\sw\platform_xilinx" -I"C:\Users\Admin\Desktop\hdl-hdl_2019_r1\projects\fmcomms2\zed\fmcomms2_zed.sdk\AD9361\src\sw" -c -fmessage-length=0 -MT"src/sw/platform_xilinx/platform.o" -mcpu=cortex-a9 -mfpu=vfpv3 -mfloat-abi=hard -I../../AD9361_bsp/ps7_cortexa9_0/include -MMD -MP -MF"src/sw/platform_xilinx/platform.d" -MT"src/sw/platform_xilinx/platform.o" -o "src/sw/platform_xilinx/platform.o" "../src/sw/platform_xilinx/platform.c"
'Finished building: ../src/sw/platform_xilinx/platform.c'
' '
'Building file: ../src/sw/console_commands/command.c'
'Invoking: ARM v7 gcc compiler'
arm-none-eabi-gcc -Wall -O0 -g3 -I"C:\Users\Admin\Desktop\hdl-hdl_2019_r1\projects\fmcomms2\zed\fmcomms2_zed.sdk\AD9361\src\sw\console_commands" -I"C:\Users\Admin\Desktop\hdl-hdl_2019_r1\projects\fmcomms2\zed\fmcomms2_zed.sdk\AD9361\src\sw\platform_xilinx" -I"C:\Users\Admin\Desktop\hdl-hdl_2019_r1\projects\fmcomms2\zed\fmcomms2_zed.sdk\AD9361\src\sw" -c -fmessage-length=0 -MT"src/sw/console_commands/command.o" -mcpu=cortex-a9 -mfpu=vfpv3 -mfloat-abi=hard -I../../AD9361_bsp/ps7_cortexa9_0/include -MMD -MP -MF"src/sw/console_commands/command.d" -MT"src/sw/console_commands/command.o" -o "src/sw/console_commands/command.o" "../src/sw/console_commands/command.c"
'Finished building: ../src/sw/console_commands/command.c'
' '
'Building file: ../src/sw/console_commands/console.c'
'Invoking: ARM v7 gcc compiler'
arm-none-eabi-gcc -Wall -O0 -g3 -I"C:\Users\Admin\Desktop\hdl-hdl_2019_r1\projects\fmcomms2\zed\fmcomms2_zed.sdk\AD9361\src\sw\console_commands" -I"C:\Users\Admin\Desktop\hdl-hdl_2019_r1\projects\fmcomms2\zed\fmcomms2_zed.sdk\AD9361\src\sw\platform_xilinx" -I"C:\Users\Admin\Desktop\hdl-hdl_2019_r1\projects\fmcomms2\zed\fmcomms2_zed.sdk\AD9361\src\sw" -c -fmessage-length=0 -MT"src/sw/console_commands/console.o" -mcpu=cortex-a9 -mfpu=vfpv3 -mfloat-abi=hard -I../../AD9361_bsp/ps7_cortexa9_0/include -MMD -MP -MF"src/sw/console_commands/console.d" -MT"src/sw/console_commands/console.o" -o "src/sw/console_commands/console.o" "../src/sw/console_commands/console.c"
../src/sw/console_commands/console.c: In function 'int_to_str':
../src/sw/console_commands/console.c:141:2: warning: value computed is not used [-Wunused-value]
  *buffer_ptr++;
  ^~~~~~~~~~~~~
'Finished building: ../src/sw/console_commands/console.c'
' '
'Building file: ../src/sw/ad9361.c'
'Invoking: ARM v7 gcc compiler'
arm-none-eabi-gcc -Wall -O0 -g3 -I"C:\Users\Admin\Desktop\hdl-hdl_2019_r1\projects\fmcomms2\zed\fmcomms2_zed.sdk\AD9361\src\sw\console_commands" -I"C:\Users\Admin\Desktop\hdl-hdl_2019_r1\projects\fmcomms2\zed\fmcomms2_zed.sdk\AD9361\src\sw\platform_xilinx" -I"C:\Users\Admin\Desktop\hdl-hdl_2019_r1\projects\fmcomms2\zed\fmcomms2_zed.sdk\AD9361\src\sw" -c -fmessage-length=0 -MT"src/sw/ad9361.o" -mcpu=cortex-a9 -mfpu=vfpv3 -mfloat-abi=hard -I../../AD9361_bsp/ps7_cortexa9_0/include -MMD -MP -MF"src/sw/ad9361.d" -MT"src/sw/ad9361.o" -o "src/sw/ad9361.o" "../src/sw/ad9361.c"
In file included from C:\Users\Admin\Desktop\hdl-hdl_2019_r1\projects\fmcomms2\zed\fmcomms2_zed.sdk\AD9361\src\sw\platform_xilinx/platform.h:46:0,
                 from ../src/sw/ad9361.c:49:
../src/sw/ad9361.c: In function 'ad9361_load_gt':
../src/sw/ad9361.c:1413:26: warning: format '%d' expects argument of type 'int', but argument 4 has type 'uint32_t {aka long unsigned int}' [-Wformat=]
  dev_dbg(&phy->spi->dev, "%s: frequency %"PRIu64" (band %d)",
                          ^
C:\Users\Admin\Desktop\hdl-hdl_2019_r1\projects\fmcomms2\zed\fmcomms2_zed.sdk\AD9361\src\sw/util.h:77:52: note: in definition of macro 'dev_dbg'
 #define dev_dbg(dev, format, ...) ({ if (0) printf(format, ## __VA_ARGS__); })
                                                    ^~~~~~
../src/sw/ad9361.c: In function 'set_split_table_gain':
../src/sw/ad9361.c:2115:16: warning: format '%d' expects argument of type 'int', but argument 2 has type 'int32_t {aka long int}' [-Wformat=]
   dev_err(dev, "Invalid gain %d, supported range [%d - %d]\n",
                ^
    rx_gain->gain_db, phy->gt_info[ad9361_gt(phy)].
    ~~~~~~~~~~   
C:\Users\Admin\Desktop\hdl-hdl_2019_r1\projects\fmcomms2\zed\fmcomms2_zed.sdk\AD9361\src\sw/util.h:72:45: note: in definition of macro 'dev_err'
 #define dev_err(dev, format, ...)  ({printf(format, ## __VA_ARGS__);printf("\n"); })
                                             ^~~~~~
../src/sw/ad9361.c: In function 'set_full_table_gain':
../src/sw/ad9361.c:2159:16: warning: format '%d' expects argument of type 'int', but argument 2 has type 'int32_t {aka long int}' [-Wformat=]
   dev_err(dev, "Invalid gain %d, supported range [%d - %d]\n",
                ^
    rx_gain->gain_db, phy->gt_info[ad9361_gt(phy)].
    ~~~~~~~~~~   
C:\Users\Admin\Desktop\hdl-hdl_2019_r1\projects\fmcomms2\zed\fmcomms2_zed.sdk\AD9361\src\sw/util.h:72:45: note: in definition of macro 'dev_err'
 #define dev_err(dev, format, ...)  ({printf(format, ## __VA_ARGS__);printf("\n"); })
                                             ^~~~~~
'Finished building: ../src/sw/ad9361.c'
' '
'Building file: ../src/sw/ad9361_api.c'
'Invoking: ARM v7 gcc compiler'
arm-none-eabi-gcc -Wall -O0 -g3 -I"C:\Users\Admin\Desktop\hdl-hdl_2019_r1\projects\fmcomms2\zed\fmcomms2_zed.sdk\AD9361\src\sw\console_commands" -I"C:\Users\Admin\Desktop\hdl-hdl_2019_r1\projects\fmcomms2\zed\fmcomms2_zed.sdk\AD9361\src\sw\platform_xilinx" -I"C:\Users\Admin\Desktop\hdl-hdl_2019_r1\projects\fmcomms2\zed\fmcomms2_zed.sdk\AD9361\src\sw" -c -fmessage-length=0 -MT"src/sw/ad9361_api.o" -mcpu=cortex-a9 -mfpu=vfpv3 -mfloat-abi=hard -I../../AD9361_bsp/ps7_cortexa9_0/include -MMD -MP -MF"src/sw/ad9361_api.d" -MT"src/sw/ad9361_api.o" -o "src/sw/ad9361_api.o" "../src/sw/ad9361_api.c"
'Finished building: ../src/sw/ad9361_api.c'
' '
'Building file: ../src/sw/ad9361_conv.c'
'Invoking: ARM v7 gcc compiler'
arm-none-eabi-gcc -Wall -O0 -g3 -I"C:\Users\Admin\Desktop\hdl-hdl_2019_r1\projects\fmcomms2\zed\fmcomms2_zed.sdk\AD9361\src\sw\console_commands" -I"C:\Users\Admin\Desktop\hdl-hdl_2019_r1\projects\fmcomms2\zed\fmcomms2_zed.sdk\AD9361\src\sw\platform_xilinx" -I"C:\Users\Admin\Desktop\hdl-hdl_2019_r1\projects\fmcomms2\zed\fmcomms2_zed.sdk\AD9361\src\sw" -c -fmessage-length=0 -MT"src/sw/ad9361_conv.o" -mcpu=cortex-a9 -mfpu=vfpv3 -mfloat-abi=hard -I../../AD9361_bsp/ps7_cortexa9_0/include -MMD -MP -MF"src/sw/ad9361_conv.d" -MT"src/sw/ad9361_conv.o" -o "src/sw/ad9361_conv.o" "../src/sw/ad9361_conv.c"
In file included from C:\Users\Admin\Desktop\hdl-hdl_2019_r1\projects\fmcomms2\zed\fmcomms2_zed.sdk\AD9361\src\sw\platform_xilinx/platform.h:46:0,
                 from ../src/sw/ad9361_conv.c:46:
../src/sw/ad9361_conv.c: In function 'ad9361_dig_tune':
../src/sw/ad9361_conv.c:514:26: warning: format '%u' expects argument of type 'unsigned int', but argument 3 has type 'uint32_t {aka long unsigned int}' [-Wformat=]
  dev_dbg(&phy->spi->dev, "%s: freq %u flags 0x%X\n", __func__,
                          ^
C:\Users\Admin\Desktop\hdl-hdl_2019_r1\projects\fmcomms2\zed\fmcomms2_zed.sdk\AD9361\src\sw/util.h:77:52: note: in definition of macro 'dev_dbg'
 #define dev_dbg(dev, format, ...) ({ if (0) printf(format, ## __VA_ARGS__); })
                                                    ^~~~~~
'Finished building: ../src/sw/ad9361_conv.c'
' '
'Building file: ../src/sw/main.c'
'Invoking: ARM v7 gcc compiler'
arm-none-eabi-gcc -Wall -O0 -g3 -I"C:\Users\Admin\Desktop\hdl-hdl_2019_r1\projects\fmcomms2\zed\fmcomms2_zed.sdk\AD9361\src\sw\console_commands" -I"C:\Users\Admin\Desktop\hdl-hdl_2019_r1\projects\fmcomms2\zed\fmcomms2_zed.sdk\AD9361\src\sw\platform_xilinx" -I"C:\Users\Admin\Desktop\hdl-hdl_2019_r1\projects\fmcomms2\zed\fmcomms2_zed.sdk\AD9361\src\sw" -c -fmessage-length=0 -MT"src/sw/main.o" -mcpu=cortex-a9 -mfpu=vfpv3 -mfloat-abi=hard -I../../AD9361_bsp/ps7_cortexa9_0/include -MMD -MP -MF"src/sw/main.d" -MT"src/sw/main.o" -o "src/sw/main.o" "../src/sw/main.c"
'Finished building: ../src/sw/main.c'
' '
'Building file: ../src/sw/util.c'
'Invoking: ARM v7 gcc compiler'
arm-none-eabi-gcc -Wall -O0 -g3 -I"C:\Users\Admin\Desktop\hdl-hdl_2019_r1\projects\fmcomms2\zed\fmcomms2_zed.sdk\AD9361\src\sw\console_commands" -I"C:\Users\Admin\Desktop\hdl-hdl_2019_r1\projects\fmcomms2\zed\fmcomms2_zed.sdk\AD9361\src\sw\platform_xilinx" -I"C:\Users\Admin\Desktop\hdl-hdl_2019_r1\projects\fmcomms2\zed\fmcomms2_zed.sdk\AD9361\src\sw" -c -fmessage-length=0 -MT"src/sw/util.o" -mcpu=cortex-a9 -mfpu=vfpv3 -mfloat-abi=hard -I../../AD9361_bsp/ps7_cortexa9_0/include -MMD -MP -MF"src/sw/util.d" -MT"src/sw/util.o" -o "src/sw/util.o" "../src/sw/util.c"
'Finished building: ../src/sw/util.c'
' '
'Building target: AD9361.elf'
'Invoking: ARM v7 gcc linker'
arm-none-eabi-gcc -mcpu=cortex-a9 -mfpu=vfpv3 -mfloat-abi=hard -Wl,-build-id=none -specs=Xilinx.spec -Wl,-T -Wl,../src/lscript.ld -L../../AD9361_bsp/ps7_cortexa9_0/lib -o "AD9361.elf"  ./src/sw/platform_xilinx/adc_core.o ./src/sw/platform_xilinx/dac_core.o ./src/sw/platform_xilinx/platform.o  ./src/sw/console_commands/command.o ./src/sw/console_commands/console.o  ./src/sw/ad9361.o ./src/sw/ad9361_api.o ./src/sw/ad9361_conv.o ./src/sw/main.o ./src/sw/util.o   -Wl,--start-group,-lxil,-lgcc,-lc,--end-group
'Finished building target: AD9361.elf'
' '
'Invoking: ARM v7 Print Size'
arm-none-eabi-size AD9361.elf  |tee "AD9361.elf.size"
   text	   data	    bss	    dec	    hex	filename
 270492	   4916	  23760	 299168	  490a0	AD9361.elf
'Finished building: AD9361.elf.size'
' '
09:43:47 **** Incremental Build of configuration Debug for project AD9361 ****
make pre-build main-build 
a9-linaro-pre-build-step
' '
make: Nothing to be done for 'main-build'.
10:47:25 **** Incremental Build of configuration Debug for project AD9361 ****
make pre-build main-build 
a9-linaro-pre-build-step
' '
'Building file: ../src/sw/platform_xilinx/adc_core.c'
'Invoking: ARM v7 gcc compiler'
arm-none-eabi-gcc -Wall -O0 -g3 -I"C:\Users\Admin\Desktop\hdl-hdl_2019_r1\projects\fmcomms2\zed\fmcomms2_zed.sdk\AD9361\src\sw\console_commands" -I"C:\Users\Admin\Desktop\hdl-hdl_2019_r1\projects\fmcomms2\zed\fmcomms2_zed.sdk\AD9361\src\sw\platform_xilinx" -I"C:\Users\Admin\Desktop\hdl-hdl_2019_r1\projects\fmcomms2\zed\fmcomms2_zed.sdk\AD9361\src\sw" -c -fmessage-length=0 -MT"src/sw/platform_xilinx/adc_core.o" -mcpu=cortex-a9 -mfpu=vfpv3 -mfloat-abi=hard -I../../AD9361_bsp/ps7_cortexa9_0/include -MMD -MP -MF"src/sw/platform_xilinx/adc_core.d" -MT"src/sw/platform_xilinx/adc_core.o" -o "src/sw/platform_xilinx/adc_core.o" "../src/sw/platform_xilinx/adc_core.c"
../src/sw/platform_xilinx/adc_core.c:45:10: fatal error: xil_cache.h: No such file or directory
 #include <xil_cache.h>
          ^~~~~~~~~~~~~
compilation terminated.
make: *** [src/sw/platform_xilinx/subdir.mk:26: src/sw/platform_xilinx/adc_core.o] Error 1
10:47:40 **** Incremental Build of configuration Debug for project AD9361 ****
make pre-build main-build 
a9-linaro-pre-build-step
' '
'Building file: ../src/sw/platform_xilinx/adc_core.c'
'Invoking: ARM v7 gcc compiler'
arm-none-eabi-gcc -Wall -O0 -g3 -I"C:\Users\Admin\Desktop\hdl-hdl_2019_r1\projects\fmcomms2\zed\fmcomms2_zed.sdk\AD9361\src\sw\console_commands" -I"C:\Users\Admin\Desktop\hdl-hdl_2019_r1\projects\fmcomms2\zed\fmcomms2_zed.sdk\AD9361\src\sw\platform_xilinx" -I"C:\Users\Admin\Desktop\hdl-hdl_2019_r1\projects\fmcomms2\zed\fmcomms2_zed.sdk\AD9361\src\sw" -c -fmessage-length=0 -MT"src/sw/platform_xilinx/adc_core.o" -mcpu=cortex-a9 -mfpu=vfpv3 -mfloat-abi=hard -I../../AD9361_bsp/ps7_cortexa9_0/include -MMD -MP -MF"src/sw/platform_xilinx/adc_core.d" -MT"src/sw/platform_xilinx/adc_core.o" -o "src/sw/platform_xilinx/adc_core.o" "../src/sw/platform_xilinx/adc_core.c"
../src/sw/platform_xilinx/adc_core.c:45:10: fatal error: xil_cache.h: No such file or directory
 #include <xil_cache.h>
          ^~~~~~~~~~~~~
compilation terminated.
make: *** [src/sw/platform_xilinx/subdir.mk:26: src/sw/platform_xilinx/adc_core.o] Error 1
10:50:13 **** Auto Build of configuration Debug for project AD9361 ****
make pre-build main-build 
a9-linaro-pre-build-step
' '
'Building file: ../src/sw/platform_xilinx/adc_core.c'
'Invoking: ARM v7 gcc compiler'
arm-none-eabi-gcc -Wall -O0 -g3 -I"C:\Users\Admin\Desktop\hdl-hdl_2019_r1\projects\fmcomms2\zed\fmcomms2_zed.sdk\AD9361\src\sw\console_commands" -I"C:\Users\Admin\Desktop\hdl-hdl_2019_r1\projects\fmcomms2\zed\fmcomms2_zed.sdk\AD9361\src\sw\platform_xilinx" -I"C:\Users\Admin\Desktop\hdl-hdl_2019_r1\projects\fmcomms2\zed\fmcomms2_zed.sdk\AD9361\src\sw" -c -fmessage-length=0 -MT"src/sw/platform_xilinx/adc_core.o" -mcpu=cortex-a9 -mfpu=vfpv3 -mfloat-abi=hard -I../../AD9361_bsp/ps7_cortexa9_0/include -MMD -MP -MF"src/sw/platform_xilinx/adc_core.d" -MT"src/sw/platform_xilinx/adc_core.o" -o "src/sw/platform_xilinx/adc_core.o" "../src/sw/platform_xilinx/adc_core.c"
../src/sw/platform_xilinx/adc_core.c:45:10: fatal error: xil_cache.h: No such file or directory
 #include <xil_cache.h>
          ^~~~~~~~~~~~~
compilation terminated.
make: *** [src/sw/platform_xilinx/subdir.mk:26: src/sw/platform_xilinx/adc_core.o] Error 1
10:50:24 **** Auto Build of configuration Debug for project AD9361 ****
make pre-build main-build 
a9-linaro-pre-build-step
' '
'Building file: ../src/sw/platform_xilinx/adc_core.c'
'Invoking: ARM v7 gcc compiler'
arm-none-eabi-gcc -Wall -O0 -g3 -I"C:\Users\Admin\Desktop\hdl-hdl_2019_r1\projects\fmcomms2\zed\fmcomms2_zed.sdk\AD9361\src\sw\console_commands" -I"C:\Users\Admin\Desktop\hdl-hdl_2019_r1\projects\fmcomms2\zed\fmcomms2_zed.sdk\AD9361\src\sw\platform_xilinx" -I"C:\Users\Admin\Desktop\hdl-hdl_2019_r1\projects\fmcomms2\zed\fmcomms2_zed.sdk\AD9361\src\sw" -c -fmessage-length=0 -MT"src/sw/platform_xilinx/adc_core.o" -mcpu=cortex-a9 -mfpu=vfpv3 -mfloat-abi=hard -I../../AD9361_bsp/ps7_cortexa9_0/include -MMD -MP -MF"src/sw/platform_xilinx/adc_core.d" -MT"src/sw/platform_xilinx/adc_core.o" -o "src/sw/platform_xilinx/adc_core.o" "../src/sw/platform_xilinx/adc_core.c"
../src/sw/platform_xilinx/adc_core.c:45:10: fatal error: xil_cache.h: No such file or directory
 #include <xil_cache.h>
          ^~~~~~~~~~~~~
compilation terminated.
make: *** [src/sw/platform_xilinx/subdir.mk:26: src/sw/platform_xilinx/adc_core.o] Error 1
10:50:55 **** Build of project AD9631_bsp ****
make -k all 
"Running Make include in ps7_cortexa9_0/libsrc/coresightps_dcc_v1_4/src"
make -C ps7_cortexa9_0/libsrc/coresightps_dcc_v1_4/src -s include  "SHELL=CMD" "COMPILER=arm-none-eabi-gcc" "ARCHIVER=arm-none-eabi-ar" "COMPILER_FLAGS=  -O2 -c" "EXTRA_COMPILER_FLAGS=-mcpu=cortex-a9 -mfpu=vfpv3 -mfloat-abi=hard -nostartfiles -g -Wall -Wextra"
"Running Make include in ps7_cortexa9_0/libsrc/cpu_cortexa9_v2_7/src"
make -C ps7_cortexa9_0/libsrc/cpu_cortexa9_v2_7/src -s include  "SHELL=CMD" "COMPILER=arm-none-eabi-gcc" "ARCHIVER=arm-none-eabi-ar" "COMPILER_FLAGS=  -O2 -c" "EXTRA_COMPILER_FLAGS=-mcpu=cortex-a9 -mfpu=vfpv3 -mfloat-abi=hard -nostartfiles -g -Wall -Wextra"
"Running Make include in ps7_cortexa9_0/libsrc/ddrps_v1_0/src"
make -C ps7_cortexa9_0/libsrc/ddrps_v1_0/src -s include  "SHELL=CMD" "COMPILER=arm-none-eabi-gcc" "ARCHIVER=arm-none-eabi-ar" "COMPILER_FLAGS=  -O2 -c" "EXTRA_COMPILER_FLAGS=-mcpu=cortex-a9 -mfpu=vfpv3 -mfloat-abi=hard -nostartfiles -g -Wall -Wextra"
"Running Make include in ps7_cortexa9_0/libsrc/devcfg_v3_5/src"
make -C ps7_cortexa9_0/libsrc/devcfg_v3_5/src -s include  "SHELL=CMD" "COMPILER=arm-none-eabi-gcc" "ARCHIVER=arm-none-eabi-ar" "COMPILER_FLAGS=  -O2 -c" "EXTRA_COMPILER_FLAGS=-mcpu=cortex-a9 -mfpu=vfpv3 -mfloat-abi=hard -nostartfiles -g -Wall -Wextra"
"Running Make include in ps7_cortexa9_0/libsrc/dmaps_v2_4/src"
make -C ps7_cortexa9_0/libsrc/dmaps_v2_4/src -s include  "SHELL=CMD" "COMPILER=arm-none-eabi-gcc" "ARCHIVER=arm-none-eabi-ar" "COMPILER_FLAGS=  -O2 -c" "EXTRA_COMPILER_FLAGS=-mcpu=cortex-a9 -mfpu=vfpv3 -mfloat-abi=hard -nostartfiles -g -Wall -Wextra"
"Running Make include in ps7_cortexa9_0/libsrc/emacps_v3_8/src"
make -C ps7_cortexa9_0/libsrc/emacps_v3_8/src -s include  "SHELL=CMD" "COMPILER=arm-none-eabi-gcc" "ARCHIVER=arm-none-eabi-ar" "COMPILER_FLAGS=  -O2 -c" "EXTRA_COMPILER_FLAGS=-mcpu=cortex-a9 -mfpu=vfpv3 -mfloat-abi=hard -nostartfiles -g -Wall -Wextra"
"Running Make include in ps7_cortexa9_0/libsrc/gpiops_v3_4/src"
make -C ps7_cortexa9_0/libsrc/gpiops_v3_4/src -s include  "SHELL=CMD" "COMPILER=arm-none-eabi-gcc" "ARCHIVER=arm-none-eabi-ar" "COMPILER_FLAGS=  -O2 -c" "EXTRA_COMPILER_FLAGS=-mcpu=cortex-a9 -mfpu=vfpv3 -mfloat-abi=hard -nostartfiles -g -Wall -Wextra"
"Running Make include in ps7_cortexa9_0/libsrc/iic_v3_5/src"
make -C ps7_cortexa9_0/libsrc/iic_v3_5/src -s include  "SHELL=CMD" "COMPILER=arm-none-eabi-gcc" "ARCHIVER=arm-none-eabi-ar" "COMPILER_FLAGS=  -O2 -c" "EXTRA_COMPILER_FLAGS=-mcpu=cortex-a9 -mfpu=vfpv3 -mfloat-abi=hard -nostartfiles -g -Wall -Wextra"
"Running Make include in ps7_cortexa9_0/libsrc/qspips_v3_5/src"
make -C ps7_cortexa9_0/libsrc/qspips_v3_5/src -s include  "SHELL=CMD" "COMPILER=arm-none-eabi-gcc" "ARCHIVER=arm-none-eabi-ar" "COMPILER_FLAGS=  -O2 -c" "EXTRA_COMPILER_FLAGS=-mcpu=cortex-a9 -mfpu=vfpv3 -mfloat-abi=hard -nostartfiles -g -Wall -Wextra"
"Running Make include in ps7_cortexa9_0/libsrc/scugic_v3_10/src"
make -C ps7_cortexa9_0/libsrc/scugic_v3_10/src -s include  "SHELL=CMD" "COMPILER=arm-none-eabi-gcc" "ARCHIVER=arm-none-eabi-ar" "COMPILER_FLAGS=  -O2 -c" "EXTRA_COMPILER_FLAGS=-mcpu=cortex-a9 -mfpu=vfpv3 -mfloat-abi=hard -nostartfiles -g -Wall -Wextra"
"Running Make include in ps7_cortexa9_0/libsrc/scutimer_v2_1/src"
make -C ps7_cortexa9_0/libsrc/scutimer_v2_1/src -s include  "SHELL=CMD" "COMPILER=arm-none-eabi-gcc" "ARCHIVER=arm-none-eabi-ar" "COMPILER_FLAGS=  -O2 -c" "EXTRA_COMPILER_FLAGS=-mcpu=cortex-a9 -mfpu=vfpv3 -mfloat-abi=hard -nostartfiles -g -Wall -Wextra"
"Running Make include in ps7_cortexa9_0/libsrc/scuwdt_v2_1/src"
make -C ps7_cortexa9_0/libsrc/scuwdt_v2_1/src -s include  "SHELL=CMD" "COMPILER=arm-none-eabi-gcc" "ARCHIVER=arm-none-eabi-ar" "COMPILER_FLAGS=  -O2 -c" "EXTRA_COMPILER_FLAGS=-mcpu=cortex-a9 -mfpu=vfpv3 -mfloat-abi=hard -nostartfiles -g -Wall -Wextra"
"Running Make include in ps7_cortexa9_0/libsrc/sdps_v3_6/src"
make -C ps7_cortexa9_0/libsrc/sdps_v3_6/src -s include  "SHELL=CMD" "COMPILER=arm-none-eabi-gcc" "ARCHIVER=arm-none-eabi-ar" "COMPILER_FLAGS=  -O2 -c" "EXTRA_COMPILER_FLAGS=-mcpu=cortex-a9 -mfpu=vfpv3 -mfloat-abi=hard -nostartfiles -g -Wall -Wextra"
"Running Make include in ps7_cortexa9_0/libsrc/spips_v3_1/src"
make -C ps7_cortexa9_0/libsrc/spips_v3_1/src -s include  "SHELL=CMD" "COMPILER=arm-none-eabi-gcc" "ARCHIVER=arm-none-eabi-ar" "COMPILER_FLAGS=  -O2 -c" "EXTRA_COMPILER_FLAGS=-mcpu=cortex-a9 -mfpu=vfpv3 -mfloat-abi=hard -nostartfiles -g -Wall -Wextra"
"Running Make include in ps7_cortexa9_0/libsrc/standalone_v6_8/src"
make -C ps7_cortexa9_0/libsrc/standalone_v6_8/src -s include  "SHELL=CMD" "COMPILER=arm-none-eabi-gcc" "ARCHIVER=arm-none-eabi-ar" "COMPILER_FLAGS=  -O2 -c" "EXTRA_COMPILER_FLAGS=-mcpu=cortex-a9 -mfpu=vfpv3 -mfloat-abi=hard -nostartfiles -g -Wall -Wextra"
"Running Make include in ps7_cortexa9_0/libsrc/uartps_v3_7/src"
make -C ps7_cortexa9_0/libsrc/uartps_v3_7/src -s include  "SHELL=CMD" "COMPILER=arm-none-eabi-gcc" "ARCHIVER=arm-none-eabi-ar" "COMPILER_FLAGS=  -O2 -c" "EXTRA_COMPILER_FLAGS=-mcpu=cortex-a9 -mfpu=vfpv3 -mfloat-abi=hard -nostartfiles -g -Wall -Wextra"
"Running Make include in ps7_cortexa9_0/libsrc/usbps_v2_4/src"
make -C ps7_cortexa9_0/libsrc/usbps_v2_4/src -s include  "SHELL=CMD" "COMPILER=arm-none-eabi-gcc" "ARCHIVER=arm-none-eabi-ar" "COMPILER_FLAGS=  -O2 -c" "EXTRA_COMPILER_FLAGS=-mcpu=cortex-a9 -mfpu=vfpv3 -mfloat-abi=hard -nostartfiles -g -Wall -Wextra"
"Running Make include in ps7_cortexa9_0/libsrc/xadcps_v2_3/src"
make -C ps7_cortexa9_0/libsrc/xadcps_v2_3/src -s include  "SHELL=CMD" "COMPILER=arm-none-eabi-gcc" "ARCHIVER=arm-none-eabi-ar" "COMPILER_FLAGS=  -O2 -c" "EXTRA_COMPILER_FLAGS=-mcpu=cortex-a9 -mfpu=vfpv3 -mfloat-abi=hard -nostartfiles -g -Wall -Wextra"
"Running Make libs in ps7_cortexa9_0/libsrc/coresightps_dcc_v1_4/src"
make -C ps7_cortexa9_0/libsrc/coresightps_dcc_v1_4/src -s libs  "SHELL=CMD" "COMPILER=arm-none-eabi-gcc" "ARCHIVER=arm-none-eabi-ar" "COMPILER_FLAGS=  -O2 -c" "EXTRA_COMPILER_FLAGS=-mcpu=cortex-a9 -mfpu=vfpv3 -mfloat-abi=hard -nostartfiles -g -Wall -Wextra"
"Compiling coresightps_dcc"
arm-none-eabi-ar: creating ../../../lib/libxil.a
"Running Make libs in ps7_cortexa9_0/libsrc/cpu_cortexa9_v2_7/src"
make -C ps7_cortexa9_0/libsrc/cpu_cortexa9_v2_7/src -s libs  "SHELL=CMD" "COMPILER=arm-none-eabi-gcc" "ARCHIVER=arm-none-eabi-ar" "COMPILER_FLAGS=  -O2 -c" "EXTRA_COMPILER_FLAGS=-mcpu=cortex-a9 -mfpu=vfpv3 -mfloat-abi=hard -nostartfiles -g -Wall -Wextra"
"Compiling cpu_cortexa9"
"Running Make libs in ps7_cortexa9_0/libsrc/ddrps_v1_0/src"
make -C ps7_cortexa9_0/libsrc/ddrps_v1_0/src -s libs  "SHELL=CMD" "COMPILER=arm-none-eabi-gcc" "ARCHIVER=arm-none-eabi-ar" "COMPILER_FLAGS=  -O2 -c" "EXTRA_COMPILER_FLAGS=-mcpu=cortex-a9 -mfpu=vfpv3 -mfloat-abi=hard -nostartfiles -g -Wall -Wextra"
"Compiling ddrps"
"Running Make libs in ps7_cortexa9_0/libsrc/devcfg_v3_5/src"
make -C ps7_cortexa9_0/libsrc/devcfg_v3_5/src -s libs  "SHELL=CMD" "COMPILER=arm-none-eabi-gcc" "ARCHIVER=arm-none-eabi-ar" "COMPILER_FLAGS=  -O2 -c" "EXTRA_COMPILER_FLAGS=-mcpu=cortex-a9 -mfpu=vfpv3 -mfloat-abi=hard -nostartfiles -g -Wall -Wextra"
"Compiling devcfg"
"Running Make libs in ps7_cortexa9_0/libsrc/dmaps_v2_4/src"
make -C ps7_cortexa9_0/libsrc/dmaps_v2_4/src -s libs  "SHELL=CMD" "COMPILER=arm-none-eabi-gcc" "ARCHIVER=arm-none-eabi-ar" "COMPILER_FLAGS=  -O2 -c" "EXTRA_COMPILER_FLAGS=-mcpu=cortex-a9 -mfpu=vfpv3 -mfloat-abi=hard -nostartfiles -g -Wall -Wextra"
"Compiling dmaps"
"Running Make libs in ps7_cortexa9_0/libsrc/emacps_v3_8/src"
make -C ps7_cortexa9_0/libsrc/emacps_v3_8/src -s libs  "SHELL=CMD" "COMPILER=arm-none-eabi-gcc" "ARCHIVER=arm-none-eabi-ar" "COMPILER_FLAGS=  -O2 -c" "EXTRA_COMPILER_FLAGS=-mcpu=cortex-a9 -mfpu=vfpv3 -mfloat-abi=hard -nostartfiles -g -Wall -Wextra"
"Compiling emacps"
"Running Make libs in ps7_cortexa9_0/libsrc/gpiops_v3_4/src"
make -C ps7_cortexa9_0/libsrc/gpiops_v3_4/src -s libs  "SHELL=CMD" "COMPILER=arm-none-eabi-gcc" "ARCHIVER=arm-none-eabi-ar" "COMPILER_FLAGS=  -O2 -c" "EXTRA_COMPILER_FLAGS=-mcpu=cortex-a9 -mfpu=vfpv3 -mfloat-abi=hard -nostartfiles -g -Wall -Wextra"
"Compiling gpiops"
"Running Make libs in ps7_cortexa9_0/libsrc/iic_v3_5/src"
make -C ps7_cortexa9_0/libsrc/iic_v3_5/src -s libs  "SHELL=CMD" "COMPILER=arm-none-eabi-gcc" "ARCHIVER=arm-none-eabi-ar" "COMPILER_FLAGS=  -O2 -c" "EXTRA_COMPILER_FLAGS=-mcpu=cortex-a9 -mfpu=vfpv3 -mfloat-abi=hard -nostartfiles -g -Wall -Wextra"
"Compiling iic"
"Running Make libs in ps7_cortexa9_0/libsrc/qspips_v3_5/src"
make -C ps7_cortexa9_0/libsrc/qspips_v3_5/src -s libs  "SHELL=CMD" "COMPILER=arm-none-eabi-gcc" "ARCHIVER=arm-none-eabi-ar" "COMPILER_FLAGS=  -O2 -c" "EXTRA_COMPILER_FLAGS=-mcpu=cortex-a9 -mfpu=vfpv3 -mfloat-abi=hard -nostartfiles -g -Wall -Wextra"
"Compiling qspips"
"Running Make libs in ps7_cortexa9_0/libsrc/scugic_v3_10/src"
make -C ps7_cortexa9_0/libsrc/scugic_v3_10/src -s libs  "SHELL=CMD" "COMPILER=arm-none-eabi-gcc" "ARCHIVER=arm-none-eabi-ar" "COMPILER_FLAGS=  -O2 -c" "EXTRA_COMPILER_FLAGS=-mcpu=cortex-a9 -mfpu=vfpv3 -mfloat-abi=hard -nostartfiles -g -Wall -Wextra"
"Compiling scugic"
"Running Make libs in ps7_cortexa9_0/libsrc/scutimer_v2_1/src"
make -C ps7_cortexa9_0/libsrc/scutimer_v2_1/src -s libs  "SHELL=CMD" "COMPILER=arm-none-eabi-gcc" "ARCHIVER=arm-none-eabi-ar" "COMPILER_FLAGS=  -O2 -c" "EXTRA_COMPILER_FLAGS=-mcpu=cortex-a9 -mfpu=vfpv3 -mfloat-abi=hard -nostartfiles -g -Wall -Wextra"
"Compiling scutimer"
"Running Make libs in ps7_cortexa9_0/libsrc/scuwdt_v2_1/src"
make -C ps7_cortexa9_0/libsrc/scuwdt_v2_1/src -s libs  "SHELL=CMD" "COMPILER=arm-none-eabi-gcc" "ARCHIVER=arm-none-eabi-ar" "COMPILER_FLAGS=  -O2 -c" "EXTRA_COMPILER_FLAGS=-mcpu=cortex-a9 -mfpu=vfpv3 -mfloat-abi=hard -nostartfiles -g -Wall -Wextra"
"Compiling scuwdt"
"Running Make libs in ps7_cortexa9_0/libsrc/sdps_v3_6/src"
make -C ps7_cortexa9_0/libsrc/sdps_v3_6/src -s libs  "SHELL=CMD" "COMPILER=arm-none-eabi-gcc" "ARCHIVER=arm-none-eabi-ar" "COMPILER_FLAGS=  -O2 -c" "EXTRA_COMPILER_FLAGS=-mcpu=cortex-a9 -mfpu=vfpv3 -mfloat-abi=hard -nostartfiles -g -Wall -Wextra"
"Compiling sdps"
"Running Make libs in ps7_cortexa9_0/libsrc/spips_v3_1/src"
make -C ps7_cortexa9_0/libsrc/spips_v3_1/src -s libs  "SHELL=CMD" "COMPILER=arm-none-eabi-gcc" "ARCHIVER=arm-none-eabi-ar" "COMPILER_FLAGS=  -O2 -c" "EXTRA_COMPILER_FLAGS=-mcpu=cortex-a9 -mfpu=vfpv3 -mfloat-abi=hard -nostartfiles -g -Wall -Wextra"
"Compiling spips"
"Running Make libs in ps7_cortexa9_0/libsrc/standalone_v6_8/src"
make -C ps7_cortexa9_0/libsrc/standalone_v6_8/src -s libs  "SHELL=CMD" "COMPILER=arm-none-eabi-gcc" "ARCHIVER=arm-none-eabi-ar" "COMPILER_FLAGS=  -O2 -c" "EXTRA_COMPILER_FLAGS=-mcpu=cortex-a9 -mfpu=vfpv3 -mfloat-abi=hard -nostartfiles -g -Wall -Wextra"
"Compiling standalone"
In file included from usleep.c:56:0:
xtime_l.h:87:9: note: #pragma message: For the sleep routines, Global timer is being used
 #pragma message ("For the sleep routines, Global timer is being used")
         ^~~~~~~
In file included from xil_sleeptimer.c:51:0:
xtime_l.h:87:9: note: #pragma message: For the sleep routines, Global timer is being used
 #pragma message ("For the sleep routines, Global timer is being used")
         ^~~~~~~
In file included from xtime_l.c:49:0:
xtime_l.h:87:9: note: #pragma message: For the sleep routines, Global timer is being used
 #pragma message ("For the sleep routines, Global timer is being used")
         ^~~~~~~
In file included from sleep.c:53:0:
xtime_l.h:87:9: note: #pragma message: For the sleep routines, Global timer is being used
 #pragma message ("For the sleep routines, Global timer is being used")
         ^~~~~~~
"Running Make libs in ps7_cortexa9_0/libsrc/uartps_v3_7/src"
make -C ps7_cortexa9_0/libsrc/uartps_v3_7/src -s libs  "SHELL=CMD" "COMPILER=arm-none-eabi-gcc" "ARCHIVER=arm-none-eabi-ar" "COMPILER_FLAGS=  -O2 -c" "EXTRA_COMPILER_FLAGS=-mcpu=cortex-a9 -mfpu=vfpv3 -mfloat-abi=hard -nostartfiles -g -Wall -Wextra"
"Compiling uartps"
"Running Make libs in ps7_cortexa9_0/libsrc/usbps_v2_4/src"
make -C ps7_cortexa9_0/libsrc/usbps_v2_4/src -s libs  "SHELL=CMD" "COMPILER=arm-none-eabi-gcc" "ARCHIVER=arm-none-eabi-ar" "COMPILER_FLAGS=  -O2 -c" "EXTRA_COMPILER_FLAGS=-mcpu=cortex-a9 -mfpu=vfpv3 -mfloat-abi=hard -nostartfiles -g -Wall -Wextra"
"Compiling usbps"
"Running Make libs in ps7_cortexa9_0/libsrc/xadcps_v2_3/src"
make -C ps7_cortexa9_0/libsrc/xadcps_v2_3/src -s libs  "SHELL=CMD" "COMPILER=arm-none-eabi-gcc" "ARCHIVER=arm-none-eabi-ar" "COMPILER_FLAGS=  -O2 -c" "EXTRA_COMPILER_FLAGS=-mcpu=cortex-a9 -mfpu=vfpv3 -mfloat-abi=hard -nostartfiles -g -Wall -Wextra"
"Compiling xadcps"
'Finished building libraries'

**** Build of configuration Debug for project AD9631 ****

Nothing to build for project AD9631
10:51:33 **** Auto Build of configuration Debug for project AD9631 ****
make pre-build main-build 
a9-linaro-pre-build-step
' '
'Building file: ../src/sw/platform_xilinx/adc_core.c'
'Invoking: ARM v7 gcc compiler'
arm-none-eabi-gcc -Wall -O0 -g3 -c -fmessage-length=0 -MT"src/sw/platform_xilinx/adc_core.o" -mcpu=cortex-a9 -mfpu=vfpv3 -mfloat-abi=hard -I../../AD9631_bsp/ps7_cortexa9_0/include -MMD -MP -MF"src/sw/platform_xilinx/adc_core.d" -MT"src/sw/platform_xilinx/adc_core.o" -o "src/sw/platform_xilinx/adc_core.o" "../src/sw/platform_xilinx/adc_core.c"
In file included from ../src/sw/platform_xilinx/adc_core.c:47:0:
../src/sw/platform_xilinx/adc_core.h:45:10: fatal error: ad9361.h: No such file or directory
 #include "ad9361.h"
          ^~~~~~~~~~
compilation terminated.
make: *** [src/sw/platform_xilinx/subdir.mk:26: src/sw/platform_xilinx/adc_core.o] Error 1
10:51:53 **** Clean-only build of configuration Debug for project AD9631 ****
make clean 
[...]
'Finished building: AD9631.elf.size'
' '
18:49:28 **** Incremental Build of configuration Debug for project AD9631 ****
make pre-build main-build 
a9-linaro-pre-build-step
' '
make: Nothing to be done for 'main-build'.
18:50:03 **** Incremental Build of configuration Debug for project AD9631 ****
make pre-build main-build 
a9-linaro-pre-build-step
' '
make: Nothing to be done for 'main-build'.
19:00:02 **** Auto Build of configuration Debug for project AD9631 ****
make pre-build main-build 
a9-linaro-pre-build-step
' '
'Building file: ../src/sw/platform_xilinx/dac_core.c'
'Invoking: ARM v7 gcc compiler'
arm-none-eabi-gcc -Wall -O0 -g3 -I"C:\Users\Admin\Desktop\hdl-hdl_2019_r1\projects\fmcomms2\zed\fmcomms2_zed.sdk\AD9631\src\sw" -I"C:\Users\Admin\Desktop\hdl-hdl_2019_r1\projects\fmcomms2\zed\fmcomms2_zed.sdk\AD9631\src\sw\console_commands" -I"C:\Users\Admin\Desktop\hdl-hdl_2019_r1\projects\fmcomms2\zed\fmcomms2_zed.sdk\AD9631\src\sw\platform_xilinx" -c -fmessage-length=0 -MT"src/sw/platform_xilinx/dac_core.o" -mcpu=cortex-a9 -mfpu=vfpv3 -mfloat-abi=hard -I../../AD9631_bsp/ps7_cortexa9_0/include -MMD -MP -MF"src/sw/platform_xilinx/dac_core.d" -MT"src/sw/platform_xilinx/dac_core.o" -o "src/sw/platform_xilinx/dac_core.o" "../src/sw/platform_xilinx/dac_core.c"
'Finished building: ../src/sw/platform_xilinx/dac_core.c'
' '
'Building target: AD9631.elf'
'Invoking: ARM v7 gcc linker'
arm-none-eabi-gcc -mcpu=cortex-a9 -mfpu=vfpv3 -mfloat-abi=hard -Wl,-build-id=none -specs=Xilinx.spec -Wl,-T -Wl,../src/lscript.ld -L../../AD9631_bsp/ps7_cortexa9_0/lib -o "AD9631.elf"  ./src/sw/platform_xilinx/adc_core.o ./src/sw/platform_xilinx/dac_core.o ./src/sw/platform_xilinx/platform.o  ./src/sw/console_commands/command.o ./src/sw/console_commands/console.o  ./src/sw/ad9361.o ./src/sw/ad9361_api.o ./src/sw/ad9361_conv.o ./src/sw/main.o ./src/sw/util.o   -Wl,--start-group,-lxil,-lgcc,-lc,--end-group
'Finished building target: AD9631.elf'
' '
'Invoking: ARM v7 Print Size'
arm-none-eabi-size AD9631.elf  |tee "AD9631.elf.size"
   text	   data	    bss	    dec	    hex	filename
 270492	   4916	  23760	 299168	  490a0	AD9631.elf
'Finished building: AD9631.elf.size'
' '
19:00:51 **** Incremental Build of configuration Debug for project AD9631 ****
make pre-build main-build 
a9-linaro-pre-build-step
' '
make: Nothing to be done for 'main-build'.
19:01:39 **** Incremental Build of configuration Debug for project AD9631 ****
make pre-build main-build 
a9-linaro-pre-build-step
' '
make: Nothing to be done for 'main-build'.
19:02:14 **** Incremental Build of configuration Debug for project AD9631 ****
make pre-build main-build 
a9-linaro-pre-build-step
' '
make: Nothing to be done for 'main-build'.
19:09:37 **** Auto Build of configuration Debug for project AD9631 ****
make pre-build main-build 
a9-linaro-pre-build-step
' '
'Building file: ../src/sw/main.c'
'Invoking: ARM v7 gcc compiler'
arm-none-eabi-gcc -Wall -O0 -g3 -I"C:\Users\Admin\Desktop\hdl-hdl_2019_r1\projects\fmcomms2\zed\fmcomms2_zed.sdk\AD9631\src\sw" -I"C:\Users\Admin\Desktop\hdl-hdl_2019_r1\projects\fmcomms2\zed\fmcomms2_zed.sdk\AD9631\src\sw\console_commands" -I"C:\Users\Admin\Desktop\hdl-hdl_2019_r1\projects\fmcomms2\zed\fmcomms2_zed.sdk\AD9631\src\sw\platform_xilinx" -c -fmessage-length=0 -MT"src/sw/main.o" -mcpu=cortex-a9 -mfpu=vfpv3 -mfloat-abi=hard -I../../AD9631_bsp/ps7_cortexa9_0/include -MMD -MP -MF"src/sw/main.d" -MT"src/sw/main.o" -o "src/sw/main.o" "../src/sw/main.c"
'Finished building: ../src/sw/main.c'
' '
'Building target: AD9631.elf'
'Invoking: ARM v7 gcc linker'
arm-none-eabi-gcc -mcpu=cortex-a9 -mfpu=vfpv3 -mfloat-abi=hard -Wl,-build-id=none -specs=Xilinx.spec -Wl,-T -Wl,../src/lscript.ld -L../../AD9631_bsp/ps7_cortexa9_0/lib -o "AD9631.elf"  ./src/sw/platform_xilinx/adc_core.o ./src/sw/platform_xilinx/dac_core.o ./src/sw/platform_xilinx/platform.o  ./src/sw/console_commands/command.o ./src/sw/console_commands/console.o  ./src/sw/ad9361.o ./src/sw/ad9361_api.o ./src/sw/ad9361_conv.o ./src/sw/main.o ./src/sw/util.o   -Wl,--start-group,-lxil,-lgcc,-lc,--end-group
'Finished building target: AD9631.elf'
' '
'Invoking: ARM v7 Print Size'
arm-none-eabi-size AD9631.elf  |tee "AD9631.elf.size"
   text	   data	    bss	    dec	    hex	filename
 270492	   4916	  23760	 299168	  490a0	AD9631.elf
'Finished building: AD9631.elf.size'
' '
19:09:45 **** Incremental Build of configuration Debug for project AD9631 ****
make pre-build main-build 
a9-linaro-pre-build-step
' '
make: Nothing to be done for 'main-build'.
19:10:19 **** Incremental Build of configuration Debug for project AD9631 ****
make pre-build main-build 
a9-linaro-pre-build-step
' '
make: Nothing to be done for 'main-build'.
19:10:30 **** Incremental Build of configuration Debug for project AD9631 ****
make pre-build main-build 
a9-linaro-pre-build-step
' '
make: Nothing to be done for 'main-build'.
19:11:07 **** Auto Build of configuration Debug for project AD9631 ****
make pre-build main-build 
a9-linaro-pre-build-step
' '
'Building file: ../src/sw/platform_xilinx/dac_core.c'
'Invoking: ARM v7 gcc compiler'
arm-none-eabi-gcc -Wall -O0 -g3 -I"C:\Users\Admin\Desktop\hdl-hdl_2019_r1\projects\fmcomms2\zed\fmcomms2_zed.sdk\AD9631\src\sw" -I"C:\Users\Admin\Desktop\hdl-hdl_2019_r1\projects\fmcomms2\zed\fmcomms2_zed.sdk\AD9631\src\sw\console_commands" -I"C:\Users\Admin\Desktop\hdl-hdl_2019_r1\projects\fmcomms2\zed\fmcomms2_zed.sdk\AD9631\src\sw\platform_xilinx" -c -fmessage-length=0 -MT"src/sw/platform_xilinx/dac_core.o" -mcpu=cortex-a9 -mfpu=vfpv3 -mfloat-abi=hard -I../../AD9631_bsp/ps7_cortexa9_0/include -MMD -MP -MF"src/sw/platform_xilinx/dac_core.d" -MT"src/sw/platform_xilinx/dac_core.o" -o "src/sw/platform_xilinx/dac_core.o" "../src/sw/platform_xilinx/dac_core.c"
'Finished building: ../src/sw/platform_xilinx/dac_core.c'
' '
'Building target: AD9631.elf'
'Invoking: ARM v7 gcc linker'
arm-none-eabi-gcc -mcpu=cortex-a9 -mfpu=vfpv3 -mfloat-abi=hard -Wl,-build-id=none -specs=Xilinx.spec -Wl,-T -Wl,../src/lscript.ld -L../../AD9631_bsp/ps7_cortexa9_0/lib -o "AD9631.elf"  ./src/sw/platform_xilinx/adc_core.o ./src/sw/platform_xilinx/dac_core.o ./src/sw/platform_xilinx/platform.o  ./src/sw/console_commands/command.o ./src/sw/console_commands/console.o  ./src/sw/ad9361.o ./src/sw/ad9361_api.o ./src/sw/ad9361_conv.o ./src/sw/main.o ./src/sw/util.o   -Wl,--start-group,-lxil,-lgcc,-lc,--end-group
'Finished building target: AD9631.elf'
' '
'Invoking: ARM v7 Print Size'
arm-none-eabi-size AD9631.elf  |tee "AD9631.elf.size"
   text	   data	    bss	    dec	    hex	filename
 270492	   4916	  23760	 299168	  490a0	AD9631.elf
'Finished building: AD9631.elf.size'
' '
19:11:10 **** Incremental Build of configuration Debug for project AD9631 ****
make pre-build main-build 
a9-linaro-pre-build-step
' '
make: Nothing to be done for 'main-build'.
19:11:32 **** Incremental Build of configuration Debug for project AD9631 ****
make pre-build main-build 
a9-linaro-pre-build-step
' '
make: Nothing to be done for 'main-build'.
19:11:59 **** Incremental Build of configuration Debug for project AD9631 ****
make pre-build main-build 
a9-linaro-pre-build-step
' '
make: Nothing to be done for 'main-build'.
19:12:29 **** Incremental Build of configuration Debug for project AD9631 ****
make pre-build main-build 
a9-linaro-pre-build-step
' '
make: Nothing to be done for 'main-build'.
19:15:23 **** Auto Build of configuration Debug for project AD9631 ****
make pre-build main-build 
a9-linaro-pre-build-step
' '
'Building file: ../src/sw/platform_xilinx/dac_core.c'
'Invoking: ARM v7 gcc compiler'
arm-none-eabi-gcc -Wall -O0 -g3 -I"C:\Users\Admin\Desktop\hdl-hdl_2019_r1\projects\fmcomms2\zed\fmcomms2_zed.sdk\AD9631\src\sw" -I"C:\Users\Admin\Desktop\hdl-hdl_2019_r1\projects\fmcomms2\zed\fmcomms2_zed.sdk\AD9631\src\sw\console_commands" -I"C:\Users\Admin\Desktop\hdl-hdl_2019_r1\projects\fmcomms2\zed\fmcomms2_zed.sdk\AD9631\src\sw\platform_xilinx" -c -fmessage-length=0 -MT"src/sw/platform_xilinx/dac_core.o" -mcpu=cortex-a9 -mfpu=vfpv3 -mfloat-abi=hard -I../../AD9631_bsp/ps7_cortexa9_0/include -MMD -MP -MF"src/sw/platform_xilinx/dac_core.d" -MT"src/sw/platform_xilinx/dac_core.o" -o "src/sw/platform_xilinx/dac_core.o" "../src/sw/platform_xilinx/dac_core.c"
'Finished building: ../src/sw/platform_xilinx/dac_core.c'
' '
'Building target: AD9631.elf'
'Invoking: ARM v7 gcc linker'
arm-none-eabi-gcc -mcpu=cortex-a9 -mfpu=vfpv3 -mfloat-abi=hard -Wl,-build-id=none -specs=Xilinx.spec -Wl,-T -Wl,../src/lscript.ld -L../../AD9631_bsp/ps7_cortexa9_0/lib -o "AD9631.elf"  ./src/sw/platform_xilinx/adc_core.o ./src/sw/platform_xilinx/dac_core.o ./src/sw/platform_xilinx/platform.o  ./src/sw/console_commands/command.o ./src/sw/console_commands/console.o  ./src/sw/ad9361.o ./src/sw/ad9361_api.o ./src/sw/ad9361_conv.o ./src/sw/main.o ./src/sw/util.o   -Wl,--start-group,-lxil,-lgcc,-lc,--end-group
'Finished building target: AD9631.elf'
' '
'Invoking: ARM v7 Print Size'
arm-none-eabi-size AD9631.elf  |tee "AD9631.elf.size"
   text	   data	    bss	    dec	    hex	filename
 270492	   4916	  23760	 299168	  490a0	AD9631.elf
'Finished building: AD9631.elf.size'
' '
19:15:34 **** Incremental Build of configuration Debug for project AD9631 ****
make pre-build main-build 
a9-linaro-pre-build-step
' '
make: Nothing to be done for 'main-build'.
19:16:14 **** Incremental Build of configuration Debug for project AD9631 ****
make pre-build main-build 
a9-linaro-pre-build-step
' '
make: Nothing to be done for 'main-build'.
16:31:00 **** Incremental Build of configuration Debug for project AD9631 ****
make pre-build main-build 
a9-linaro-pre-build-step
' '
'Building file: ../src/sw/platform_xilinx/adc_core.c'
'Invoking: ARM v7 gcc compiler'
arm-none-eabi-gcc -Wall -O0 -g3 -I"C:\Users\Administer\Desktop\zed\fmcomms2_zed.sdk\AD9631\src\sw" -I"C:\Users\Administer\Desktop\zed\fmcomms2_zed.sdk\AD9631\src\sw\console_commands" -I"C:\Users\Administer\Desktop\zed\fmcomms2_zed.sdk\AD9631\src\sw\platform_xilinx" -c -fmessage-length=0 -MT"src/sw/platform_xilinx/adc_core.o" -mcpu=cortex-a9 -mfpu=vfpv3 -mfloat-abi=hard -I../../AD9631_bsp/ps7_cortexa9_0/include -MMD -MP -MF"src/sw/platform_xilinx/adc_core.d" -MT"src/sw/platform_xilinx/adc_core.o" -o "src/sw/platform_xilinx/adc_core.o" "../src/sw/platform_xilinx/adc_core.c"
'Finished building: ../src/sw/platform_xilinx/adc_core.c'
' '
'Building file: ../src/sw/platform_xilinx/dac_core.c'
'Invoking: ARM v7 gcc compiler'
arm-none-eabi-gcc -Wall -O0 -g3 -I"C:\Users\Administer\Desktop\zed\fmcomms2_zed.sdk\AD9631\src\sw" -I"C:\Users\Administer\Desktop\zed\fmcomms2_zed.sdk\AD9631\src\sw\console_commands" -I"C:\Users\Administer\Desktop\zed\fmcomms2_zed.sdk\AD9631\src\sw\platform_xilinx" -c -fmessage-length=0 -MT"src/sw/platform_xilinx/dac_core.o" -mcpu=cortex-a9 -mfpu=vfpv3 -mfloat-abi=hard -I../../AD9631_bsp/ps7_cortexa9_0/include -MMD -MP -MF"src/sw/platform_xilinx/dac_core.d" -MT"src/sw/platform_xilinx/dac_core.o" -o "src/sw/platform_xilinx/dac_core.o" "../src/sw/platform_xilinx/dac_core.c"
'Finished building: ../src/sw/platform_xilinx/dac_core.c'
' '
'Building file: ../src/sw/platform_xilinx/platform.c'
'Invoking: ARM v7 gcc compiler'
arm-none-eabi-gcc -Wall -O0 -g3 -I"C:\Users\Administer\Desktop\zed\fmcomms2_zed.sdk\AD9631\src\sw" -I"C:\Users\Administer\Desktop\zed\fmcomms2_zed.sdk\AD9631\src\sw\console_commands" -I"C:\Users\Administer\Desktop\zed\fmcomms2_zed.sdk\AD9631\src\sw\platform_xilinx" -c -fmessage-length=0 -MT"src/sw/platform_xilinx/platform.o" -mcpu=cortex-a9 -mfpu=vfpv3 -mfloat-abi=hard -I../../AD9631_bsp/ps7_cortexa9_0/include -MMD -MP -MF"src/sw/platform_xilinx/platform.d" -MT"src/sw/platform_xilinx/platform.o" -o "src/sw/platform_xilinx/platform.o" "../src/sw/platform_xilinx/platform.c"
'Finished building: ../src/sw/platform_xilinx/platform.c'
' '
'Building file: ../src/sw/console_commands/command.c'
'Invoking: ARM v7 gcc compiler'
arm-none-eabi-gcc -Wall -O0 -g3 -I"C:\Users\Administer\Desktop\zed\fmcomms2_zed.sdk\AD9631\src\sw" -I"C:\Users\Administer\Desktop\zed\fmcomms2_zed.sdk\AD9631\src\sw\console_commands" -I"C:\Users\Administer\Desktop\zed\fmcomms2_zed.sdk\AD9631\src\sw\platform_xilinx" -c -fmessage-length=0 -MT"src/sw/console_commands/command.o" -mcpu=cortex-a9 -mfpu=vfpv3 -mfloat-abi=hard -I../../AD9631_bsp/ps7_cortexa9_0/include -MMD -MP -MF"src/sw/console_commands/command.d" -MT"src/sw/console_commands/command.o" -o "src/sw/console_commands/command.o" "../src/sw/console_commands/command.c"
'Finished building: ../src/sw/console_commands/command.c'
' '
'Building file: ../src/sw/ad9361.c'
'Invoking: ARM v7 gcc compiler'
arm-none-eabi-gcc -Wall -O0 -g3 -I"C:\Users\Administer\Desktop\zed\fmcomms2_zed.sdk\AD9631\src\sw" -I"C:\Users\Administer\Desktop\zed\fmcomms2_zed.sdk\AD9631\src\sw\console_commands" -I"C:\Users\Administer\Desktop\zed\fmcomms2_zed.sdk\AD9631\src\sw\platform_xilinx" -c -fmessage-length=0 -MT"src/sw/ad9361.o" -mcpu=cortex-a9 -mfpu=vfpv3 -mfloat-abi=hard -I../../AD9631_bsp/ps7_cortexa9_0/include -MMD -MP -MF"src/sw/ad9361.d" -MT"src/sw/ad9361.o" -o "src/sw/ad9361.o" "../src/sw/ad9361.c"
In file included from C:\Users\Administer\Desktop\zed\fmcomms2_zed.sdk\AD9631\src\sw\platform_xilinx/platform.h:46:0,
                 from ../src/sw/ad9361.c:49:
../src/sw/ad9361.c: In function 'ad9361_load_gt':
../src/sw/ad9361.c:1413:26: warning: format '%d' expects argument of type 'int', but argument 4 has type 'uint32_t {aka long unsigned int}' [-Wformat=]
  dev_dbg(&phy->spi->dev, "%s: frequency %"PRIu64" (band %d)",
                          ^
C:\Users\Administer\Desktop\zed\fmcomms2_zed.sdk\AD9631\src\sw/util.h:77:52: note: in definition of macro 'dev_dbg'
 #define dev_dbg(dev, format, ...) ({ if (0) printf(format, ## __VA_ARGS__); })
                                                    ^~~~~~
../src/sw/ad9361.c: In function 'set_split_table_gain':
../src/sw/ad9361.c:2115:16: warning: format '%d' expects argument of type 'int', but argument 2 has type 'int32_t {aka long int}' [-Wformat=]
   dev_err(dev, "Invalid gain %d, supported range [%d - %d]\n",
                ^
    rx_gain->gain_db, phy->gt_info[ad9361_gt(phy)].
    ~~~~~~~~~~   
C:\Users\Administer\Desktop\zed\fmcomms2_zed.sdk\AD9631\src\sw/util.h:72:45: note: in definition of macro 'dev_err'
 #define dev_err(dev, format, ...)  ({printf(format, ## __VA_ARGS__);printf("\n"); })
                                             ^~~~~~
../src/sw/ad9361.c: In function 'set_full_table_gain':
../src/sw/ad9361.c:2159:16: warning: format '%d' expects argument of type 'int', but argument 2 has type 'int32_t {aka long int}' [-Wformat=]
   dev_err(dev, "Invalid gain %d, supported range [%d - %d]\n",
                ^
    rx_gain->gain_db, phy->gt_info[ad9361_gt(phy)].
    ~~~~~~~~~~   
C:\Users\Administer\Desktop\zed\fmcomms2_zed.sdk\AD9631\src\sw/util.h:72:45: note: in definition of macro 'dev_err'
 #define dev_err(dev, format, ...)  ({printf(format, ## __VA_ARGS__);printf("\n"); })
                                             ^~~~~~
'Finished building: ../src/sw/ad9361.c'
' '
'Building file: ../src/sw/ad9361_api.c'
'Invoking: ARM v7 gcc compiler'
arm-none-eabi-gcc -Wall -O0 -g3 -I"C:\Users\Administer\Desktop\zed\fmcomms2_zed.sdk\AD9631\src\sw" -I"C:\Users\Administer\Desktop\zed\fmcomms2_zed.sdk\AD9631\src\sw\console_commands" -I"C:\Users\Administer\Desktop\zed\fmcomms2_zed.sdk\AD9631\src\sw\platform_xilinx" -c -fmessage-length=0 -MT"src/sw/ad9361_api.o" -mcpu=cortex-a9 -mfpu=vfpv3 -mfloat-abi=hard -I../../AD9631_bsp/ps7_cortexa9_0/include -MMD -MP -MF"src/sw/ad9361_api.d" -MT"src/sw/ad9361_api.o" -o "src/sw/ad9361_api.o" "../src/sw/ad9361_api.c"
'Finished building: ../src/sw/ad9361_api.c'
' '
'Building file: ../src/sw/ad9361_conv.c'
'Invoking: ARM v7 gcc compiler'
arm-none-eabi-gcc -Wall -O0 -g3 -I"C:\Users\Administer\Desktop\zed\fmcomms2_zed.sdk\AD9631\src\sw" -I"C:\Users\Administer\Desktop\zed\fmcomms2_zed.sdk\AD9631\src\sw\console_commands" -I"C:\Users\Administer\Desktop\zed\fmcomms2_zed.sdk\AD9631\src\sw\platform_xilinx" -c -fmessage-length=0 -MT"src/sw/ad9361_conv.o" -mcpu=cortex-a9 -mfpu=vfpv3 -mfloat-abi=hard -I../../AD9631_bsp/ps7_cortexa9_0/include -MMD -MP -MF"src/sw/ad9361_conv.d" -MT"src/sw/ad9361_conv.o" -o "src/sw/ad9361_conv.o" "../src/sw/ad9361_conv.c"
In file included from C:\Users\Administer\Desktop\zed\fmcomms2_zed.sdk\AD9631\src\sw\platform_xilinx/platform.h:46:0,
                 from ../src/sw/ad9361_conv.c:46:
../src/sw/ad9361_conv.c: In function 'ad9361_dig_tune':
../src/sw/ad9361_conv.c:514:26: warning: format '%u' expects argument of type 'unsigned int', but argument 3 has type 'uint32_t {aka long unsigned int}' [-Wformat=]
  dev_dbg(&phy->spi->dev, "%s: freq %u flags 0x%X\n", __func__,
                          ^
C:\Users\Administer\Desktop\zed\fmcomms2_zed.sdk\AD9631\src\sw/util.h:77:52: note: in definition of macro 'dev_dbg'
 #define dev_dbg(dev, format, ...) ({ if (0) printf(format, ## __VA_ARGS__); })
                                                    ^~~~~~
'Finished building: ../src/sw/ad9361_conv.c'
' '
'Building file: ../src/sw/main.c'
'Invoking: ARM v7 gcc compiler'
arm-none-eabi-gcc -Wall -O0 -g3 -I"C:\Users\Administer\Desktop\zed\fmcomms2_zed.sdk\AD9631\src\sw" -I"C:\Users\Administer\Desktop\zed\fmcomms2_zed.sdk\AD9631\src\sw\console_commands" -I"C:\Users\Administer\Desktop\zed\fmcomms2_zed.sdk\AD9631\src\sw\platform_xilinx" -c -fmessage-length=0 -MT"src/sw/main.o" -mcpu=cortex-a9 -mfpu=vfpv3 -mfloat-abi=hard -I../../AD9631_bsp/ps7_cortexa9_0/include -MMD -MP -MF"src/sw/main.d" -MT"src/sw/main.o" -o "src/sw/main.o" "../src/sw/main.c"
'Finished building: ../src/sw/main.c'
' '
'Building file: ../src/sw/util.c'
'Invoking: ARM v7 gcc compiler'
arm-none-eabi-gcc -Wall -O0 -g3 -I"C:\Users\Administer\Desktop\zed\fmcomms2_zed.sdk\AD9631\src\sw" -I"C:\Users\Administer\Desktop\zed\fmcomms2_zed.sdk\AD9631\src\sw\console_commands" -I"C:\Users\Administer\Desktop\zed\fmcomms2_zed.sdk\AD9631\src\sw\platform_xilinx" -c -fmessage-length=0 -MT"src/sw/util.o" -mcpu=cortex-a9 -mfpu=vfpv3 -mfloat-abi=hard -I../../AD9631_bsp/ps7_cortexa9_0/include -MMD -MP -MF"src/sw/util.d" -MT"src/sw/util.o" -o "src/sw/util.o" "../src/sw/util.c"
'Finished building: ../src/sw/util.c'
' '
'Building target: AD9631.elf'
'Invoking: ARM v7 gcc linker'
arm-none-eabi-gcc -mcpu=cortex-a9 -mfpu=vfpv3 -mfloat-abi=hard -Wl,-build-id=none -specs=Xilinx.spec -Wl,-T -Wl,../src/lscript.ld -L../../AD9631_bsp/ps7_cortexa9_0/lib -o "AD9631.elf"  ./src/sw/platform_xilinx/adc_core.o ./src/sw/platform_xilinx/dac_core.o ./src/sw/platform_xilinx/platform.o  ./src/sw/console_commands/command.o ./src/sw/console_commands/console.o  ./src/sw/ad9361.o ./src/sw/ad9361_api.o ./src/sw/ad9361_conv.o ./src/sw/main.o ./src/sw/util.o   -Wl,--start-group,-lxil,-lgcc,-lc,--end-group
'Finished building target: AD9631.elf'
' '
'Invoking: ARM v7 Print Size'
arm-none-eabi-size AD9631.elf  |tee "AD9631.elf.size"
   text	   data	    bss	    dec	    hex	filename
 270492	   4916	  23760	 299168	  490a0	AD9631.elf
'Finished building: AD9631.elf.size'
' '
16:31:31 **** Incremental Build of configuration Debug for project AD9631 ****
make pre-build main-build 
a9-linaro-pre-build-step
' '
make: Nothing to be done for 'main-build'.
16:31:49 **** Incremental Build of configuration Debug for project AD9631 ****
make pre-build main-build 
a9-linaro-pre-build-step
' '
make: Nothing to be done for 'main-build'.
16:31:50 **** Incremental Build of configuration Debug for project AD9631 ****
make pre-build main-build 
a9-linaro-pre-build-step
' '
make: Nothing to be done for 'main-build'.
16:32:01 **** Incremental Build of configuration Debug for project AD9631 ****
make pre-build main-build 
a9-linaro-pre-build-step
' '
make: Nothing to be done for 'main-build'.
16:32:29 **** Incremental Build of configuration Debug for project AD9631 ****
make pre-build main-build 
a9-linaro-pre-build-step
' '
make: Nothing to be done for 'main-build'.
